{
    "-profile test": {
        "content": [
            0,
            {
                "Workflow": {
                    "nf-core/hadge": "v1.0.0dev"
                }
            },
            [
                "pipeline_info",
                "pipeline_info/nf_core_hadge_software_mqc_versions.yml"
            ],
            [
                
            ]
        ],
        "meta": {
            "nf-test": "0.9.2",
            "nextflow": "25.04.2"
        },
        "timestamp": "2025-07-03T05:29:18.44095977"
    }
}