{
    "-profile test": {
        "content": [
            79,
            {
                "BFF": {
                    "r-base": "4.3.3",
                    "r-seurat": "4.3.0.1",
                    "cellhashR": "1.0.3"
                },
                "CELLSNP_MODEA": {
                    "cellsnp": "1.2.3"
                },
                "DONOR_MATCH": {
                    "r-base": "4.5.1",
                    "r-complexupset": "1.3.3",
                    "r-data.table": "1.17.8",
                    "r-pheatmap": "1.0.13",
                    "r-tidyverse": "2.0.0",
                    "r-vcfr": "1.15.0"
                },
                "GENE_SUMMARY": {
                    "mudata": "0.3.1",
                    "numpy": "1.24.2",
                    "pandas": "2.3.1",
                    "pegasusio": "0.10.0",
                    "python": "3.11.14",
                    "scanpy": "1.11.2",
                    "yaml": "6.0.3"
                },
                "GMMDEMUX": {
                    "GMM-Demux": "0.2.2.3"
                },
                "HASHEDDROPS": {
                    "r-base": "4.4.3",
                    "r-seurat": "5.3.0",
                    "dropletutils": "1.26.0"
                },
                "HASHSOLO": {
                    "matplotlib": "3.10.5",
                    "pandas": "2.3.1",
                    "python": "3.12.11",
                    "scanpy": "1.11.2"
                },
                "HASH_SUMMARY": {
                    "mudata": "0.3.1",
                    "numpy": "1.24.2",
                    "pandas": "2.3.1",
                    "pegasusio": "0.10.0",
                    "python": "3.11.14",
                    "scanpy": "1.11.2",
                    "yaml": "6.0.3"
                },
                "HTODEMUX_VISUALIZATION": {
                    "r-base": "4.4.3",
                    "r-seurat": "5.3.0",
                    "r-ggplot2": "3.5.2"
                },
                "JOIN_RESULTS": {
                    "csvtk": "0.31.0"
                },
                "MULTISEQDEMUX": {
                    "r-base": "4.4.3",
                    "r-seurat": "5.3.0"
                },
                "POPSCLE_DEMUXLET": {
                    "popscle demuxlet": 0.1
                },
                "POPSCLE_DSCPILEUP": {
                    "popscle dsc-pileup": 0.1
                },
                "POPSCLE_FREEMUXLET": {
                    "popscle": 0.1
                },
                "PREPROCESSING_FOR_HTODEMUX_MULTISEQ": {
                    "r-base": "4.4.3",
                    "seurat": "5.3.0"
                },
                "SAMTOOLS_INDEX": {
                    "samtools": 1.21
                },
                "SAMTOOLS_SORT": {
                    "samtools": 1.21
                },
                "SAMTOOLS_VIEW": {
                    "samtools": 1.21
                },
                "SOUPORCELL": {
                    "souporcell": 2.5,
                    "gxx": "9.5.0"
                },
                "UMITOOLS_DEDUP": {
                    "umitools": "1.1.5"
                },
                "UNTAR_HTO": {
                    "untar": 1.34
                },
                "UNTAR_RNA": {
                    "untar": 1.34
                },
                "VIREO": {
                    "vireo": "v0.5.8"
                },
                "Workflow": {
                    "nf-core/hadge": "v1.0.0dev"
                }
            },
            [
                "bff",
                "bff/test1_assignment_bff.csv",
                "bff/test1_metrics_bff.csv",
                "bff/test1_params_bff.csv",
                "bff/test2_assignment_bff.csv",
                "bff/test2_metrics_bff.csv",
                "bff/test2_params_bff.csv",
                "bff/test3_assignment_bff.csv",
                "bff/test3_metrics_bff.csv",
                "bff/test3_params_bff.csv",
                "donor_match",
                "donor_match/test1",
                "donor_match/test1/freemuxlet_vs_bff_consensuscall",
                "donor_match/test1/freemuxlet_vs_bff_consensuscall/test1_freemuxlet_vs_bff_consensuscall_all_assignment_after_match.csv",
                "donor_match/test1/freemuxlet_vs_bff_consensuscall/test1_freemuxlet_vs_bff_consensuscall_concordance_heatmap.png",
                "donor_match/test1/freemuxlet_vs_bff_consensuscall/test1_freemuxlet_vs_bff_consensuscall_correlation_res.csv",
                "donor_match/test1/freemuxlet_vs_bff_consensuscall/test1_freemuxlet_vs_bff_consensuscall_donor_match.csv",
                "donor_match/test1/freemuxlet_vs_bff_consensuscall/test1_freemuxlet_vs_bff_consensuscall_intersect_assignment_after_match.csv",
                "donor_match/test1/freemuxlet_vs_bff_raw",
                "donor_match/test1/freemuxlet_vs_bff_raw/test1_freemuxlet_vs_bff_raw_all_assignment_after_match.csv",
                "donor_match/test1/freemuxlet_vs_bff_raw/test1_freemuxlet_vs_bff_raw_concordance_heatmap.png",
                "donor_match/test1/freemuxlet_vs_bff_raw/test1_freemuxlet_vs_bff_raw_correlation_res.csv",
                "donor_match/test1/freemuxlet_vs_bff_raw/test1_freemuxlet_vs_bff_raw_donor_match.csv",
                "donor_match/test1/freemuxlet_vs_bff_raw/test1_freemuxlet_vs_bff_raw_intersect_assignment_after_match.csv",
                "donor_match/test1/freemuxlet_vs_gmmdemux",
                "donor_match/test1/freemuxlet_vs_gmmdemux/test1_freemuxlet_vs_gmmdemux_all_assignment_after_match.csv",
                "donor_match/test1/freemuxlet_vs_gmmdemux/test1_freemuxlet_vs_gmmdemux_concordance_heatmap.png",
                "donor_match/test1/freemuxlet_vs_gmmdemux/test1_freemuxlet_vs_gmmdemux_correlation_res.csv",
                "donor_match/test1/freemuxlet_vs_gmmdemux/test1_freemuxlet_vs_gmmdemux_donor_match.csv",
                "donor_match/test1/freemuxlet_vs_gmmdemux/test1_freemuxlet_vs_gmmdemux_intersect_assignment_after_match.csv",
                "donor_match/test1/freemuxlet_vs_hasheddrops",
                "donor_match/test1/freemuxlet_vs_hasheddrops/test1_freemuxlet_vs_hasheddrops_all_assignment_after_match.csv",
                "donor_match/test1/freemuxlet_vs_hasheddrops/test1_freemuxlet_vs_hasheddrops_concordance_heatmap.png",
                "donor_match/test1/freemuxlet_vs_hasheddrops/test1_freemuxlet_vs_hasheddrops_correlation_res.csv",
                "donor_match/test1/freemuxlet_vs_hasheddrops/test1_freemuxlet_vs_hasheddrops_donor_match.csv",
                "donor_match/test1/freemuxlet_vs_hasheddrops/test1_freemuxlet_vs_hasheddrops_intersect_assignment_after_match.csv",
                "donor_match/test1/freemuxlet_vs_hashsolo",
                "donor_match/test1/freemuxlet_vs_hashsolo/test1_freemuxlet_vs_hashsolo_all_assignment_after_match.csv",
                "donor_match/test1/freemuxlet_vs_hashsolo/test1_freemuxlet_vs_hashsolo_concordance_heatmap.png",
                "donor_match/test1/freemuxlet_vs_hashsolo/test1_freemuxlet_vs_hashsolo_correlation_res.csv",
                "donor_match/test1/freemuxlet_vs_hashsolo/test1_freemuxlet_vs_hashsolo_donor_match.csv",
                "donor_match/test1/freemuxlet_vs_hashsolo/test1_freemuxlet_vs_hashsolo_intersect_assignment_after_match.csv",
                "donor_match/test1/freemuxlet_vs_htodemux",
                "donor_match/test1/freemuxlet_vs_htodemux/test1_freemuxlet_vs_htodemux_all_assignment_after_match.csv",
                "donor_match/test1/freemuxlet_vs_htodemux/test1_freemuxlet_vs_htodemux_concordance_heatmap.png",
                "donor_match/test1/freemuxlet_vs_htodemux/test1_freemuxlet_vs_htodemux_correlation_res.csv",
                "donor_match/test1/freemuxlet_vs_htodemux/test1_freemuxlet_vs_htodemux_donor_match.csv",
                "donor_match/test1/freemuxlet_vs_htodemux/test1_freemuxlet_vs_htodemux_intersect_assignment_after_match.csv",
                "donor_match/test1/freemuxlet_vs_multiseq",
                "donor_match/test1/freemuxlet_vs_multiseq/test1_freemuxlet_vs_multiseq_all_assignment_after_match.csv",
                "donor_match/test1/freemuxlet_vs_multiseq/test1_freemuxlet_vs_multiseq_concordance_heatmap.png",
                "donor_match/test1/freemuxlet_vs_multiseq/test1_freemuxlet_vs_multiseq_correlation_res.csv",
                "donor_match/test1/freemuxlet_vs_multiseq/test1_freemuxlet_vs_multiseq_donor_match.csv",
                "donor_match/test1/freemuxlet_vs_multiseq/test1_freemuxlet_vs_multiseq_intersect_assignment_after_match.csv",
                "donor_match/test1/souporcell_vs_bff_consensuscall",
                "donor_match/test1/souporcell_vs_bff_consensuscall/test1_souporcell_vs_bff_consensuscall_all_assignment_after_match.csv",
                "donor_match/test1/souporcell_vs_bff_consensuscall/test1_souporcell_vs_bff_consensuscall_concordance_heatmap.png",
                "donor_match/test1/souporcell_vs_bff_consensuscall/test1_souporcell_vs_bff_consensuscall_correlation_res.csv",
                "donor_match/test1/souporcell_vs_bff_consensuscall/test1_souporcell_vs_bff_consensuscall_donor_match.csv",
                "donor_match/test1/souporcell_vs_bff_consensuscall/test1_souporcell_vs_bff_consensuscall_intersect_assignment_after_match.csv",
                "donor_match/test1/souporcell_vs_bff_raw",
                "donor_match/test1/souporcell_vs_bff_raw/test1_souporcell_vs_bff_raw_all_assignment_after_match.csv",
                "donor_match/test1/souporcell_vs_bff_raw/test1_souporcell_vs_bff_raw_concordance_heatmap.png",
                "donor_match/test1/souporcell_vs_bff_raw/test1_souporcell_vs_bff_raw_correlation_res.csv",
                "donor_match/test1/souporcell_vs_bff_raw/test1_souporcell_vs_bff_raw_donor_match.csv",
                "donor_match/test1/souporcell_vs_bff_raw/test1_souporcell_vs_bff_raw_intersect_assignment_after_match.csv",
                "donor_match/test1/souporcell_vs_gmmdemux",
                "donor_match/test1/souporcell_vs_gmmdemux/test1_souporcell_vs_gmmdemux_all_assignment_after_match.csv",
                "donor_match/test1/souporcell_vs_gmmdemux/test1_souporcell_vs_gmmdemux_concordance_heatmap.png",
                "donor_match/test1/souporcell_vs_gmmdemux/test1_souporcell_vs_gmmdemux_correlation_res.csv",
                "donor_match/test1/souporcell_vs_gmmdemux/test1_souporcell_vs_gmmdemux_donor_match.csv",
                "donor_match/test1/souporcell_vs_gmmdemux/test1_souporcell_vs_gmmdemux_intersect_assignment_after_match.csv",
                "donor_match/test1/souporcell_vs_hasheddrops",
                "donor_match/test1/souporcell_vs_hasheddrops/test1_souporcell_vs_hasheddrops_all_assignment_after_match.csv",
                "donor_match/test1/souporcell_vs_hasheddrops/test1_souporcell_vs_hasheddrops_concordance_heatmap.png",
                "donor_match/test1/souporcell_vs_hasheddrops/test1_souporcell_vs_hasheddrops_correlation_res.csv",
                "donor_match/test1/souporcell_vs_hasheddrops/test1_souporcell_vs_hasheddrops_donor_match.csv",
                "donor_match/test1/souporcell_vs_hasheddrops/test1_souporcell_vs_hasheddrops_intersect_assignment_after_match.csv",
                "donor_match/test1/souporcell_vs_hashsolo",
                "donor_match/test1/souporcell_vs_hashsolo/test1_souporcell_vs_hashsolo_all_assignment_after_match.csv",
                "donor_match/test1/souporcell_vs_hashsolo/test1_souporcell_vs_hashsolo_concordance_heatmap.png",
                "donor_match/test1/souporcell_vs_hashsolo/test1_souporcell_vs_hashsolo_correlation_res.csv",
                "donor_match/test1/souporcell_vs_hashsolo/test1_souporcell_vs_hashsolo_donor_match.csv",
                "donor_match/test1/souporcell_vs_hashsolo/test1_souporcell_vs_hashsolo_intersect_assignment_after_match.csv",
                "donor_match/test1/souporcell_vs_htodemux",
                "donor_match/test1/souporcell_vs_htodemux/test1_souporcell_vs_htodemux_all_assignment_after_match.csv",
                "donor_match/test1/souporcell_vs_htodemux/test1_souporcell_vs_htodemux_concordance_heatmap.png",
                "donor_match/test1/souporcell_vs_htodemux/test1_souporcell_vs_htodemux_correlation_res.csv",
                "donor_match/test1/souporcell_vs_htodemux/test1_souporcell_vs_htodemux_donor_match.csv",
                "donor_match/test1/souporcell_vs_htodemux/test1_souporcell_vs_htodemux_intersect_assignment_after_match.csv",
                "donor_match/test1/souporcell_vs_multiseq",
                "donor_match/test1/souporcell_vs_multiseq/test1_souporcell_vs_multiseq_all_assignment_after_match.csv",
                "donor_match/test1/souporcell_vs_multiseq/test1_souporcell_vs_multiseq_concordance_heatmap.png",
                "donor_match/test1/souporcell_vs_multiseq/test1_souporcell_vs_multiseq_correlation_res.csv",
                "donor_match/test1/souporcell_vs_multiseq/test1_souporcell_vs_multiseq_donor_match.csv",
                "donor_match/test1/souporcell_vs_multiseq/test1_souporcell_vs_multiseq_intersect_assignment_after_match.csv",
                "donor_match/test1/test1_best_all_assignment_after_match.csv",
                "donor_match/test1/test1_best_donor_match.csv",
                "donor_match/test1/test1_best_intersect_assignment_after_match.csv",
                "donor_match/test1/test1_score_record.csv",
                "donor_match/test2",
                "donor_match/test2/freemuxlet_vs_bff_consensuscall",
                "donor_match/test2/freemuxlet_vs_bff_consensuscall/test2_freemuxlet_vs_bff_consensuscall_all_assignment_after_match.csv",
                "donor_match/test2/freemuxlet_vs_bff_consensuscall/test2_freemuxlet_vs_bff_consensuscall_concordance_heatmap.png",
                "donor_match/test2/freemuxlet_vs_bff_consensuscall/test2_freemuxlet_vs_bff_consensuscall_correlation_res.csv",
                "donor_match/test2/freemuxlet_vs_bff_consensuscall/test2_freemuxlet_vs_bff_consensuscall_donor_match.csv",
                "donor_match/test2/freemuxlet_vs_bff_consensuscall/test2_freemuxlet_vs_bff_consensuscall_intersect_assignment_after_match.csv",
                "donor_match/test2/freemuxlet_vs_bff_raw",
                "donor_match/test2/freemuxlet_vs_bff_raw/test2_freemuxlet_vs_bff_raw_all_assignment_after_match.csv",
                "donor_match/test2/freemuxlet_vs_bff_raw/test2_freemuxlet_vs_bff_raw_concordance_heatmap.png",
                "donor_match/test2/freemuxlet_vs_bff_raw/test2_freemuxlet_vs_bff_raw_correlation_res.csv",
                "donor_match/test2/freemuxlet_vs_bff_raw/test2_freemuxlet_vs_bff_raw_donor_match.csv",
                "donor_match/test2/freemuxlet_vs_bff_raw/test2_freemuxlet_vs_bff_raw_intersect_assignment_after_match.csv",
                "donor_match/test2/freemuxlet_vs_gmmdemux",
                "donor_match/test2/freemuxlet_vs_gmmdemux/test2_freemuxlet_vs_gmmdemux_all_assignment_after_match.csv",
                "donor_match/test2/freemuxlet_vs_gmmdemux/test2_freemuxlet_vs_gmmdemux_concordance_heatmap.png",
                "donor_match/test2/freemuxlet_vs_gmmdemux/test2_freemuxlet_vs_gmmdemux_correlation_res.csv",
                "donor_match/test2/freemuxlet_vs_gmmdemux/test2_freemuxlet_vs_gmmdemux_donor_match.csv",
                "donor_match/test2/freemuxlet_vs_gmmdemux/test2_freemuxlet_vs_gmmdemux_intersect_assignment_after_match.csv",
                "donor_match/test2/freemuxlet_vs_hasheddrops",
                "donor_match/test2/freemuxlet_vs_hasheddrops/test2_freemuxlet_vs_hasheddrops_all_assignment_after_match.csv",
                "donor_match/test2/freemuxlet_vs_hasheddrops/test2_freemuxlet_vs_hasheddrops_concordance_heatmap.png",
                "donor_match/test2/freemuxlet_vs_hasheddrops/test2_freemuxlet_vs_hasheddrops_correlation_res.csv",
                "donor_match/test2/freemuxlet_vs_hasheddrops/test2_freemuxlet_vs_hasheddrops_donor_match.csv",
                "donor_match/test2/freemuxlet_vs_hasheddrops/test2_freemuxlet_vs_hasheddrops_intersect_assignment_after_match.csv",
                "donor_match/test2/freemuxlet_vs_hashsolo",
                "donor_match/test2/freemuxlet_vs_hashsolo/test2_freemuxlet_vs_hashsolo_all_assignment_after_match.csv",
                "donor_match/test2/freemuxlet_vs_hashsolo/test2_freemuxlet_vs_hashsolo_concordance_heatmap.png",
                "donor_match/test2/freemuxlet_vs_hashsolo/test2_freemuxlet_vs_hashsolo_correlation_res.csv",
                "donor_match/test2/freemuxlet_vs_hashsolo/test2_freemuxlet_vs_hashsolo_donor_match.csv",
                "donor_match/test2/freemuxlet_vs_hashsolo/test2_freemuxlet_vs_hashsolo_intersect_assignment_after_match.csv",
                "donor_match/test2/freemuxlet_vs_htodemux",
                "donor_match/test2/freemuxlet_vs_htodemux/test2_freemuxlet_vs_htodemux_all_assignment_after_match.csv",
                "donor_match/test2/freemuxlet_vs_htodemux/test2_freemuxlet_vs_htodemux_concordance_heatmap.png",
                "donor_match/test2/freemuxlet_vs_htodemux/test2_freemuxlet_vs_htodemux_correlation_res.csv",
                "donor_match/test2/freemuxlet_vs_htodemux/test2_freemuxlet_vs_htodemux_donor_match.csv",
                "donor_match/test2/freemuxlet_vs_htodemux/test2_freemuxlet_vs_htodemux_intersect_assignment_after_match.csv",
                "donor_match/test2/freemuxlet_vs_multiseq",
                "donor_match/test2/freemuxlet_vs_multiseq/test2_freemuxlet_vs_multiseq_all_assignment_after_match.csv",
                "donor_match/test2/freemuxlet_vs_multiseq/test2_freemuxlet_vs_multiseq_concordance_heatmap.png",
                "donor_match/test2/freemuxlet_vs_multiseq/test2_freemuxlet_vs_multiseq_correlation_res.csv",
                "donor_match/test2/freemuxlet_vs_multiseq/test2_freemuxlet_vs_multiseq_donor_match.csv",
                "donor_match/test2/freemuxlet_vs_multiseq/test2_freemuxlet_vs_multiseq_intersect_assignment_after_match.csv",
                "donor_match/test2/souporcell_vs_bff_consensuscall",
                "donor_match/test2/souporcell_vs_bff_consensuscall/test2_souporcell_vs_bff_consensuscall_all_assignment_after_match.csv",
                "donor_match/test2/souporcell_vs_bff_consensuscall/test2_souporcell_vs_bff_consensuscall_concordance_heatmap.png",
                "donor_match/test2/souporcell_vs_bff_consensuscall/test2_souporcell_vs_bff_consensuscall_correlation_res.csv",
                "donor_match/test2/souporcell_vs_bff_consensuscall/test2_souporcell_vs_bff_consensuscall_donor_match.csv",
                "donor_match/test2/souporcell_vs_bff_consensuscall/test2_souporcell_vs_bff_consensuscall_intersect_assignment_after_match.csv",
                "donor_match/test2/souporcell_vs_bff_raw",
                "donor_match/test2/souporcell_vs_bff_raw/test2_souporcell_vs_bff_raw_all_assignment_after_match.csv",
                "donor_match/test2/souporcell_vs_bff_raw/test2_souporcell_vs_bff_raw_concordance_heatmap.png",
                "donor_match/test2/souporcell_vs_bff_raw/test2_souporcell_vs_bff_raw_correlation_res.csv",
                "donor_match/test2/souporcell_vs_bff_raw/test2_souporcell_vs_bff_raw_donor_match.csv",
                "donor_match/test2/souporcell_vs_bff_raw/test2_souporcell_vs_bff_raw_intersect_assignment_after_match.csv",
                "donor_match/test2/souporcell_vs_gmmdemux",
                "donor_match/test2/souporcell_vs_gmmdemux/test2_souporcell_vs_gmmdemux_all_assignment_after_match.csv",
                "donor_match/test2/souporcell_vs_gmmdemux/test2_souporcell_vs_gmmdemux_concordance_heatmap.png",
                "donor_match/test2/souporcell_vs_gmmdemux/test2_souporcell_vs_gmmdemux_correlation_res.csv",
                "donor_match/test2/souporcell_vs_gmmdemux/test2_souporcell_vs_gmmdemux_donor_match.csv",
                "donor_match/test2/souporcell_vs_gmmdemux/test2_souporcell_vs_gmmdemux_intersect_assignment_after_match.csv",
                "donor_match/test2/souporcell_vs_hasheddrops",
                "donor_match/test2/souporcell_vs_hasheddrops/test2_souporcell_vs_hasheddrops_all_assignment_after_match.csv",
                "donor_match/test2/souporcell_vs_hasheddrops/test2_souporcell_vs_hasheddrops_concordance_heatmap.png",
                "donor_match/test2/souporcell_vs_hasheddrops/test2_souporcell_vs_hasheddrops_correlation_res.csv",
                "donor_match/test2/souporcell_vs_hasheddrops/test2_souporcell_vs_hasheddrops_donor_match.csv",
                "donor_match/test2/souporcell_vs_hasheddrops/test2_souporcell_vs_hasheddrops_intersect_assignment_after_match.csv",
                "donor_match/test2/souporcell_vs_hashsolo",
                "donor_match/test2/souporcell_vs_hashsolo/test2_souporcell_vs_hashsolo_all_assignment_after_match.csv",
                "donor_match/test2/souporcell_vs_hashsolo/test2_souporcell_vs_hashsolo_concordance_heatmap.png",
                "donor_match/test2/souporcell_vs_hashsolo/test2_souporcell_vs_hashsolo_correlation_res.csv",
                "donor_match/test2/souporcell_vs_hashsolo/test2_souporcell_vs_hashsolo_donor_match.csv",
                "donor_match/test2/souporcell_vs_hashsolo/test2_souporcell_vs_hashsolo_intersect_assignment_after_match.csv",
                "donor_match/test2/souporcell_vs_htodemux",
                "donor_match/test2/souporcell_vs_htodemux/test2_souporcell_vs_htodemux_all_assignment_after_match.csv",
                "donor_match/test2/souporcell_vs_htodemux/test2_souporcell_vs_htodemux_concordance_heatmap.png",
                "donor_match/test2/souporcell_vs_htodemux/test2_souporcell_vs_htodemux_correlation_res.csv",
                "donor_match/test2/souporcell_vs_htodemux/test2_souporcell_vs_htodemux_donor_match.csv",
                "donor_match/test2/souporcell_vs_htodemux/test2_souporcell_vs_htodemux_intersect_assignment_after_match.csv",
                "donor_match/test2/souporcell_vs_multiseq",
                "donor_match/test2/souporcell_vs_multiseq/test2_souporcell_vs_multiseq_all_assignment_after_match.csv",
                "donor_match/test2/souporcell_vs_multiseq/test2_souporcell_vs_multiseq_concordance_heatmap.png",
                "donor_match/test2/souporcell_vs_multiseq/test2_souporcell_vs_multiseq_correlation_res.csv",
                "donor_match/test2/souporcell_vs_multiseq/test2_souporcell_vs_multiseq_donor_match.csv",
                "donor_match/test2/souporcell_vs_multiseq/test2_souporcell_vs_multiseq_intersect_assignment_after_match.csv",
                "donor_match/test2/test2_best_all_assignment_after_match.csv",
                "donor_match/test2/test2_best_donor_match.csv",
                "donor_match/test2/test2_best_intersect_assignment_after_match.csv",
                "donor_match/test2/test2_score_record.csv",
                "donor_match/test3",
                "donor_match/test3/freemuxlet_vs_bff_consensuscall",
                "donor_match/test3/freemuxlet_vs_bff_consensuscall/test3_freemuxlet_vs_bff_consensuscall_all_assignment_after_match.csv",
                "donor_match/test3/freemuxlet_vs_bff_consensuscall/test3_freemuxlet_vs_bff_consensuscall_concordance_heatmap.png",
                "donor_match/test3/freemuxlet_vs_bff_consensuscall/test3_freemuxlet_vs_bff_consensuscall_correlation_res.csv",
                "donor_match/test3/freemuxlet_vs_bff_consensuscall/test3_freemuxlet_vs_bff_consensuscall_donor_match.csv",
                "donor_match/test3/freemuxlet_vs_bff_consensuscall/test3_freemuxlet_vs_bff_consensuscall_intersect_assignment_after_match.csv",
                "donor_match/test3/freemuxlet_vs_bff_raw",
                "donor_match/test3/freemuxlet_vs_bff_raw/test3_freemuxlet_vs_bff_raw_all_assignment_after_match.csv",
                "donor_match/test3/freemuxlet_vs_bff_raw/test3_freemuxlet_vs_bff_raw_concordance_heatmap.png",
                "donor_match/test3/freemuxlet_vs_bff_raw/test3_freemuxlet_vs_bff_raw_correlation_res.csv",
                "donor_match/test3/freemuxlet_vs_bff_raw/test3_freemuxlet_vs_bff_raw_donor_match.csv",
                "donor_match/test3/freemuxlet_vs_bff_raw/test3_freemuxlet_vs_bff_raw_intersect_assignment_after_match.csv",
                "donor_match/test3/freemuxlet_vs_gmmdemux",
                "donor_match/test3/freemuxlet_vs_gmmdemux/test3_freemuxlet_vs_gmmdemux_all_assignment_after_match.csv",
                "donor_match/test3/freemuxlet_vs_gmmdemux/test3_freemuxlet_vs_gmmdemux_concordance_heatmap.png",
                "donor_match/test3/freemuxlet_vs_gmmdemux/test3_freemuxlet_vs_gmmdemux_correlation_res.csv",
                "donor_match/test3/freemuxlet_vs_gmmdemux/test3_freemuxlet_vs_gmmdemux_donor_match.csv",
                "donor_match/test3/freemuxlet_vs_gmmdemux/test3_freemuxlet_vs_gmmdemux_intersect_assignment_after_match.csv",
                "donor_match/test3/freemuxlet_vs_hasheddrops",
                "donor_match/test3/freemuxlet_vs_hasheddrops/test3_freemuxlet_vs_hasheddrops_all_assignment_after_match.csv",
                "donor_match/test3/freemuxlet_vs_hasheddrops/test3_freemuxlet_vs_hasheddrops_concordance_heatmap.png",
                "donor_match/test3/freemuxlet_vs_hasheddrops/test3_freemuxlet_vs_hasheddrops_correlation_res.csv",
                "donor_match/test3/freemuxlet_vs_hasheddrops/test3_freemuxlet_vs_hasheddrops_donor_match.csv",
                "donor_match/test3/freemuxlet_vs_hasheddrops/test3_freemuxlet_vs_hasheddrops_intersect_assignment_after_match.csv",
                "donor_match/test3/freemuxlet_vs_hashsolo",
                "donor_match/test3/freemuxlet_vs_hashsolo/test3_freemuxlet_vs_hashsolo_all_assignment_after_match.csv",
                "donor_match/test3/freemuxlet_vs_hashsolo/test3_freemuxlet_vs_hashsolo_concordance_heatmap.png",
                "donor_match/test3/freemuxlet_vs_hashsolo/test3_freemuxlet_vs_hashsolo_correlation_res.csv",
                "donor_match/test3/freemuxlet_vs_hashsolo/test3_freemuxlet_vs_hashsolo_donor_match.csv",
                "donor_match/test3/freemuxlet_vs_hashsolo/test3_freemuxlet_vs_hashsolo_intersect_assignment_after_match.csv",
                "donor_match/test3/freemuxlet_vs_htodemux",
                "donor_match/test3/freemuxlet_vs_htodemux/test3_freemuxlet_vs_htodemux_all_assignment_after_match.csv",
                "donor_match/test3/freemuxlet_vs_htodemux/test3_freemuxlet_vs_htodemux_concordance_heatmap.png",
                "donor_match/test3/freemuxlet_vs_htodemux/test3_freemuxlet_vs_htodemux_correlation_res.csv",
                "donor_match/test3/freemuxlet_vs_htodemux/test3_freemuxlet_vs_htodemux_donor_match.csv",
                "donor_match/test3/freemuxlet_vs_htodemux/test3_freemuxlet_vs_htodemux_intersect_assignment_after_match.csv",
                "donor_match/test3/freemuxlet_vs_multiseq",
                "donor_match/test3/freemuxlet_vs_multiseq/test3_freemuxlet_vs_multiseq_all_assignment_after_match.csv",
                "donor_match/test3/freemuxlet_vs_multiseq/test3_freemuxlet_vs_multiseq_concordance_heatmap.png",
                "donor_match/test3/freemuxlet_vs_multiseq/test3_freemuxlet_vs_multiseq_correlation_res.csv",
                "donor_match/test3/freemuxlet_vs_multiseq/test3_freemuxlet_vs_multiseq_donor_match.csv",
                "donor_match/test3/freemuxlet_vs_multiseq/test3_freemuxlet_vs_multiseq_intersect_assignment_after_match.csv",
                "donor_match/test3/souporcell_vs_bff_consensuscall",
                "donor_match/test3/souporcell_vs_bff_consensuscall/test3_souporcell_vs_bff_consensuscall_all_assignment_after_match.csv",
                "donor_match/test3/souporcell_vs_bff_consensuscall/test3_souporcell_vs_bff_consensuscall_concordance_heatmap.png",
                "donor_match/test3/souporcell_vs_bff_consensuscall/test3_souporcell_vs_bff_consensuscall_correlation_res.csv",
                "donor_match/test3/souporcell_vs_bff_consensuscall/test3_souporcell_vs_bff_consensuscall_donor_match.csv",
                "donor_match/test3/souporcell_vs_bff_consensuscall/test3_souporcell_vs_bff_consensuscall_intersect_assignment_after_match.csv",
                "donor_match/test3/souporcell_vs_bff_raw",
                "donor_match/test3/souporcell_vs_bff_raw/test3_souporcell_vs_bff_raw_all_assignment_after_match.csv",
                "donor_match/test3/souporcell_vs_bff_raw/test3_souporcell_vs_bff_raw_concordance_heatmap.png",
                "donor_match/test3/souporcell_vs_bff_raw/test3_souporcell_vs_bff_raw_correlation_res.csv",
                "donor_match/test3/souporcell_vs_bff_raw/test3_souporcell_vs_bff_raw_donor_match.csv",
                "donor_match/test3/souporcell_vs_bff_raw/test3_souporcell_vs_bff_raw_intersect_assignment_after_match.csv",
                "donor_match/test3/souporcell_vs_gmmdemux",
                "donor_match/test3/souporcell_vs_gmmdemux/test3_souporcell_vs_gmmdemux_all_assignment_after_match.csv",
                "donor_match/test3/souporcell_vs_gmmdemux/test3_souporcell_vs_gmmdemux_concordance_heatmap.png",
                "donor_match/test3/souporcell_vs_gmmdemux/test3_souporcell_vs_gmmdemux_correlation_res.csv",
                "donor_match/test3/souporcell_vs_gmmdemux/test3_souporcell_vs_gmmdemux_donor_match.csv",
                "donor_match/test3/souporcell_vs_gmmdemux/test3_souporcell_vs_gmmdemux_intersect_assignment_after_match.csv",
                "donor_match/test3/souporcell_vs_hasheddrops",
                "donor_match/test3/souporcell_vs_hasheddrops/test3_souporcell_vs_hasheddrops_all_assignment_after_match.csv",
                "donor_match/test3/souporcell_vs_hasheddrops/test3_souporcell_vs_hasheddrops_concordance_heatmap.png",
                "donor_match/test3/souporcell_vs_hasheddrops/test3_souporcell_vs_hasheddrops_correlation_res.csv",
                "donor_match/test3/souporcell_vs_hasheddrops/test3_souporcell_vs_hasheddrops_donor_match.csv",
                "donor_match/test3/souporcell_vs_hasheddrops/test3_souporcell_vs_hasheddrops_intersect_assignment_after_match.csv",
                "donor_match/test3/souporcell_vs_hashsolo",
                "donor_match/test3/souporcell_vs_hashsolo/test3_souporcell_vs_hashsolo_all_assignment_after_match.csv",
                "donor_match/test3/souporcell_vs_hashsolo/test3_souporcell_vs_hashsolo_concordance_heatmap.png",
                "donor_match/test3/souporcell_vs_hashsolo/test3_souporcell_vs_hashsolo_correlation_res.csv",
                "donor_match/test3/souporcell_vs_hashsolo/test3_souporcell_vs_hashsolo_donor_match.csv",
                "donor_match/test3/souporcell_vs_hashsolo/test3_souporcell_vs_hashsolo_intersect_assignment_after_match.csv",
                "donor_match/test3/souporcell_vs_htodemux",
                "donor_match/test3/souporcell_vs_htodemux/test3_souporcell_vs_htodemux_all_assignment_after_match.csv",
                "donor_match/test3/souporcell_vs_htodemux/test3_souporcell_vs_htodemux_concordance_heatmap.png",
                "donor_match/test3/souporcell_vs_htodemux/test3_souporcell_vs_htodemux_correlation_res.csv",
                "donor_match/test3/souporcell_vs_htodemux/test3_souporcell_vs_htodemux_donor_match.csv",
                "donor_match/test3/souporcell_vs_htodemux/test3_souporcell_vs_htodemux_intersect_assignment_after_match.csv",
                "donor_match/test3/souporcell_vs_multiseq",
                "donor_match/test3/souporcell_vs_multiseq/test3_souporcell_vs_multiseq_all_assignment_after_match.csv",
                "donor_match/test3/souporcell_vs_multiseq/test3_souporcell_vs_multiseq_concordance_heatmap.png",
                "donor_match/test3/souporcell_vs_multiseq/test3_souporcell_vs_multiseq_correlation_res.csv",
                "donor_match/test3/souporcell_vs_multiseq/test3_souporcell_vs_multiseq_donor_match.csv",
                "donor_match/test3/souporcell_vs_multiseq/test3_souporcell_vs_multiseq_intersect_assignment_after_match.csv",
                "donor_match/test3/test3_best_all_assignment_after_match.csv",
                "donor_match/test3/test3_best_donor_match.csv",
                "donor_match/test3/test3_best_intersect_assignment_after_match.csv",
                "donor_match/test3/test3_score_record.csv",
                "extract",
                "extract/test1_hashes.txt",
                "extract/test2_hashes.txt",
                "extract/test3_hashes.txt",
                "genetic",
                "genetic/popscle",
                "genetic/popscle/demuxlet",
                "genetic/popscle/demuxlet/test1",
                "genetic/popscle/demuxlet/test1/test1.best",
                "genetic/popscle/demuxlet/test2",
                "genetic/popscle/demuxlet/test2/test2.best",
                "genetic/popscle/demuxlet/test3",
                "genetic/popscle/demuxlet/test3/test3.best",
                "genetic/popscle/freemuxlet",
                "genetic/popscle/freemuxlet/test1",
                "genetic/popscle/freemuxlet/test1/test1.clust1.samples.gz",
                "genetic/popscle/freemuxlet/test1/test1.clust1.vcf.gz",
                "genetic/popscle/freemuxlet/test1/test1.lmix",
                "genetic/popscle/freemuxlet/test2",
                "genetic/popscle/freemuxlet/test2/test2.clust1.samples.gz",
                "genetic/popscle/freemuxlet/test2/test2.clust1.vcf.gz",
                "genetic/popscle/freemuxlet/test2/test2.lmix",
                "genetic/popscle/freemuxlet/test3",
                "genetic/popscle/freemuxlet/test3/test3.clust1.samples.gz",
                "genetic/popscle/freemuxlet/test3/test3.clust1.vcf.gz",
                "genetic/popscle/freemuxlet/test3/test3.lmix",
                "genetic/souporcell",
                "genetic/souporcell/test1",
                "genetic/souporcell/test1/test1",
                "genetic/souporcell/test1/test1/ambient_rna.txt",
                "genetic/souporcell/test1/test1/cluster_genotypes.vcf",
                "genetic/souporcell/test1/test1/clusters.tsv",
                "genetic/souporcell/test2",
                "genetic/souporcell/test2/test2",
                "genetic/souporcell/test2/test2/ambient_rna.txt",
                "genetic/souporcell/test2/test2/cluster_genotypes.vcf",
                "genetic/souporcell/test2/test2/clusters.tsv",
                "genetic/souporcell/test3",
                "genetic/souporcell/test3/test3",
                "genetic/souporcell/test3/test3/ambient_rna.txt",
                "genetic/souporcell/test3/test3/cluster_genotypes.vcf",
                "genetic/souporcell/test3/test3/clusters.tsv",
                "genetic/summary",
                "genetic/summary/test1",
                "genetic/summary/test1/test1_genetic_summary.h5ad",
                "genetic/summary/test1/test1_genetic_summary.h5mu",
                "genetic/summary/test1/test1_genetic_summary_assignment.csv",
                "genetic/summary/test1/test1_genetic_summary_classification.csv",
                "genetic/summary/test2",
                "genetic/summary/test2/test2_genetic_summary.h5ad",
                "genetic/summary/test2/test2_genetic_summary.h5mu",
                "genetic/summary/test2/test2_genetic_summary_assignment.csv",
                "genetic/summary/test2/test2_genetic_summary_classification.csv",
                "genetic/summary/test3",
                "genetic/summary/test3/test3_genetic_summary.h5ad",
                "genetic/summary/test3/test3_genetic_summary.h5mu",
                "genetic/summary/test3/test3_genetic_summary_assignment.csv",
                "genetic/summary/test3/test3_genetic_summary_classification.csv",
                "genetic/vireo",
                "genetic/vireo/test1",
                "genetic/vireo/test1/test1.base.vcf.gz",
                "genetic/vireo/test1/test1.cells.vcf.gz",
                "genetic/vireo/test1/test1.samples.tsv",
                "genetic/vireo/test1/test1.tag.AD.mtx",
                "genetic/vireo/test1/test1.tag.DP.mtx",
                "genetic/vireo/test1/test1.tag.OTH.mtx",
                "genetic/vireo/test1/test1_donor_ids.tsv",
                "genetic/vireo/test1/test1_prob_doublet.tsv.gz",
                "genetic/vireo/test1/test1_prob_singlet.tsv.gz",
                "genetic/vireo/test1/test1_summary.tsv",
                "genetic/vireo/test2",
                "genetic/vireo/test2/test2.base.vcf.gz",
                "genetic/vireo/test2/test2.cells.vcf.gz",
                "genetic/vireo/test2/test2.samples.tsv",
                "genetic/vireo/test2/test2.tag.AD.mtx",
                "genetic/vireo/test2/test2.tag.DP.mtx",
                "genetic/vireo/test2/test2.tag.OTH.mtx",
                "genetic/vireo/test2/test2_donor_ids.tsv",
                "genetic/vireo/test2/test2_prob_doublet.tsv.gz",
                "genetic/vireo/test2/test2_prob_singlet.tsv.gz",
                "genetic/vireo/test2/test2_summary.tsv",
                "genetic/vireo/test3",
                "genetic/vireo/test3/test3.base.vcf.gz",
                "genetic/vireo/test3/test3.cells.vcf.gz",
                "genetic/vireo/test3/test3.samples.tsv",
                "genetic/vireo/test3/test3.tag.AD.mtx",
                "genetic/vireo/test3/test3.tag.DP.mtx",
                "genetic/vireo/test3/test3.tag.OTH.mtx",
                "genetic/vireo/test3/test3_donor_ids.tsv",
                "genetic/vireo/test3/test3_prob_doublet.tsv.gz",
                "genetic/vireo/test3/test3_prob_singlet.tsv.gz",
                "genetic/vireo/test3/test3_summary.tsv",
                "hash_and_gene_summary",
                "hash_and_gene_summary/test1",
                "hash_and_gene_summary/test1/test1.csv",
                "hash_and_gene_summary/test2",
                "hash_and_gene_summary/test2/test2.csv",
                "hash_and_gene_summary/test3",
                "hash_and_gene_summary/test3/test3.csv",
                "hashing",
                "hashing/gmm-demux",
                "hashing/gmm-demux/test1",
                "hashing/gmm-demux/test1/GMM_full.config",
                "hashing/gmm-demux/test1/GMM_full.csv",
                "hashing/gmm-demux/test1/barcodes.tsv.gz",
                "hashing/gmm-demux/test1/features.tsv.gz",
                "hashing/gmm-demux/test1/matrix.mtx.gz",
                "hashing/gmm-demux/test2",
                "hashing/gmm-demux/test2/GMM_full.config",
                "hashing/gmm-demux/test2/GMM_full.csv",
                "hashing/gmm-demux/test2/barcodes.tsv.gz",
                "hashing/gmm-demux/test2/features.tsv.gz",
                "hashing/gmm-demux/test2/matrix.mtx.gz",
                "hashing/gmm-demux/test3",
                "hashing/gmm-demux/test3/GMM_full.config",
                "hashing/gmm-demux/test3/GMM_full.csv",
                "hashing/gmm-demux/test3/barcodes.tsv.gz",
                "hashing/gmm-demux/test3/features.tsv.gz",
                "hashing/gmm-demux/test3/matrix.mtx.gz",
                "hashing/hasheddrops",
                "hashing/hasheddrops/test1",
                "hashing/hasheddrops/test1/test1_emptyDrops.csv",
                "hashing/hasheddrops/test1/test1_emptyDrops.png",
                "hashing/hasheddrops/test1/test1_emptyDrops.rds",
                "hashing/hasheddrops/test1/test1_hasheddrops.rds",
                "hashing/hasheddrops/test1/test1_id_to_hash.csv",
                "hashing/hasheddrops/test1/test1_params_hasheddrops.csv",
                "hashing/hasheddrops/test1/test1_plot_hasheddrops.png",
                "hashing/hasheddrops/test1/test1_results_hasheddrops.csv",
                "hashing/hasheddrops/test2",
                "hashing/hasheddrops/test2/test2_emptyDrops.csv",
                "hashing/hasheddrops/test2/test2_emptyDrops.png",
                "hashing/hasheddrops/test2/test2_emptyDrops.rds",
                "hashing/hasheddrops/test2/test2_hasheddrops.rds",
                "hashing/hasheddrops/test2/test2_id_to_hash.csv",
                "hashing/hasheddrops/test2/test2_params_hasheddrops.csv",
                "hashing/hasheddrops/test2/test2_plot_hasheddrops.png",
                "hashing/hasheddrops/test2/test2_results_hasheddrops.csv",
                "hashing/hasheddrops/test3",
                "hashing/hasheddrops/test3/test3_emptyDrops.csv",
                "hashing/hasheddrops/test3/test3_emptyDrops.png",
                "hashing/hasheddrops/test3/test3_emptyDrops.rds",
                "hashing/hasheddrops/test3/test3_hasheddrops.rds",
                "hashing/hasheddrops/test3/test3_id_to_hash.csv",
                "hashing/hasheddrops/test3/test3_params_hasheddrops.csv",
                "hashing/hasheddrops/test3/test3_plot_hasheddrops.png",
                "hashing/hasheddrops/test3/test3_results_hasheddrops.csv",
                "hashing/hashsolo",
                "hashing/hashsolo/test1",
                "hashing/hashsolo/test1/test1_assignment_hashsolo.csv",
                "hashing/hashsolo/test1/test1_hashsolo.h5ad",
                "hashing/hashsolo/test1/test1_params_hashsolo.csv",
                "hashing/hashsolo/test2",
                "hashing/hashsolo/test2/test2_assignment_hashsolo.csv",
                "hashing/hashsolo/test2/test2_hashsolo.h5ad",
                "hashing/hashsolo/test2/test2_params_hashsolo.csv",
                "hashing/hashsolo/test3",
                "hashing/hashsolo/test3/test3_assignment_hashsolo.csv",
                "hashing/hashsolo/test3/test3_hashsolo.h5ad",
                "hashing/hashsolo/test3/test3_params_hashsolo.csv",
                "hashing/htodemux",
                "hashing/htodemux/test1",
                "hashing/htodemux/test1/test1_assignment_htodemux.csv",
                "hashing/htodemux/test1/test1_classification_htodemux.csv",
                "hashing/htodemux/test1/test1_htodemux.rds",
                "hashing/htodemux/test1/test1_params_htodemux.csv",
                "hashing/htodemux/test2",
                "hashing/htodemux/test2/test2_assignment_htodemux.csv",
                "hashing/htodemux/test2/test2_classification_htodemux.csv",
                "hashing/htodemux/test2/test2_htodemux.rds",
                "hashing/htodemux/test2/test2_params_htodemux.csv",
                "hashing/htodemux/test3",
                "hashing/htodemux/test3/test3_assignment_htodemux.csv",
                "hashing/htodemux/test3/test3_classification_htodemux.csv",
                "hashing/htodemux/test3/test3_htodemux.rds",
                "hashing/htodemux/test3/test3_params_htodemux.csv",
                "hashing/htodemux_visualization",
                "hashing/htodemux_visualization/test1",
                "hashing/htodemux_visualization/test1/test1_featureScatter_htodemux.jpeg",
                "hashing/htodemux_visualization/test1/test1_heatMap_htodemux.jpeg",
                "hashing/htodemux_visualization/test1/test1_ridge_htodemux.jpeg",
                "hashing/htodemux_visualization/test1/test1_tSNE_htodemux.jpeg",
                "hashing/htodemux_visualization/test1/test1_violinPlot_htodemux.jpeg",
                "hashing/htodemux_visualization/test1/test1_visual_params_htodemux.csv",
                "hashing/htodemux_visualization/test2",
                "hashing/htodemux_visualization/test2/test2_featureScatter_htodemux.jpeg",
                "hashing/htodemux_visualization/test2/test2_heatMap_htodemux.jpeg",
                "hashing/htodemux_visualization/test2/test2_ridge_htodemux.jpeg",
                "hashing/htodemux_visualization/test2/test2_tSNE_htodemux.jpeg",
                "hashing/htodemux_visualization/test2/test2_violinPlot_htodemux.jpeg",
                "hashing/htodemux_visualization/test2/test2_visual_params_htodemux.csv",
                "hashing/htodemux_visualization/test3",
                "hashing/htodemux_visualization/test3/test3_featureScatter_htodemux.jpeg",
                "hashing/htodemux_visualization/test3/test3_heatMap_htodemux.jpeg",
                "hashing/htodemux_visualization/test3/test3_ridge_htodemux.jpeg",
                "hashing/htodemux_visualization/test3/test3_tSNE_htodemux.jpeg",
                "hashing/htodemux_visualization/test3/test3_violinPlot_htodemux.jpeg",
                "hashing/htodemux_visualization/test3/test3_visual_params_htodemux.csv",
                "hashing/multiseqdemux",
                "hashing/multiseqdemux/test1",
                "hashing/multiseqdemux/test1/test1_multiseqdemux.rds",
                "hashing/multiseqdemux/test1/test1_params_multiseqdemux.csv",
                "hashing/multiseqdemux/test1/test1_res_multiseqdemux.csv",
                "hashing/multiseqdemux/test2",
                "hashing/multiseqdemux/test2/test2_multiseqdemux.rds",
                "hashing/multiseqdemux/test2/test2_params_multiseqdemux.csv",
                "hashing/multiseqdemux/test2/test2_res_multiseqdemux.csv",
                "hashing/multiseqdemux/test3",
                "hashing/multiseqdemux/test3/test3_multiseqdemux.rds",
                "hashing/multiseqdemux/test3/test3_params_multiseqdemux.csv",
                "hashing/multiseqdemux/test3/test3_res_multiseqdemux.csv",
                "hashing/preprocessing",
                "hashing/preprocessing/test1",
                "hashing/preprocessing/test1/test1_params_preprocessing.csv",
                "hashing/preprocessing/test1/test1_preprocessed.rds",
                "hashing/preprocessing/test2",
                "hashing/preprocessing/test2/test2_params_preprocessing.csv",
                "hashing/preprocessing/test2/test2_preprocessed.rds",
                "hashing/preprocessing/test3",
                "hashing/preprocessing/test3/test3_params_preprocessing.csv",
                "hashing/preprocessing/test3/test3_preprocessed.rds",
                "hashing/summary",
                "hashing/summary/test1",
                "hashing/summary/test1/test1_hashing_summary.h5ad",
                "hashing/summary/test1/test1_hashing_summary.h5mu",
                "hashing/summary/test1/test1_hashing_summary_assignment.csv",
                "hashing/summary/test1/test1_hashing_summary_classification.csv",
                "hashing/summary/test2",
                "hashing/summary/test2/test2_hashing_summary.h5ad",
                "hashing/summary/test2/test2_hashing_summary.h5mu",
                "hashing/summary/test2/test2_hashing_summary_assignment.csv",
                "hashing/summary/test2/test2_hashing_summary_classification.csv",
                "hashing/summary/test3",
                "hashing/summary/test3/test3_hashing_summary.h5ad",
                "hashing/summary/test3/test3_hashing_summary.h5mu",
                "hashing/summary/test3/test3_hashing_summary_assignment.csv",
                "hashing/summary/test3/test3_hashing_summary_classification.csv",
                "multiqc",
                "multiqc/multiqc_data",
                "multiqc/multiqc_data/llms-full.txt",
                "multiqc/multiqc_data/multiqc.log",
                "multiqc/multiqc_data/multiqc.parquet",
                "multiqc/multiqc_data/multiqc_citations.txt",
                "multiqc/multiqc_data/multiqc_data.json",
                "multiqc/multiqc_data/multiqc_software_versions.txt",
                "multiqc/multiqc_data/multiqc_sources.txt",
                "multiqc/multiqc_report.html",
                "pipeline_info",
                "pipeline_info/nf_core_hadge_software_mqc_versions.yml",
                "untar",
                "untar/test1_hto",
                "untar/test1_hto/barcodes.tsv.gz",
                "untar/test1_hto/features.tsv.gz",
                "untar/test1_hto/matrix.mtx.gz",
                "untar/test1_rna",
                "untar/test1_rna/barcodes.tsv.gz",
                "untar/test1_rna/features.tsv.gz",
                "untar/test1_rna/matrix.mtx.gz",
                "untar/test2_hto",
                "untar/test2_hto/barcodes.tsv.gz",
                "untar/test2_hto/features.tsv.gz",
                "untar/test2_hto/matrix.mtx.gz",
                "untar/test2_rna",
                "untar/test2_rna/barcodes.tsv.gz",
                "untar/test2_rna/features.tsv.gz",
                "untar/test2_rna/matrix.mtx.gz",
                "untar/test3_hto",
                "untar/test3_hto/barcodes.tsv.gz",
                "untar/test3_hto/features.tsv.gz",
                "untar/test3_hto/matrix.mtx.gz",
                "untar/test3_rna",
                "untar/test3_rna/barcodes.tsv.gz",
                "untar/test3_rna/features.tsv.gz",
                "untar/test3_rna/matrix.mtx.gz"
            ],
            [
                "test1_assignment_bff.csv:md5,9bdd3fb540ce56b103d424ed833b9239",
                "test1_metrics_bff.csv:md5,1d7751cf035c9e736e4de5504ff87a6a",
                "test1_params_bff.csv:md5,dbb83e4e50779916ff4e368b2d05fe91",
                "test2_assignment_bff.csv:md5,9bdd3fb540ce56b103d424ed833b9239",
                "test2_metrics_bff.csv:md5,1d7751cf035c9e736e4de5504ff87a6a",
                "test2_params_bff.csv:md5,08758e268b309e4f3288069e3eab358a",
                "test3_assignment_bff.csv:md5,9bdd3fb540ce56b103d424ed833b9239",
                "test3_metrics_bff.csv:md5,1d7751cf035c9e736e4de5504ff87a6a",
                "test3_params_bff.csv:md5,882b80fd11a10a375e0abd5ae29f74b0",
                "test1_freemuxlet_vs_bff_consensuscall_all_assignment_after_match.csv:md5,3be80a76ed631ec8673c188a5b9a9fed",
                "test1_freemuxlet_vs_bff_consensuscall_concordance_heatmap.png:md5,666ff7d8b8bb12d055ea6fdb081cb714",
                "test1_freemuxlet_vs_bff_consensuscall_correlation_res.csv:md5,b0915774342ca64fe9077505a0b98a5f",
                "test1_freemuxlet_vs_bff_consensuscall_donor_match.csv:md5,2d6da63e3801454389610977089c027f",
                "test1_freemuxlet_vs_bff_consensuscall_intersect_assignment_after_match.csv:md5,47d55f4c4f1325b64466719aaa0dc857",
                "test1_freemuxlet_vs_bff_raw_all_assignment_after_match.csv:md5,bb0f18d71f90bc5c3ff5b16e5b946be1",
                "test1_freemuxlet_vs_bff_raw_concordance_heatmap.png:md5,666ff7d8b8bb12d055ea6fdb081cb714",
                "test1_freemuxlet_vs_bff_raw_correlation_res.csv:md5,b0915774342ca64fe9077505a0b98a5f",
                "test1_freemuxlet_vs_bff_raw_donor_match.csv:md5,2d6da63e3801454389610977089c027f",
                "test1_freemuxlet_vs_bff_raw_intersect_assignment_after_match.csv:md5,1d7f52c5e495dbe93919e1f74e17fa72",
                "test1_freemuxlet_vs_gmmdemux_all_assignment_after_match.csv:md5,ec0a4e43aea91b2d9690a6980da99278",
                "test1_freemuxlet_vs_gmmdemux_concordance_heatmap.png:md5,666ff7d8b8bb12d055ea6fdb081cb714",
                "test1_freemuxlet_vs_gmmdemux_correlation_res.csv:md5,b0915774342ca64fe9077505a0b98a5f",
                "test1_freemuxlet_vs_gmmdemux_donor_match.csv:md5,2d6da63e3801454389610977089c027f",
                "test1_freemuxlet_vs_gmmdemux_intersect_assignment_after_match.csv:md5,4404e9d367b246d6daf04ac1d72e9b97",
                "test1_freemuxlet_vs_hasheddrops_all_assignment_after_match.csv:md5,05e486189b9c3bbfa381f17191ba5b9d",
                "test1_freemuxlet_vs_hasheddrops_concordance_heatmap.png:md5,666ff7d8b8bb12d055ea6fdb081cb714",
                "test1_freemuxlet_vs_hasheddrops_correlation_res.csv:md5,b0915774342ca64fe9077505a0b98a5f",
                "test1_freemuxlet_vs_hasheddrops_donor_match.csv:md5,2d6da63e3801454389610977089c027f",
                "test1_freemuxlet_vs_hasheddrops_intersect_assignment_after_match.csv:md5,c9ee6eed6505ae762f80e15e02f3a0c7",
                "test1_freemuxlet_vs_hashsolo_all_assignment_after_match.csv:md5,90d108f1f5686f0c1a0f1d63ee84996c",
                "test1_freemuxlet_vs_hashsolo_concordance_heatmap.png:md5,57a72e1a6a34fb333be8cf8d343c8b21",
                "test1_freemuxlet_vs_hashsolo_correlation_res.csv:md5,07726a0bdac892ee79bc40b71780c187",
                "test1_freemuxlet_vs_hashsolo_donor_match.csv:md5,2d6da63e3801454389610977089c027f",
                "test1_freemuxlet_vs_hashsolo_intersect_assignment_after_match.csv:md5,9b0c416e27572acc4c8ba6b97480ca86",
                "test1_freemuxlet_vs_htodemux_all_assignment_after_match.csv:md5,a6757d13708f580c55a8e444f2be7cf3",
                "test1_freemuxlet_vs_htodemux_concordance_heatmap.png:md5,42ab19f0e287585a39d52817f85943f0",
                "test1_freemuxlet_vs_htodemux_correlation_res.csv:md5,56e1f17bb5e0424e4840b2d89fe892d7",
                "test1_freemuxlet_vs_htodemux_donor_match.csv:md5,b92352374bf4b32f7e3a1b032a4c8b5f",
                "test1_freemuxlet_vs_htodemux_intersect_assignment_after_match.csv:md5,d1bf2a5662dd625f51458ee4d0cd575a",
                "test1_freemuxlet_vs_multiseq_all_assignment_after_match.csv:md5,ff848ce7685a658315ad2af8f2d39c4b",
                "test1_freemuxlet_vs_multiseq_concordance_heatmap.png:md5,64bc44fb9aeeb1581ebbf708c8765b4d",
                "test1_freemuxlet_vs_multiseq_correlation_res.csv:md5,8a690fde26636e0e4c44b41a156ae47a",
                "test1_freemuxlet_vs_multiseq_donor_match.csv:md5,b92352374bf4b32f7e3a1b032a4c8b5f",
                "test1_freemuxlet_vs_multiseq_intersect_assignment_after_match.csv:md5,7a178c3e2f08aa338d4bb6e9f1e2cb44",
                "test1_souporcell_vs_bff_consensuscall_all_assignment_after_match.csv:md5,b91311fcd88917173444e25e593f8ea1",
                "test1_souporcell_vs_bff_consensuscall_concordance_heatmap.png:md5,53fcd062b4a8e63cebb1af6e41a59336",
                "test1_souporcell_vs_bff_consensuscall_correlation_res.csv:md5,bfb61a5e0261fdfd1c8c46f3f3dbbe6e",
                "test1_souporcell_vs_bff_consensuscall_donor_match.csv:md5,102fd8c326c1bf1a7ba7b0bd11ea3838",
                "test1_souporcell_vs_bff_consensuscall_intersect_assignment_after_match.csv:md5,aba41e1480b6e2cbad259ba7374ba032",
                "test1_souporcell_vs_bff_raw_all_assignment_after_match.csv:md5,0aa58830e46b7bdcb69a0675b8214297",
                "test1_souporcell_vs_bff_raw_concordance_heatmap.png:md5,53fcd062b4a8e63cebb1af6e41a59336",
                "test1_souporcell_vs_bff_raw_correlation_res.csv:md5,bfb61a5e0261fdfd1c8c46f3f3dbbe6e",
                "test1_souporcell_vs_bff_raw_donor_match.csv:md5,102fd8c326c1bf1a7ba7b0bd11ea3838",
                "test1_souporcell_vs_bff_raw_intersect_assignment_after_match.csv:md5,ce9d753b25f3fd47038458b1f155cc6c",
                "test1_souporcell_vs_gmmdemux_all_assignment_after_match.csv:md5,b9ac543644533f86263c3158b84cf552",
                "test1_souporcell_vs_gmmdemux_concordance_heatmap.png:md5,53fcd062b4a8e63cebb1af6e41a59336",
                "test1_souporcell_vs_gmmdemux_correlation_res.csv:md5,bfb61a5e0261fdfd1c8c46f3f3dbbe6e",
                "test1_souporcell_vs_gmmdemux_donor_match.csv:md5,102fd8c326c1bf1a7ba7b0bd11ea3838",
                "test1_souporcell_vs_gmmdemux_intersect_assignment_after_match.csv:md5,697b51486e68c0506b812bb04455c7a8",
                "test1_souporcell_vs_hasheddrops_all_assignment_after_match.csv:md5,a705ae7739121396c7c92999abbddd39",
                "test1_souporcell_vs_hasheddrops_concordance_heatmap.png:md5,53fcd062b4a8e63cebb1af6e41a59336",
                "test1_souporcell_vs_hasheddrops_correlation_res.csv:md5,bfb61a5e0261fdfd1c8c46f3f3dbbe6e",
                "test1_souporcell_vs_hasheddrops_donor_match.csv:md5,102fd8c326c1bf1a7ba7b0bd11ea3838",
                "test1_souporcell_vs_hasheddrops_intersect_assignment_after_match.csv:md5,c84bd46c4b3c12012144c73398165b55",
                "test1_souporcell_vs_hashsolo_all_assignment_after_match.csv:md5,39234357d62c2c519beb4691338f2797",
                "test1_souporcell_vs_hashsolo_concordance_heatmap.png:md5,91d93741a44e57515defad0cd4837cca",
                "test1_souporcell_vs_hashsolo_correlation_res.csv:md5,c2292c9cc36e62449cdd3fdf6dfb1a1f",
                "test1_souporcell_vs_hashsolo_donor_match.csv:md5,102fd8c326c1bf1a7ba7b0bd11ea3838",
                "test1_souporcell_vs_hashsolo_intersect_assignment_after_match.csv:md5,21ed58633a51cce2e6d8e24bbf122579",
                "test1_souporcell_vs_htodemux_all_assignment_after_match.csv:md5,72c856ac2a4e7bd520d2b1e73cc1ca21",
                "test1_souporcell_vs_htodemux_concordance_heatmap.png:md5,d48df9ebb22dc1f2616511ad0405cdfd",
                "test1_souporcell_vs_htodemux_correlation_res.csv:md5,7e632ed518a1e6f02ed1ea25a28a4e45",
                "test1_souporcell_vs_htodemux_donor_match.csv:md5,d1feea9baad73b5bc106472a226cbbf2",
                "test1_souporcell_vs_htodemux_intersect_assignment_after_match.csv:md5,4f51efd65222751548c1b0ff9d048693",
                "test1_souporcell_vs_multiseq_all_assignment_after_match.csv:md5,a409afeefe73dd91eddd3f6abbde2606",
                "test1_souporcell_vs_multiseq_concordance_heatmap.png:md5,987ae361340b8b77daecc726ffa6b9de",
                "test1_souporcell_vs_multiseq_correlation_res.csv:md5,a5f9d7ebd675403b062cd0f4a59b1592",
                "test1_souporcell_vs_multiseq_donor_match.csv:md5,d1feea9baad73b5bc106472a226cbbf2",
                "test1_souporcell_vs_multiseq_intersect_assignment_after_match.csv:md5,327f460700c49fe1f7d3447db2f0a2ea",
                "test1_best_all_assignment_after_match.csv:md5,b91311fcd88917173444e25e593f8ea1",
                "test1_best_donor_match.csv:md5,102fd8c326c1bf1a7ba7b0bd11ea3838",
                "test1_best_intersect_assignment_after_match.csv:md5,aba41e1480b6e2cbad259ba7374ba032",
                "test1_score_record.csv:md5,3708ca053d6aa9040f4200d0f99f4433",
                "test2_freemuxlet_vs_bff_consensuscall_all_assignment_after_match.csv:md5,3be80a76ed631ec8673c188a5b9a9fed",
                "test2_freemuxlet_vs_bff_consensuscall_concordance_heatmap.png:md5,666ff7d8b8bb12d055ea6fdb081cb714",
                "test2_freemuxlet_vs_bff_consensuscall_correlation_res.csv:md5,b0915774342ca64fe9077505a0b98a5f",
                "test2_freemuxlet_vs_bff_consensuscall_donor_match.csv:md5,2d6da63e3801454389610977089c027f",
                "test2_freemuxlet_vs_bff_consensuscall_intersect_assignment_after_match.csv:md5,47d55f4c4f1325b64466719aaa0dc857",
                "test2_freemuxlet_vs_bff_raw_all_assignment_after_match.csv:md5,bb0f18d71f90bc5c3ff5b16e5b946be1",
                "test2_freemuxlet_vs_bff_raw_concordance_heatmap.png:md5,666ff7d8b8bb12d055ea6fdb081cb714",
                "test2_freemuxlet_vs_bff_raw_correlation_res.csv:md5,b0915774342ca64fe9077505a0b98a5f",
                "test2_freemuxlet_vs_bff_raw_donor_match.csv:md5,2d6da63e3801454389610977089c027f",
                "test2_freemuxlet_vs_bff_raw_intersect_assignment_after_match.csv:md5,1d7f52c5e495dbe93919e1f74e17fa72",
                "test2_freemuxlet_vs_gmmdemux_all_assignment_after_match.csv:md5,ec0a4e43aea91b2d9690a6980da99278",
                "test2_freemuxlet_vs_gmmdemux_concordance_heatmap.png:md5,666ff7d8b8bb12d055ea6fdb081cb714",
                "test2_freemuxlet_vs_gmmdemux_correlation_res.csv:md5,b0915774342ca64fe9077505a0b98a5f",
                "test2_freemuxlet_vs_gmmdemux_donor_match.csv:md5,2d6da63e3801454389610977089c027f",
                "test2_freemuxlet_vs_gmmdemux_intersect_assignment_after_match.csv:md5,4404e9d367b246d6daf04ac1d72e9b97",
                "test2_freemuxlet_vs_hasheddrops_all_assignment_after_match.csv:md5,05e486189b9c3bbfa381f17191ba5b9d",
                "test2_freemuxlet_vs_hasheddrops_concordance_heatmap.png:md5,666ff7d8b8bb12d055ea6fdb081cb714",
                "test2_freemuxlet_vs_hasheddrops_correlation_res.csv:md5,b0915774342ca64fe9077505a0b98a5f",
                "test2_freemuxlet_vs_hasheddrops_donor_match.csv:md5,2d6da63e3801454389610977089c027f",
                "test2_freemuxlet_vs_hasheddrops_intersect_assignment_after_match.csv:md5,c9ee6eed6505ae762f80e15e02f3a0c7",
                "test2_freemuxlet_vs_hashsolo_all_assignment_after_match.csv:md5,90d108f1f5686f0c1a0f1d63ee84996c",
                "test2_freemuxlet_vs_hashsolo_concordance_heatmap.png:md5,57a72e1a6a34fb333be8cf8d343c8b21",
                "test2_freemuxlet_vs_hashsolo_correlation_res.csv:md5,07726a0bdac892ee79bc40b71780c187",
                "test2_freemuxlet_vs_hashsolo_donor_match.csv:md5,2d6da63e3801454389610977089c027f",
                "test2_freemuxlet_vs_hashsolo_intersect_assignment_after_match.csv:md5,9b0c416e27572acc4c8ba6b97480ca86",
                "test2_freemuxlet_vs_htodemux_all_assignment_after_match.csv:md5,a6757d13708f580c55a8e444f2be7cf3",
                "test2_freemuxlet_vs_htodemux_concordance_heatmap.png:md5,42ab19f0e287585a39d52817f85943f0",
                "test2_freemuxlet_vs_htodemux_correlation_res.csv:md5,56e1f17bb5e0424e4840b2d89fe892d7",
                "test2_freemuxlet_vs_htodemux_donor_match.csv:md5,b92352374bf4b32f7e3a1b032a4c8b5f",
                "test2_freemuxlet_vs_htodemux_intersect_assignment_after_match.csv:md5,d1bf2a5662dd625f51458ee4d0cd575a",
                "test2_freemuxlet_vs_multiseq_all_assignment_after_match.csv:md5,ff848ce7685a658315ad2af8f2d39c4b",
                "test2_freemuxlet_vs_multiseq_concordance_heatmap.png:md5,64bc44fb9aeeb1581ebbf708c8765b4d",
                "test2_freemuxlet_vs_multiseq_correlation_res.csv:md5,8a690fde26636e0e4c44b41a156ae47a",
                "test2_freemuxlet_vs_multiseq_donor_match.csv:md5,b92352374bf4b32f7e3a1b032a4c8b5f",
                "test2_freemuxlet_vs_multiseq_intersect_assignment_after_match.csv:md5,7a178c3e2f08aa338d4bb6e9f1e2cb44",
                "test2_souporcell_vs_bff_consensuscall_all_assignment_after_match.csv:md5,b91311fcd88917173444e25e593f8ea1",
                "test2_souporcell_vs_bff_consensuscall_concordance_heatmap.png:md5,53fcd062b4a8e63cebb1af6e41a59336",
                "test2_souporcell_vs_bff_consensuscall_correlation_res.csv:md5,bfb61a5e0261fdfd1c8c46f3f3dbbe6e",
                "test2_souporcell_vs_bff_consensuscall_donor_match.csv:md5,102fd8c326c1bf1a7ba7b0bd11ea3838",
                "test2_souporcell_vs_bff_consensuscall_intersect_assignment_after_match.csv:md5,aba41e1480b6e2cbad259ba7374ba032",
                "test2_souporcell_vs_bff_raw_all_assignment_after_match.csv:md5,0aa58830e46b7bdcb69a0675b8214297",
                "test2_souporcell_vs_bff_raw_concordance_heatmap.png:md5,53fcd062b4a8e63cebb1af6e41a59336",
                "test2_souporcell_vs_bff_raw_correlation_res.csv:md5,bfb61a5e0261fdfd1c8c46f3f3dbbe6e",
                "test2_souporcell_vs_bff_raw_donor_match.csv:md5,102fd8c326c1bf1a7ba7b0bd11ea3838",
                "test2_souporcell_vs_bff_raw_intersect_assignment_after_match.csv:md5,ce9d753b25f3fd47038458b1f155cc6c",
                "test2_souporcell_vs_gmmdemux_all_assignment_after_match.csv:md5,b9ac543644533f86263c3158b84cf552",
                "test2_souporcell_vs_gmmdemux_concordance_heatmap.png:md5,53fcd062b4a8e63cebb1af6e41a59336",
                "test2_souporcell_vs_gmmdemux_correlation_res.csv:md5,bfb61a5e0261fdfd1c8c46f3f3dbbe6e",
                "test2_souporcell_vs_gmmdemux_donor_match.csv:md5,102fd8c326c1bf1a7ba7b0bd11ea3838",
                "test2_souporcell_vs_gmmdemux_intersect_assignment_after_match.csv:md5,697b51486e68c0506b812bb04455c7a8",
                "test2_souporcell_vs_hasheddrops_all_assignment_after_match.csv:md5,a705ae7739121396c7c92999abbddd39",
                "test2_souporcell_vs_hasheddrops_concordance_heatmap.png:md5,53fcd062b4a8e63cebb1af6e41a59336",
                "test2_souporcell_vs_hasheddrops_correlation_res.csv:md5,bfb61a5e0261fdfd1c8c46f3f3dbbe6e",
                "test2_souporcell_vs_hasheddrops_donor_match.csv:md5,102fd8c326c1bf1a7ba7b0bd11ea3838",
                "test2_souporcell_vs_hasheddrops_intersect_assignment_after_match.csv:md5,c84bd46c4b3c12012144c73398165b55",
                "test2_souporcell_vs_hashsolo_all_assignment_after_match.csv:md5,39234357d62c2c519beb4691338f2797",
                "test2_souporcell_vs_hashsolo_concordance_heatmap.png:md5,91d93741a44e57515defad0cd4837cca",
                "test2_souporcell_vs_hashsolo_correlation_res.csv:md5,c2292c9cc36e62449cdd3fdf6dfb1a1f",
                "test2_souporcell_vs_hashsolo_donor_match.csv:md5,102fd8c326c1bf1a7ba7b0bd11ea3838",
                "test2_souporcell_vs_hashsolo_intersect_assignment_after_match.csv:md5,21ed58633a51cce2e6d8e24bbf122579",
                "test2_souporcell_vs_htodemux_all_assignment_after_match.csv:md5,72c856ac2a4e7bd520d2b1e73cc1ca21",
                "test2_souporcell_vs_htodemux_concordance_heatmap.png:md5,d48df9ebb22dc1f2616511ad0405cdfd",
                "test2_souporcell_vs_htodemux_correlation_res.csv:md5,7e632ed518a1e6f02ed1ea25a28a4e45",
                "test2_souporcell_vs_htodemux_donor_match.csv:md5,d1feea9baad73b5bc106472a226cbbf2",
                "test2_souporcell_vs_htodemux_intersect_assignment_after_match.csv:md5,4f51efd65222751548c1b0ff9d048693",
                "test2_souporcell_vs_multiseq_all_assignment_after_match.csv:md5,a409afeefe73dd91eddd3f6abbde2606",
                "test2_souporcell_vs_multiseq_concordance_heatmap.png:md5,987ae361340b8b77daecc726ffa6b9de",
                "test2_souporcell_vs_multiseq_correlation_res.csv:md5,a5f9d7ebd675403b062cd0f4a59b1592",
                "test2_souporcell_vs_multiseq_donor_match.csv:md5,d1feea9baad73b5bc106472a226cbbf2",
                "test2_souporcell_vs_multiseq_intersect_assignment_after_match.csv:md5,327f460700c49fe1f7d3447db2f0a2ea",
                "test2_best_all_assignment_after_match.csv:md5,b91311fcd88917173444e25e593f8ea1",
                "test2_best_donor_match.csv:md5,102fd8c326c1bf1a7ba7b0bd11ea3838",
                "test2_best_intersect_assignment_after_match.csv:md5,aba41e1480b6e2cbad259ba7374ba032",
                "test2_score_record.csv:md5,8b885c914fe9e3c5189d161a134c4103",
                "test3_freemuxlet_vs_bff_consensuscall_all_assignment_after_match.csv:md5,3be80a76ed631ec8673c188a5b9a9fed",
                "test3_freemuxlet_vs_bff_consensuscall_concordance_heatmap.png:md5,666ff7d8b8bb12d055ea6fdb081cb714",
                "test3_freemuxlet_vs_bff_consensuscall_correlation_res.csv:md5,b0915774342ca64fe9077505a0b98a5f",
                "test3_freemuxlet_vs_bff_consensuscall_donor_match.csv:md5,2d6da63e3801454389610977089c027f",
                "test3_freemuxlet_vs_bff_consensuscall_intersect_assignment_after_match.csv:md5,47d55f4c4f1325b64466719aaa0dc857",
                "test3_freemuxlet_vs_bff_raw_all_assignment_after_match.csv:md5,bb0f18d71f90bc5c3ff5b16e5b946be1",
                "test3_freemuxlet_vs_bff_raw_concordance_heatmap.png:md5,666ff7d8b8bb12d055ea6fdb081cb714",
                "test3_freemuxlet_vs_bff_raw_correlation_res.csv:md5,b0915774342ca64fe9077505a0b98a5f",
                "test3_freemuxlet_vs_bff_raw_donor_match.csv:md5,2d6da63e3801454389610977089c027f",
                "test3_freemuxlet_vs_bff_raw_intersect_assignment_after_match.csv:md5,1d7f52c5e495dbe93919e1f74e17fa72",
                "test3_freemuxlet_vs_gmmdemux_all_assignment_after_match.csv:md5,ec0a4e43aea91b2d9690a6980da99278",
                "test3_freemuxlet_vs_gmmdemux_concordance_heatmap.png:md5,666ff7d8b8bb12d055ea6fdb081cb714",
                "test3_freemuxlet_vs_gmmdemux_correlation_res.csv:md5,b0915774342ca64fe9077505a0b98a5f",
                "test3_freemuxlet_vs_gmmdemux_donor_match.csv:md5,2d6da63e3801454389610977089c027f",
                "test3_freemuxlet_vs_gmmdemux_intersect_assignment_after_match.csv:md5,4404e9d367b246d6daf04ac1d72e9b97",
                "test3_freemuxlet_vs_hasheddrops_all_assignment_after_match.csv:md5,05e486189b9c3bbfa381f17191ba5b9d",
                "test3_freemuxlet_vs_hasheddrops_concordance_heatmap.png:md5,666ff7d8b8bb12d055ea6fdb081cb714",
                "test3_freemuxlet_vs_hasheddrops_correlation_res.csv:md5,b0915774342ca64fe9077505a0b98a5f",
                "test3_freemuxlet_vs_hasheddrops_donor_match.csv:md5,2d6da63e3801454389610977089c027f",
                "test3_freemuxlet_vs_hasheddrops_intersect_assignment_after_match.csv:md5,c9ee6eed6505ae762f80e15e02f3a0c7",
                "test3_freemuxlet_vs_hashsolo_all_assignment_after_match.csv:md5,90d108f1f5686f0c1a0f1d63ee84996c",
                "test3_freemuxlet_vs_hashsolo_concordance_heatmap.png:md5,57a72e1a6a34fb333be8cf8d343c8b21",
                "test3_freemuxlet_vs_hashsolo_correlation_res.csv:md5,07726a0bdac892ee79bc40b71780c187",
                "test3_freemuxlet_vs_hashsolo_donor_match.csv:md5,2d6da63e3801454389610977089c027f",
                "test3_freemuxlet_vs_hashsolo_intersect_assignment_after_match.csv:md5,9b0c416e27572acc4c8ba6b97480ca86",
                "test3_freemuxlet_vs_htodemux_all_assignment_after_match.csv:md5,a6757d13708f580c55a8e444f2be7cf3",
                "test3_freemuxlet_vs_htodemux_concordance_heatmap.png:md5,42ab19f0e287585a39d52817f85943f0",
                "test3_freemuxlet_vs_htodemux_correlation_res.csv:md5,56e1f17bb5e0424e4840b2d89fe892d7",
                "test3_freemuxlet_vs_htodemux_donor_match.csv:md5,b92352374bf4b32f7e3a1b032a4c8b5f",
                "test3_freemuxlet_vs_htodemux_intersect_assignment_after_match.csv:md5,d1bf2a5662dd625f51458ee4d0cd575a",
                "test3_freemuxlet_vs_multiseq_all_assignment_after_match.csv:md5,ff848ce7685a658315ad2af8f2d39c4b",
                "test3_freemuxlet_vs_multiseq_concordance_heatmap.png:md5,64bc44fb9aeeb1581ebbf708c8765b4d",
                "test3_freemuxlet_vs_multiseq_correlation_res.csv:md5,8a690fde26636e0e4c44b41a156ae47a",
                "test3_freemuxlet_vs_multiseq_donor_match.csv:md5,b92352374bf4b32f7e3a1b032a4c8b5f",
                "test3_freemuxlet_vs_multiseq_intersect_assignment_after_match.csv:md5,7a178c3e2f08aa338d4bb6e9f1e2cb44",
                "test3_souporcell_vs_bff_consensuscall_all_assignment_after_match.csv:md5,b91311fcd88917173444e25e593f8ea1",
                "test3_souporcell_vs_bff_consensuscall_concordance_heatmap.png:md5,53fcd062b4a8e63cebb1af6e41a59336",
                "test3_souporcell_vs_bff_consensuscall_correlation_res.csv:md5,bfb61a5e0261fdfd1c8c46f3f3dbbe6e",
                "test3_souporcell_vs_bff_consensuscall_donor_match.csv:md5,102fd8c326c1bf1a7ba7b0bd11ea3838",
                "test3_souporcell_vs_bff_consensuscall_intersect_assignment_after_match.csv:md5,aba41e1480b6e2cbad259ba7374ba032",
                "test3_souporcell_vs_bff_raw_all_assignment_after_match.csv:md5,0aa58830e46b7bdcb69a0675b8214297",
                "test3_souporcell_vs_bff_raw_concordance_heatmap.png:md5,53fcd062b4a8e63cebb1af6e41a59336",
                "test3_souporcell_vs_bff_raw_correlation_res.csv:md5,bfb61a5e0261fdfd1c8c46f3f3dbbe6e",
                "test3_souporcell_vs_bff_raw_donor_match.csv:md5,102fd8c326c1bf1a7ba7b0bd11ea3838",
                "test3_souporcell_vs_bff_raw_intersect_assignment_after_match.csv:md5,ce9d753b25f3fd47038458b1f155cc6c",
                "test3_souporcell_vs_gmmdemux_all_assignment_after_match.csv:md5,b9ac543644533f86263c3158b84cf552",
                "test3_souporcell_vs_gmmdemux_concordance_heatmap.png:md5,53fcd062b4a8e63cebb1af6e41a59336",
                "test3_souporcell_vs_gmmdemux_correlation_res.csv:md5,bfb61a5e0261fdfd1c8c46f3f3dbbe6e",
                "test3_souporcell_vs_gmmdemux_donor_match.csv:md5,102fd8c326c1bf1a7ba7b0bd11ea3838",
                "test3_souporcell_vs_gmmdemux_intersect_assignment_after_match.csv:md5,697b51486e68c0506b812bb04455c7a8",
                "test3_souporcell_vs_hasheddrops_all_assignment_after_match.csv:md5,a705ae7739121396c7c92999abbddd39",
                "test3_souporcell_vs_hasheddrops_concordance_heatmap.png:md5,53fcd062b4a8e63cebb1af6e41a59336",
                "test3_souporcell_vs_hasheddrops_correlation_res.csv:md5,bfb61a5e0261fdfd1c8c46f3f3dbbe6e",
                "test3_souporcell_vs_hasheddrops_donor_match.csv:md5,102fd8c326c1bf1a7ba7b0bd11ea3838",
                "test3_souporcell_vs_hasheddrops_intersect_assignment_after_match.csv:md5,c84bd46c4b3c12012144c73398165b55",
                "test3_souporcell_vs_hashsolo_all_assignment_after_match.csv:md5,39234357d62c2c519beb4691338f2797",
                "test3_souporcell_vs_hashsolo_concordance_heatmap.png:md5,91d93741a44e57515defad0cd4837cca",
                "test3_souporcell_vs_hashsolo_correlation_res.csv:md5,c2292c9cc36e62449cdd3fdf6dfb1a1f",
                "test3_souporcell_vs_hashsolo_donor_match.csv:md5,102fd8c326c1bf1a7ba7b0bd11ea3838",
                "test3_souporcell_vs_hashsolo_intersect_assignment_after_match.csv:md5,21ed58633a51cce2e6d8e24bbf122579",
                "test3_souporcell_vs_htodemux_all_assignment_after_match.csv:md5,72c856ac2a4e7bd520d2b1e73cc1ca21",
                "test3_souporcell_vs_htodemux_concordance_heatmap.png:md5,d48df9ebb22dc1f2616511ad0405cdfd",
                "test3_souporcell_vs_htodemux_correlation_res.csv:md5,7e632ed518a1e6f02ed1ea25a28a4e45",
                "test3_souporcell_vs_htodemux_donor_match.csv:md5,d1feea9baad73b5bc106472a226cbbf2",
                "test3_souporcell_vs_htodemux_intersect_assignment_after_match.csv:md5,4f51efd65222751548c1b0ff9d048693",
                "test3_souporcell_vs_multiseq_all_assignment_after_match.csv:md5,a409afeefe73dd91eddd3f6abbde2606",
                "test3_souporcell_vs_multiseq_concordance_heatmap.png:md5,987ae361340b8b77daecc726ffa6b9de",
                "test3_souporcell_vs_multiseq_correlation_res.csv:md5,a5f9d7ebd675403b062cd0f4a59b1592",
                "test3_souporcell_vs_multiseq_donor_match.csv:md5,d1feea9baad73b5bc106472a226cbbf2",
                "test3_souporcell_vs_multiseq_intersect_assignment_after_match.csv:md5,327f460700c49fe1f7d3447db2f0a2ea",
                "test3_best_all_assignment_after_match.csv:md5,b91311fcd88917173444e25e593f8ea1",
                "test3_best_donor_match.csv:md5,102fd8c326c1bf1a7ba7b0bd11ea3838",
                "test3_best_intersect_assignment_after_match.csv:md5,aba41e1480b6e2cbad259ba7374ba032",
                "test3_score_record.csv:md5,3708ca053d6aa9040f4200d0f99f4433",
                "test1_hashes.txt:md5,56390704cb4a0f31ca5a2d9293d673c0",
                "test2_hashes.txt:md5,56390704cb4a0f31ca5a2d9293d673c0",
                "test3_hashes.txt:md5,56390704cb4a0f31ca5a2d9293d673c0",
                "test1.best:md5,1afa27ec59d7ea6b37e1b9ffbc6007e8",
                "test2.best:md5,1afa27ec59d7ea6b37e1b9ffbc6007e8",
                "test3.best:md5,1afa27ec59d7ea6b37e1b9ffbc6007e8",
                "test1.clust1.samples.gz:md5,42f8c8ba281fccf6edaf6dbd30144210",
                "test1.clust1.vcf.gz:md5,1bfb982072ce8a1e6e417ca1ff3e9859",
                "test1.lmix:md5,d8be4c936ff56980a476d5ba82290b8e",
                "test2.clust1.samples.gz:md5,42f8c8ba281fccf6edaf6dbd30144210",
                "test2.clust1.vcf.gz:md5,1bfb982072ce8a1e6e417ca1ff3e9859",
                "test2.lmix:md5,d8be4c936ff56980a476d5ba82290b8e",
                "test3.clust1.samples.gz:md5,42f8c8ba281fccf6edaf6dbd30144210",
                "test3.clust1.vcf.gz:md5,1bfb982072ce8a1e6e417ca1ff3e9859",
                "test3.lmix:md5,d8be4c936ff56980a476d5ba82290b8e",
                "ambient_rna.txt:md5,d9a81ef5a446f7e383ff6049e79db45d",
                "cluster_genotypes.vcf:md5,7220238afdaa5430409053604b59b6df",
                "clusters.tsv:md5,3443284fb0e0ace31b5da0f329568392",
                "ambient_rna.txt:md5,27d4cb794ef5fd3ea59a55f818b043e6",
                "cluster_genotypes.vcf:md5,2e6b8240683469f2c7d3ad59b68d2436",
                "clusters.tsv:md5,3443284fb0e0ace31b5da0f329568392",
                "ambient_rna.txt:md5,a499ea2a76193747913575c516bd38be",
                "cluster_genotypes.vcf:md5,8cdf1de0f741cbc08f16036195e0254b",
                "clusters.tsv:md5,3443284fb0e0ace31b5da0f329568392",
                "test1_genetic_summary.h5ad:md5,26c8732e21198cc79ba43d125b0f28bd",
                "test1_genetic_summary.h5mu:md5,fb2624f40e31526a7cdbafcd6bf792c3",
                "test1_genetic_summary_assignment.csv:md5,d2f690ee039277baca1d0c6cd2a9e5d0",
                "test1_genetic_summary_classification.csv:md5,636096984c0a8e0d0e641ab76cf47903",
                "test2_genetic_summary.h5ad:md5,5dc79a84c69a8cac850ba0823ad4a271",
                "test2_genetic_summary.h5mu:md5,07b662991a839aea646acdeb79a7ac80",
                "test2_genetic_summary_assignment.csv:md5,af894fc9602de8b103ad380930196d24",
                "test2_genetic_summary_classification.csv:md5,1b141813ce2c1a52e4e7db9cac854264",
                "test3_genetic_summary.h5ad:md5,75d5b8bf9fca56c5af07d2f1df772450",
                "test3_genetic_summary.h5mu:md5,3990958f3c0ccfdde5b17270d7fae034",
                "test3_genetic_summary_assignment.csv:md5,59e572a94b71c4682f5e66ab415bcf4c",
                "test3_genetic_summary_classification.csv:md5,be741188392323f0e2f34e5d4acc125c",
                "test1.base.vcf.gz:md5,36eccb4bd3e2130f395985e09a66a60d",
                "test1.cells.vcf.gz:md5,b28d8acaf17777c7cf9e2c7d01d93a66",
                "test1.samples.tsv:md5,9e488782c1bcd63c37ee3d1c4c0a9217",
                "test1.tag.AD.mtx:md5,a76d9f63c6abdcab00f583fac269a98e",
                "test1.tag.DP.mtx:md5,6f8e54bbaa8ad9dcaa42c15eff1e1351",
                "test1.tag.OTH.mtx:md5,45e64ea3b3b8e8a7126690d9e775d501",
                "test1_donor_ids.tsv:md5,083e128fb5594df75dff060ec886d69c",
                "test1_prob_doublet.tsv.gz:md5,0226d8043ee03b790fe2d130093b40df",
                "test1_prob_singlet.tsv.gz:md5,959b21543d21f2214e399e541848d81a",
                "test1_summary.tsv:md5,94b0ce40cc86bbe7fbacebf98e685ee7",
                "test2.base.vcf.gz:md5,36eccb4bd3e2130f395985e09a66a60d",
                "test2.cells.vcf.gz:md5,b28d8acaf17777c7cf9e2c7d01d93a66",
                "test2.samples.tsv:md5,9e488782c1bcd63c37ee3d1c4c0a9217",
                "test2.tag.AD.mtx:md5,a76d9f63c6abdcab00f583fac269a98e",
                "test2.tag.DP.mtx:md5,6f8e54bbaa8ad9dcaa42c15eff1e1351",
                "test2.tag.OTH.mtx:md5,45e64ea3b3b8e8a7126690d9e775d501",
                "test2_donor_ids.tsv:md5,083e128fb5594df75dff060ec886d69c",
                "test2_prob_doublet.tsv.gz:md5,0226d8043ee03b790fe2d130093b40df",
                "test2_prob_singlet.tsv.gz:md5,959b21543d21f2214e399e541848d81a",
                "test2_summary.tsv:md5,94b0ce40cc86bbe7fbacebf98e685ee7",
                "test3.base.vcf.gz:md5,36eccb4bd3e2130f395985e09a66a60d",
                "test3.cells.vcf.gz:md5,b28d8acaf17777c7cf9e2c7d01d93a66",
                "test3.samples.tsv:md5,9e488782c1bcd63c37ee3d1c4c0a9217",
                "test3.tag.AD.mtx:md5,a76d9f63c6abdcab00f583fac269a98e",
                "test3.tag.DP.mtx:md5,6f8e54bbaa8ad9dcaa42c15eff1e1351",
                "test3.tag.OTH.mtx:md5,45e64ea3b3b8e8a7126690d9e775d501",
                "test3_donor_ids.tsv:md5,083e128fb5594df75dff060ec886d69c",
                "test3_prob_doublet.tsv.gz:md5,0226d8043ee03b790fe2d130093b40df",
                "test3_prob_singlet.tsv.gz:md5,959b21543d21f2214e399e541848d81a",
                "test3_summary.tsv:md5,94b0ce40cc86bbe7fbacebf98e685ee7",
                "test1.csv:md5,2f3c66957f0ef0052f44377c693e9787",
                "test2.csv:md5,69c8feb3862d535d91fd25dc4b6146ee",
                "test3.csv:md5,d5c45a6dd8533398cf00acc49c5f0c0a",
                "GMM_full.config:md5,8b2a9c372a7982d815a05b01e2964cb6",
                "barcodes.tsv.gz:md5,e4cd9ce9929a07d6763304ec1bf64c23",
                "features.tsv.gz:md5,e244612671c0667117cf06b846e7307a",
                "matrix.mtx.gz:md5,6f855b8bf68573d2e09139c29f9a2d41",
                "GMM_full.config:md5,8b2a9c372a7982d815a05b01e2964cb6",
                "barcodes.tsv.gz:md5,e4cd9ce9929a07d6763304ec1bf64c23",
                "features.tsv.gz:md5,e244612671c0667117cf06b846e7307a",
                "matrix.mtx.gz:md5,6f855b8bf68573d2e09139c29f9a2d41",
                "GMM_full.config:md5,8b2a9c372a7982d815a05b01e2964cb6",
                "barcodes.tsv.gz:md5,e4cd9ce9929a07d6763304ec1bf64c23",
                "features.tsv.gz:md5,e244612671c0667117cf06b846e7307a",
                "matrix.mtx.gz:md5,6f855b8bf68573d2e09139c29f9a2d41",
                "test1_emptyDrops.csv:md5,a227d42afbcc590b4e949075cde4a5b6",
                "test1_emptyDrops.png:md5,2d7113a76a494b2b2c18b77c4a664063",
                "test1_emptyDrops.rds:md5,bda2e88b1e3e8c8ea5a22e19e3ab243d",
                "test1_hasheddrops.rds:md5,354124932e1ec5c230ee344ee33417b3",
                "test1_id_to_hash.csv:md5,1833c29abc6feec1c8d400342019fed2",
                "test1_params_hasheddrops.csv:md5,b253501914df23ef5901262e8a241a8d",
                "test1_plot_hasheddrops.png:md5,2d7113a76a494b2b2c18b77c4a664063",
                "test1_results_hasheddrops.csv:md5,9614789e65fc843e6a11fa60686fe89a",
                "test2_emptyDrops.csv:md5,a227d42afbcc590b4e949075cde4a5b6",
                "test2_emptyDrops.png:md5,2d7113a76a494b2b2c18b77c4a664063",
                "test2_emptyDrops.rds:md5,bda2e88b1e3e8c8ea5a22e19e3ab243d",
                "test2_hasheddrops.rds:md5,354124932e1ec5c230ee344ee33417b3",
                "test2_id_to_hash.csv:md5,1833c29abc6feec1c8d400342019fed2",
                "test2_params_hasheddrops.csv:md5,3612264937e5c5962fefddc43afb595f",
                "test2_plot_hasheddrops.png:md5,2d7113a76a494b2b2c18b77c4a664063",
                "test2_results_hasheddrops.csv:md5,9614789e65fc843e6a11fa60686fe89a",
                "test3_emptyDrops.csv:md5,a227d42afbcc590b4e949075cde4a5b6",
                "test3_emptyDrops.png:md5,2d7113a76a494b2b2c18b77c4a664063",
                "test3_emptyDrops.rds:md5,bda2e88b1e3e8c8ea5a22e19e3ab243d",
                "test3_hasheddrops.rds:md5,354124932e1ec5c230ee344ee33417b3",
                "test3_id_to_hash.csv:md5,1833c29abc6feec1c8d400342019fed2",
                "test3_params_hasheddrops.csv:md5,b15e94f887e3ada8f790ea18eb791d8b",
                "test3_plot_hasheddrops.png:md5,2d7113a76a494b2b2c18b77c4a664063",
                "test3_results_hasheddrops.csv:md5,9614789e65fc843e6a11fa60686fe89a",
                "test1_assignment_hashsolo.csv:md5,95de378e2f00e06a642925ba7b4b2a13",
                "test1_hashsolo.h5ad:md5,3f9de5dd57023a525961ce126a6a2f5b",
                "test1_params_hashsolo.csv:md5,e7b8c6c56164c1e458fd281ac44a70f3",
                "test2_assignment_hashsolo.csv:md5,95de378e2f00e06a642925ba7b4b2a13",
                "test2_hashsolo.h5ad:md5,3f9de5dd57023a525961ce126a6a2f5b",
                "test2_params_hashsolo.csv:md5,504ae4e442d33b7be74926244a46eba2",
                "test3_assignment_hashsolo.csv:md5,95de378e2f00e06a642925ba7b4b2a13",
                "test3_hashsolo.h5ad:md5,3f9de5dd57023a525961ce126a6a2f5b",
                "test3_params_hashsolo.csv:md5,1f6d75d89ed76c033155277713661dc3",
                "test1_assignment_htodemux.csv:md5,33d72b27c3d0b0f7394af18a18490a5c",
                "test1_classification_htodemux.csv:md5,886f595f148d2ccdd5a9134b8eb815cb",
                "test1_params_htodemux.csv:md5,08b6c065b0c383e6be3c20787ec01d3e",
                "test2_assignment_htodemux.csv:md5,33d72b27c3d0b0f7394af18a18490a5c",
                "test2_classification_htodemux.csv:md5,886f595f148d2ccdd5a9134b8eb815cb",
                "test2_params_htodemux.csv:md5,484909d87cacd9c2b9cf60a3c853a5fd",
                "test3_assignment_htodemux.csv:md5,33d72b27c3d0b0f7394af18a18490a5c",
                "test3_classification_htodemux.csv:md5,886f595f148d2ccdd5a9134b8eb815cb",
                "test3_params_htodemux.csv:md5,a0a3f900a632eea39057b038438a89b9",
                "test1_featureScatter_htodemux.jpeg:md5,c67268ac0ff18c485899b4ee58f8f948",
                "test1_heatMap_htodemux.jpeg:md5,2ebdb027344db91ae89deaa3d1011993",
                "test1_ridge_htodemux.jpeg:md5,8bbc209b475b437a80f853277daa4ce9",
                "test1_tSNE_htodemux.jpeg:md5,470812a92d09b88ea6e33bcdadb13f11",
                "test1_violinPlot_htodemux.jpeg:md5,ef866e13e18a31ab43370299245d33c7",
                "test1_visual_params_htodemux.csv:md5,0a175b9868be2b4447867ab38705c11d",
                "test2_featureScatter_htodemux.jpeg:md5,c67268ac0ff18c485899b4ee58f8f948",
                "test2_heatMap_htodemux.jpeg:md5,2ebdb027344db91ae89deaa3d1011993",
                "test2_ridge_htodemux.jpeg:md5,8bbc209b475b437a80f853277daa4ce9",
                "test2_tSNE_htodemux.jpeg:md5,470812a92d09b88ea6e33bcdadb13f11",
                "test2_violinPlot_htodemux.jpeg:md5,ef866e13e18a31ab43370299245d33c7",
                "test2_visual_params_htodemux.csv:md5,062e94620e3207810ddf2c65bf0d2914",
                "test3_featureScatter_htodemux.jpeg:md5,c67268ac0ff18c485899b4ee58f8f948",
                "test3_heatMap_htodemux.jpeg:md5,2ebdb027344db91ae89deaa3d1011993",
                "test3_ridge_htodemux.jpeg:md5,8bbc209b475b437a80f853277daa4ce9",
                "test3_tSNE_htodemux.jpeg:md5,470812a92d09b88ea6e33bcdadb13f11",
                "test3_violinPlot_htodemux.jpeg:md5,ef866e13e18a31ab43370299245d33c7",
                "test3_visual_params_htodemux.csv:md5,b6f8f5593aeb86d846292f2f23fc518d",
                "test1_params_multiseqdemux.csv:md5,60a096f79d78655870aef2af9130cf9d",
                "test1_res_multiseqdemux.csv:md5,9d4475b8c2778e7e361747dd521072e4",
                "test2_params_multiseqdemux.csv:md5,bb7b4009e6f709ebf35407b7849bfac3",
                "test2_res_multiseqdemux.csv:md5,9d4475b8c2778e7e361747dd521072e4",
                "test3_params_multiseqdemux.csv:md5,336308c45e52f92981173ecc7f295581",
                "test3_res_multiseqdemux.csv:md5,9d4475b8c2778e7e361747dd521072e4",
                "test1_params_preprocessing.csv:md5,b77b94588a53835e913cb55b3791d309",
                "test2_params_preprocessing.csv:md5,0ed6b213e9f08ee5fc0f89b7184a3fb9",
                "test3_params_preprocessing.csv:md5,c5b931c6fe281d0cc63cb3ed13cb2d10",
                "test1_hashing_summary.h5ad:md5,f7f311614d6aa6f65cf657f311e20c52",
                "test1_hashing_summary.h5mu:md5,1a92c7c16375fc15733f96d4556e86c4",
                "test1_hashing_summary_assignment.csv:md5,a94123318ba681f2beecd73383fba621",
                "test1_hashing_summary_classification.csv:md5,052d8aad0e934cb2384fae9b9f313e37",
                "test2_hashing_summary.h5ad:md5,f7f311614d6aa6f65cf657f311e20c52",
                "test2_hashing_summary.h5mu:md5,1a92c7c16375fc15733f96d4556e86c4",
                "test2_hashing_summary_assignment.csv:md5,a94123318ba681f2beecd73383fba621",
                "test2_hashing_summary_classification.csv:md5,052d8aad0e934cb2384fae9b9f313e37",
                "test3_hashing_summary.h5ad:md5,f7f311614d6aa6f65cf657f311e20c52",
                "test3_hashing_summary.h5mu:md5,1a92c7c16375fc15733f96d4556e86c4",
                "test3_hashing_summary_assignment.csv:md5,a94123318ba681f2beecd73383fba621",
                "test3_hashing_summary_classification.csv:md5,052d8aad0e934cb2384fae9b9f313e37",
                "llms-full.txt:md5,40089390804bc0a68d1714924cf97ec0",
                "multiqc.parquet:md5,4366576f4a8e21a262c898f42c0557a6",
                "multiqc_citations.txt:md5,4c806e63a283ec1b7e78cdae3a923d4f",
                "barcodes.tsv.gz:md5,298331318a633cd9fdcb29416bf6ae41",
                "features.tsv.gz:md5,e244612671c0667117cf06b846e7307a",
                "matrix.mtx.gz:md5,af1bcd7c84f4f4838a4b732908a884f9",
                "barcodes.tsv.gz:md5,298331318a633cd9fdcb29416bf6ae41",
                "features.tsv.gz:md5,29c98c53ef1a9fa601a5bd4f29633e14",
                "matrix.mtx.gz:md5,a54e91362b29715b36ec33e96f981d12",
                "barcodes.tsv.gz:md5,298331318a633cd9fdcb29416bf6ae41",
                "features.tsv.gz:md5,e244612671c0667117cf06b846e7307a",
                "matrix.mtx.gz:md5,af1bcd7c84f4f4838a4b732908a884f9",
                "barcodes.tsv.gz:md5,298331318a633cd9fdcb29416bf6ae41",
                "features.tsv.gz:md5,29c98c53ef1a9fa601a5bd4f29633e14",
                "matrix.mtx.gz:md5,a54e91362b29715b36ec33e96f981d12",
                "barcodes.tsv.gz:md5,298331318a633cd9fdcb29416bf6ae41",
                "features.tsv.gz:md5,e244612671c0667117cf06b846e7307a",
                "matrix.mtx.gz:md5,af1bcd7c84f4f4838a4b732908a884f9",
                "barcodes.tsv.gz:md5,298331318a633cd9fdcb29416bf6ae41",
                "features.tsv.gz:md5,29c98c53ef1a9fa601a5bd4f29633e14",
                "matrix.mtx.gz:md5,a54e91362b29715b36ec33e96f981d12"
            ]
        ],
        "meta": {
            "nf-test": "0.9.2",
            "nextflow": "25.04.6"
        },
        "timestamp": "2025-11-11T18:05:05.57895401"
    }
}