{
    "-profile test": {
        "content": [
            {
                "BFF": {
                    "r-base": "4.3.3",
                    "r-seurat": "4.3.0.1",
                    "cellhashR": "1.0.3"
                },
                "CELLSNP_MODEA": {
                    "cellsnp": "1.2.3"
                },
                "DONOR_MATCH": {
                    "r-base": "4.5.2",
                    "r-data.table": "1.17.8",
                    "r-pheatmap": "1.0.13",
                    "r-tidyverse": "2.0.0"
                },
                "FIND_VARIANTS": {
                    "r-base": "4.5.2",
                    "r-complexupset": "1.3.3",
                    "r-data.table": "1.17.8",
                    "r-tidyverse": "2.0.0",
                    "r-vcfr": "1.15.0"
                },
                "GENE_SUMMARY": {
                    "numpy": "2.3.5",
                    "pandas": "2.3.3",
                    "python": "3.14.2",
                    "scanpy": "1.11.5"
                },
                "GMMDEMUX": {
                    "GMM-Demux": "0.2.2.3"
                },
                "HASHEDDROPS": {
                    "r-base": "4.4.3",
                    "r-seurat": "5.3.0",
                    "dropletutils": "1.26.0"
                },
                "HASH_SUMMARY": {
                    "numpy": "2.3.5",
                    "pandas": "2.3.3",
                    "pegasusio": "0.10.0",
                    "python": "3.12.12",
                    "scanpy": "1.11.5"
                },
                "JOIN_RESULTS_ASSIGNMENT": {
                    "csvtk": "0.31.0"
                },
                "JOIN_RESULTS_CLASSIFICATION": {
                    "csvtk": "0.31.0"
                },
                "POPSCLE_DSCPILEUP": {
                    "popscle dsc-pileup": 0.1
                },
                "POPSCLE_FREEMUXLET": {
                    "popscle": 0.1
                },
                "SAMTOOLS_INDEX": {
                    "samtools": 1.21
                },
                "SAMTOOLS_SORT": {
                    "samtools": 1.21
                },
                "SAMTOOLS_VIEW": {
                    "samtools": 1.21
                },
                "SOUPORCELL": {
                    "souporcell": 2.5
                },
                "SUBSET_GT_DONORS": {
                    "bcftools": 1.22
                },
                "UMITOOLS_DEDUP": {
                    "umitools": "1.1.5"
                },
                "UNTAR_HTO": {
                    "untar": 1.34
                },
                "UNTAR_RNA": {
                    "untar": 1.34
                },
                "VIREO": {
                    "vireo": "v0.5.8"
                },
                "Workflow": {
                    "nf-core/hadge": "v1.0.0dev"
                }
            },
            [
                "donor_match",
                "donor_match/test1",
                "donor_match/test1/freemuxlet_vs_bff_consensuscall",
                "donor_match/test1/freemuxlet_vs_bff_consensuscall/test1_freemuxlet_vs_bff_consensuscall_all_assignment_after_match.csv",
                "donor_match/test1/freemuxlet_vs_bff_consensuscall/test1_freemuxlet_vs_bff_consensuscall_concordance_heatmap.png",
                "donor_match/test1/freemuxlet_vs_bff_consensuscall/test1_freemuxlet_vs_bff_consensuscall_correlation_res.csv",
                "donor_match/test1/freemuxlet_vs_bff_consensuscall/test1_freemuxlet_vs_bff_consensuscall_donor_match.csv",
                "donor_match/test1/freemuxlet_vs_bff_consensuscall/test1_freemuxlet_vs_bff_consensuscall_intersect_assignment_after_match.csv",
                "donor_match/test1/freemuxlet_vs_bff_raw",
                "donor_match/test1/freemuxlet_vs_bff_raw/test1_freemuxlet_vs_bff_raw_all_assignment_after_match.csv",
                "donor_match/test1/freemuxlet_vs_bff_raw/test1_freemuxlet_vs_bff_raw_concordance_heatmap.png",
                "donor_match/test1/freemuxlet_vs_bff_raw/test1_freemuxlet_vs_bff_raw_correlation_res.csv",
                "donor_match/test1/freemuxlet_vs_bff_raw/test1_freemuxlet_vs_bff_raw_donor_match.csv",
                "donor_match/test1/freemuxlet_vs_bff_raw/test1_freemuxlet_vs_bff_raw_intersect_assignment_after_match.csv",
                "donor_match/test1/freemuxlet_vs_gmmdemux",
                "donor_match/test1/freemuxlet_vs_gmmdemux/test1_freemuxlet_vs_gmmdemux_all_assignment_after_match.csv",
                "donor_match/test1/freemuxlet_vs_gmmdemux/test1_freemuxlet_vs_gmmdemux_concordance_heatmap.png",
                "donor_match/test1/freemuxlet_vs_gmmdemux/test1_freemuxlet_vs_gmmdemux_correlation_res.csv",
                "donor_match/test1/freemuxlet_vs_gmmdemux/test1_freemuxlet_vs_gmmdemux_donor_match.csv",
                "donor_match/test1/freemuxlet_vs_gmmdemux/test1_freemuxlet_vs_gmmdemux_intersect_assignment_after_match.csv",
                "donor_match/test1/freemuxlet_vs_hasheddrops",
                "donor_match/test1/freemuxlet_vs_hasheddrops/test1_freemuxlet_vs_hasheddrops_all_assignment_after_match.csv",
                "donor_match/test1/freemuxlet_vs_hasheddrops/test1_freemuxlet_vs_hasheddrops_concordance_heatmap.png",
                "donor_match/test1/freemuxlet_vs_hasheddrops/test1_freemuxlet_vs_hasheddrops_correlation_res.csv",
                "donor_match/test1/freemuxlet_vs_hasheddrops/test1_freemuxlet_vs_hasheddrops_donor_match.csv",
                "donor_match/test1/freemuxlet_vs_hasheddrops/test1_freemuxlet_vs_hasheddrops_intersect_assignment_after_match.csv",
                "donor_match/test1/souporcell_vs_bff_consensuscall",
                "donor_match/test1/souporcell_vs_bff_consensuscall/test1_souporcell_vs_bff_consensuscall_all_assignment_after_match.csv",
                "donor_match/test1/souporcell_vs_bff_consensuscall/test1_souporcell_vs_bff_consensuscall_concordance_heatmap.png",
                "donor_match/test1/souporcell_vs_bff_consensuscall/test1_souporcell_vs_bff_consensuscall_correlation_res.csv",
                "donor_match/test1/souporcell_vs_bff_consensuscall/test1_souporcell_vs_bff_consensuscall_donor_match.csv",
                "donor_match/test1/souporcell_vs_bff_consensuscall/test1_souporcell_vs_bff_consensuscall_intersect_assignment_after_match.csv",
                "donor_match/test1/souporcell_vs_bff_raw",
                "donor_match/test1/souporcell_vs_bff_raw/test1_souporcell_vs_bff_raw_all_assignment_after_match.csv",
                "donor_match/test1/souporcell_vs_bff_raw/test1_souporcell_vs_bff_raw_concordance_heatmap.png",
                "donor_match/test1/souporcell_vs_bff_raw/test1_souporcell_vs_bff_raw_correlation_res.csv",
                "donor_match/test1/souporcell_vs_bff_raw/test1_souporcell_vs_bff_raw_donor_match.csv",
                "donor_match/test1/souporcell_vs_bff_raw/test1_souporcell_vs_bff_raw_intersect_assignment_after_match.csv",
                "donor_match/test1/souporcell_vs_gmmdemux",
                "donor_match/test1/souporcell_vs_gmmdemux/test1_souporcell_vs_gmmdemux_all_assignment_after_match.csv",
                "donor_match/test1/souporcell_vs_gmmdemux/test1_souporcell_vs_gmmdemux_concordance_heatmap.png",
                "donor_match/test1/souporcell_vs_gmmdemux/test1_souporcell_vs_gmmdemux_correlation_res.csv",
                "donor_match/test1/souporcell_vs_gmmdemux/test1_souporcell_vs_gmmdemux_donor_match.csv",
                "donor_match/test1/souporcell_vs_gmmdemux/test1_souporcell_vs_gmmdemux_intersect_assignment_after_match.csv",
                "donor_match/test1/souporcell_vs_hasheddrops",
                "donor_match/test1/souporcell_vs_hasheddrops/test1_souporcell_vs_hasheddrops_all_assignment_after_match.csv",
                "donor_match/test1/souporcell_vs_hasheddrops/test1_souporcell_vs_hasheddrops_concordance_heatmap.png",
                "donor_match/test1/souporcell_vs_hasheddrops/test1_souporcell_vs_hasheddrops_correlation_res.csv",
                "donor_match/test1/souporcell_vs_hasheddrops/test1_souporcell_vs_hasheddrops_donor_match.csv",
                "donor_match/test1/souporcell_vs_hasheddrops/test1_souporcell_vs_hasheddrops_intersect_assignment_after_match.csv",
                "donor_match/test1/test1_best_all_assignment_after_match.csv",
                "donor_match/test1/test1_best_donor_match.csv",
                "donor_match/test1/test1_best_intersect_assignment_after_match.csv",
                "donor_match/test1/test1_score_record.csv",
                "donor_match/test2",
                "donor_match/test2/freemuxlet_vs_bff_consensuscall",
                "donor_match/test2/freemuxlet_vs_bff_consensuscall/test2_freemuxlet_vs_bff_consensuscall_all_assignment_after_match.csv",
                "donor_match/test2/freemuxlet_vs_bff_consensuscall/test2_freemuxlet_vs_bff_consensuscall_concordance_heatmap.png",
                "donor_match/test2/freemuxlet_vs_bff_consensuscall/test2_freemuxlet_vs_bff_consensuscall_correlation_res.csv",
                "donor_match/test2/freemuxlet_vs_bff_consensuscall/test2_freemuxlet_vs_bff_consensuscall_donor_match.csv",
                "donor_match/test2/freemuxlet_vs_bff_consensuscall/test2_freemuxlet_vs_bff_consensuscall_intersect_assignment_after_match.csv",
                "donor_match/test2/freemuxlet_vs_bff_raw",
                "donor_match/test2/freemuxlet_vs_bff_raw/test2_freemuxlet_vs_bff_raw_all_assignment_after_match.csv",
                "donor_match/test2/freemuxlet_vs_bff_raw/test2_freemuxlet_vs_bff_raw_concordance_heatmap.png",
                "donor_match/test2/freemuxlet_vs_bff_raw/test2_freemuxlet_vs_bff_raw_correlation_res.csv",
                "donor_match/test2/freemuxlet_vs_bff_raw/test2_freemuxlet_vs_bff_raw_donor_match.csv",
                "donor_match/test2/freemuxlet_vs_bff_raw/test2_freemuxlet_vs_bff_raw_intersect_assignment_after_match.csv",
                "donor_match/test2/freemuxlet_vs_gmmdemux",
                "donor_match/test2/freemuxlet_vs_gmmdemux/test2_freemuxlet_vs_gmmdemux_all_assignment_after_match.csv",
                "donor_match/test2/freemuxlet_vs_gmmdemux/test2_freemuxlet_vs_gmmdemux_concordance_heatmap.png",
                "donor_match/test2/freemuxlet_vs_gmmdemux/test2_freemuxlet_vs_gmmdemux_correlation_res.csv",
                "donor_match/test2/freemuxlet_vs_gmmdemux/test2_freemuxlet_vs_gmmdemux_donor_match.csv",
                "donor_match/test2/freemuxlet_vs_gmmdemux/test2_freemuxlet_vs_gmmdemux_intersect_assignment_after_match.csv",
                "donor_match/test2/freemuxlet_vs_hasheddrops",
                "donor_match/test2/freemuxlet_vs_hasheddrops/test2_freemuxlet_vs_hasheddrops_all_assignment_after_match.csv",
                "donor_match/test2/freemuxlet_vs_hasheddrops/test2_freemuxlet_vs_hasheddrops_concordance_heatmap.png",
                "donor_match/test2/freemuxlet_vs_hasheddrops/test2_freemuxlet_vs_hasheddrops_correlation_res.csv",
                "donor_match/test2/freemuxlet_vs_hasheddrops/test2_freemuxlet_vs_hasheddrops_donor_match.csv",
                "donor_match/test2/freemuxlet_vs_hasheddrops/test2_freemuxlet_vs_hasheddrops_intersect_assignment_after_match.csv",
                "donor_match/test2/souporcell_vs_bff_consensuscall",
                "donor_match/test2/souporcell_vs_bff_consensuscall/test2_souporcell_vs_bff_consensuscall_all_assignment_after_match.csv",
                "donor_match/test2/souporcell_vs_bff_consensuscall/test2_souporcell_vs_bff_consensuscall_concordance_heatmap.png",
                "donor_match/test2/souporcell_vs_bff_consensuscall/test2_souporcell_vs_bff_consensuscall_correlation_res.csv",
                "donor_match/test2/souporcell_vs_bff_consensuscall/test2_souporcell_vs_bff_consensuscall_donor_match.csv",
                "donor_match/test2/souporcell_vs_bff_consensuscall/test2_souporcell_vs_bff_consensuscall_intersect_assignment_after_match.csv",
                "donor_match/test2/souporcell_vs_bff_raw",
                "donor_match/test2/souporcell_vs_bff_raw/test2_souporcell_vs_bff_raw_all_assignment_after_match.csv",
                "donor_match/test2/souporcell_vs_bff_raw/test2_souporcell_vs_bff_raw_concordance_heatmap.png",
                "donor_match/test2/souporcell_vs_bff_raw/test2_souporcell_vs_bff_raw_correlation_res.csv",
                "donor_match/test2/souporcell_vs_bff_raw/test2_souporcell_vs_bff_raw_donor_match.csv",
                "donor_match/test2/souporcell_vs_bff_raw/test2_souporcell_vs_bff_raw_intersect_assignment_after_match.csv",
                "donor_match/test2/souporcell_vs_gmmdemux",
                "donor_match/test2/souporcell_vs_gmmdemux/test2_souporcell_vs_gmmdemux_all_assignment_after_match.csv",
                "donor_match/test2/souporcell_vs_gmmdemux/test2_souporcell_vs_gmmdemux_concordance_heatmap.png",
                "donor_match/test2/souporcell_vs_gmmdemux/test2_souporcell_vs_gmmdemux_correlation_res.csv",
                "donor_match/test2/souporcell_vs_gmmdemux/test2_souporcell_vs_gmmdemux_donor_match.csv",
                "donor_match/test2/souporcell_vs_gmmdemux/test2_souporcell_vs_gmmdemux_intersect_assignment_after_match.csv",
                "donor_match/test2/souporcell_vs_hasheddrops",
                "donor_match/test2/souporcell_vs_hasheddrops/test2_souporcell_vs_hasheddrops_all_assignment_after_match.csv",
                "donor_match/test2/souporcell_vs_hasheddrops/test2_souporcell_vs_hasheddrops_concordance_heatmap.png",
                "donor_match/test2/souporcell_vs_hasheddrops/test2_souporcell_vs_hasheddrops_correlation_res.csv",
                "donor_match/test2/souporcell_vs_hasheddrops/test2_souporcell_vs_hasheddrops_donor_match.csv",
                "donor_match/test2/souporcell_vs_hasheddrops/test2_souporcell_vs_hasheddrops_intersect_assignment_after_match.csv",
                "donor_match/test2/test2_best_all_assignment_after_match.csv",
                "donor_match/test2/test2_best_donor_match.csv",
                "donor_match/test2/test2_best_intersect_assignment_after_match.csv",
                "donor_match/test2/test2_score_record.csv",
                "donor_match/test3",
                "donor_match/test3/freemuxlet_vs_bff_consensuscall",
                "donor_match/test3/freemuxlet_vs_bff_consensuscall/test3_freemuxlet_vs_bff_consensuscall_all_assignment_after_match.csv",
                "donor_match/test3/freemuxlet_vs_bff_consensuscall/test3_freemuxlet_vs_bff_consensuscall_concordance_heatmap.png",
                "donor_match/test3/freemuxlet_vs_bff_consensuscall/test3_freemuxlet_vs_bff_consensuscall_correlation_res.csv",
                "donor_match/test3/freemuxlet_vs_bff_consensuscall/test3_freemuxlet_vs_bff_consensuscall_donor_match.csv",
                "donor_match/test3/freemuxlet_vs_bff_consensuscall/test3_freemuxlet_vs_bff_consensuscall_intersect_assignment_after_match.csv",
                "donor_match/test3/freemuxlet_vs_bff_raw",
                "donor_match/test3/freemuxlet_vs_bff_raw/test3_freemuxlet_vs_bff_raw_all_assignment_after_match.csv",
                "donor_match/test3/freemuxlet_vs_bff_raw/test3_freemuxlet_vs_bff_raw_concordance_heatmap.png",
                "donor_match/test3/freemuxlet_vs_bff_raw/test3_freemuxlet_vs_bff_raw_correlation_res.csv",
                "donor_match/test3/freemuxlet_vs_bff_raw/test3_freemuxlet_vs_bff_raw_donor_match.csv",
                "donor_match/test3/freemuxlet_vs_bff_raw/test3_freemuxlet_vs_bff_raw_intersect_assignment_after_match.csv",
                "donor_match/test3/freemuxlet_vs_gmmdemux",
                "donor_match/test3/freemuxlet_vs_gmmdemux/test3_freemuxlet_vs_gmmdemux_all_assignment_after_match.csv",
                "donor_match/test3/freemuxlet_vs_gmmdemux/test3_freemuxlet_vs_gmmdemux_concordance_heatmap.png",
                "donor_match/test3/freemuxlet_vs_gmmdemux/test3_freemuxlet_vs_gmmdemux_correlation_res.csv",
                "donor_match/test3/freemuxlet_vs_gmmdemux/test3_freemuxlet_vs_gmmdemux_donor_match.csv",
                "donor_match/test3/freemuxlet_vs_gmmdemux/test3_freemuxlet_vs_gmmdemux_intersect_assignment_after_match.csv",
                "donor_match/test3/freemuxlet_vs_hasheddrops",
                "donor_match/test3/freemuxlet_vs_hasheddrops/test3_freemuxlet_vs_hasheddrops_all_assignment_after_match.csv",
                "donor_match/test3/freemuxlet_vs_hasheddrops/test3_freemuxlet_vs_hasheddrops_concordance_heatmap.png",
                "donor_match/test3/freemuxlet_vs_hasheddrops/test3_freemuxlet_vs_hasheddrops_correlation_res.csv",
                "donor_match/test3/freemuxlet_vs_hasheddrops/test3_freemuxlet_vs_hasheddrops_donor_match.csv",
                "donor_match/test3/freemuxlet_vs_hasheddrops/test3_freemuxlet_vs_hasheddrops_intersect_assignment_after_match.csv",
                "donor_match/test3/souporcell_vs_bff_consensuscall",
                "donor_match/test3/souporcell_vs_bff_consensuscall/test3_souporcell_vs_bff_consensuscall_all_assignment_after_match.csv",
                "donor_match/test3/souporcell_vs_bff_consensuscall/test3_souporcell_vs_bff_consensuscall_concordance_heatmap.png",
                "donor_match/test3/souporcell_vs_bff_consensuscall/test3_souporcell_vs_bff_consensuscall_correlation_res.csv",
                "donor_match/test3/souporcell_vs_bff_consensuscall/test3_souporcell_vs_bff_consensuscall_donor_match.csv",
                "donor_match/test3/souporcell_vs_bff_consensuscall/test3_souporcell_vs_bff_consensuscall_intersect_assignment_after_match.csv",
                "donor_match/test3/souporcell_vs_bff_raw",
                "donor_match/test3/souporcell_vs_bff_raw/test3_souporcell_vs_bff_raw_all_assignment_after_match.csv",
                "donor_match/test3/souporcell_vs_bff_raw/test3_souporcell_vs_bff_raw_concordance_heatmap.png",
                "donor_match/test3/souporcell_vs_bff_raw/test3_souporcell_vs_bff_raw_correlation_res.csv",
                "donor_match/test3/souporcell_vs_bff_raw/test3_souporcell_vs_bff_raw_donor_match.csv",
                "donor_match/test3/souporcell_vs_bff_raw/test3_souporcell_vs_bff_raw_intersect_assignment_after_match.csv",
                "donor_match/test3/souporcell_vs_gmmdemux",
                "donor_match/test3/souporcell_vs_gmmdemux/test3_souporcell_vs_gmmdemux_all_assignment_after_match.csv",
                "donor_match/test3/souporcell_vs_gmmdemux/test3_souporcell_vs_gmmdemux_concordance_heatmap.png",
                "donor_match/test3/souporcell_vs_gmmdemux/test3_souporcell_vs_gmmdemux_correlation_res.csv",
                "donor_match/test3/souporcell_vs_gmmdemux/test3_souporcell_vs_gmmdemux_donor_match.csv",
                "donor_match/test3/souporcell_vs_gmmdemux/test3_souporcell_vs_gmmdemux_intersect_assignment_after_match.csv",
                "donor_match/test3/souporcell_vs_hasheddrops",
                "donor_match/test3/souporcell_vs_hasheddrops/test3_souporcell_vs_hasheddrops_all_assignment_after_match.csv",
                "donor_match/test3/souporcell_vs_hasheddrops/test3_souporcell_vs_hasheddrops_concordance_heatmap.png",
                "donor_match/test3/souporcell_vs_hasheddrops/test3_souporcell_vs_hasheddrops_correlation_res.csv",
                "donor_match/test3/souporcell_vs_hasheddrops/test3_souporcell_vs_hasheddrops_donor_match.csv",
                "donor_match/test3/souporcell_vs_hasheddrops/test3_souporcell_vs_hasheddrops_intersect_assignment_after_match.csv",
                "donor_match/test3/test3_best_all_assignment_after_match.csv",
                "donor_match/test3/test3_best_donor_match.csv",
                "donor_match/test3/test3_best_intersect_assignment_after_match.csv",
                "donor_match/test3/test3_score_record.csv",
                "find_variants",
                "find_variants/test1",
                "find_variants/test1/hto-1",
                "find_variants/test1/hto-1/test1_hto-1_informative_variants.csv",
                "find_variants/test1/hto-1/test1_hto-1_matched_gt.csv",
                "find_variants/test1/hto-1/test1_hto-1_unmatched_gt.csv",
                "find_variants/test1/hto-2",
                "find_variants/test1/hto-2/test1_hto-2_informative_variants.csv",
                "find_variants/test1/hto-2/test1_hto-2_matched_gt.csv",
                "find_variants/test1/hto-2/test1_hto-2_unmatched_gt.csv",
                "find_variants/test1/subset_gt_donors",
                "find_variants/test1/subset_gt_donors/test1_donor_specific.vcf.gz",
                "find_variants/test1/subset_gt_donors/test1_vireo.vcf.gz",
                "find_variants/test1/test1_all_representative_variants.csv",
                "find_variants/test1/test1_donor_specific_variants.csv",
                "find_variants/test1/test1_donor_specific_variants_upset.png",
                "find_variants/test1/test1_vireo_variants.csv",
                "find_variants/test2",
                "find_variants/test2/hto-1",
                "find_variants/test2/hto-1/test2_hto-1_informative_variants.csv",
                "find_variants/test2/hto-1/test2_hto-1_matched_gt.csv",
                "find_variants/test2/hto-1/test2_hto-1_unmatched_gt.csv",
                "find_variants/test2/hto-2",
                "find_variants/test2/hto-2/test2_hto-2_informative_variants.csv",
                "find_variants/test2/hto-2/test2_hto-2_matched_gt.csv",
                "find_variants/test2/hto-2/test2_hto-2_unmatched_gt.csv",
                "find_variants/test2/subset_gt_donors",
                "find_variants/test2/subset_gt_donors/test2_donor_specific.vcf.gz",
                "find_variants/test2/subset_gt_donors/test2_vireo.vcf.gz",
                "find_variants/test2/test2_all_representative_variants.csv",
                "find_variants/test2/test2_donor_specific_variants.csv",
                "find_variants/test2/test2_donor_specific_variants_upset.png",
                "find_variants/test2/test2_vireo_variants.csv",
                "find_variants/test3",
                "find_variants/test3/hto-1",
                "find_variants/test3/hto-1/test3_hto-1_informative_variants.csv",
                "find_variants/test3/hto-1/test3_hto-1_matched_gt.csv",
                "find_variants/test3/hto-1/test3_hto-1_unmatched_gt.csv",
                "find_variants/test3/hto-2",
                "find_variants/test3/hto-2/test3_hto-2_informative_variants.csv",
                "find_variants/test3/hto-2/test3_hto-2_matched_gt.csv",
                "find_variants/test3/hto-2/test3_hto-2_unmatched_gt.csv",
                "find_variants/test3/subset_gt_donors",
                "find_variants/test3/subset_gt_donors/test3_donor_specific.vcf.gz",
                "find_variants/test3/subset_gt_donors/test3_vireo.vcf.gz",
                "find_variants/test3/test3_all_representative_variants.csv",
                "find_variants/test3/test3_donor_specific_variants.csv",
                "find_variants/test3/test3_donor_specific_variants_upset.png",
                "find_variants/test3/test3_vireo_variants.csv",
                "genetic",
                "genetic/popscle",
                "genetic/popscle/freemuxlet",
                "genetic/popscle/freemuxlet/test1",
                "genetic/popscle/freemuxlet/test1/test1.clust1.samples.gz",
                "genetic/popscle/freemuxlet/test1/test1.clust1.vcf.gz",
                "genetic/popscle/freemuxlet/test1/test1.lmix",
                "genetic/popscle/freemuxlet/test2",
                "genetic/popscle/freemuxlet/test2/test2.clust1.samples.gz",
                "genetic/popscle/freemuxlet/test2/test2.clust1.vcf.gz",
                "genetic/popscle/freemuxlet/test2/test2.lmix",
                "genetic/popscle/freemuxlet/test3",
                "genetic/popscle/freemuxlet/test3/test3.clust1.samples.gz",
                "genetic/popscle/freemuxlet/test3/test3.clust1.vcf.gz",
                "genetic/popscle/freemuxlet/test3/test3.lmix",
                "genetic/souporcell",
                "genetic/souporcell/test1",
                "genetic/souporcell/test1/test1",
                "genetic/souporcell/test1/test1/ambient_rna.txt",
                "genetic/souporcell/test1/test1/cluster_genotypes.vcf",
                "genetic/souporcell/test1/test1/clusters.tsv",
                "genetic/souporcell/test2",
                "genetic/souporcell/test2/test2",
                "genetic/souporcell/test2/test2/ambient_rna.txt",
                "genetic/souporcell/test2/test2/cluster_genotypes.vcf",
                "genetic/souporcell/test2/test2/clusters.tsv",
                "genetic/souporcell/test3",
                "genetic/souporcell/test3/test3",
                "genetic/souporcell/test3/test3/ambient_rna.txt",
                "genetic/souporcell/test3/test3/cluster_genotypes.vcf",
                "genetic/souporcell/test3/test3/clusters.tsv",
                "genetic/summary",
                "genetic/summary/test1",
                "genetic/summary/test1/test1_genetic_overview_assignment.csv",
                "genetic/summary/test1/test1_genetic_overview_classification.csv",
                "genetic/summary/test1/test1_genetic_summary_assignment.csv",
                "genetic/summary/test1/test1_genetic_summary_classification.csv",
                "genetic/summary/test2",
                "genetic/summary/test2/test2_genetic_overview_assignment.csv",
                "genetic/summary/test2/test2_genetic_overview_classification.csv",
                "genetic/summary/test2/test2_genetic_summary_assignment.csv",
                "genetic/summary/test2/test2_genetic_summary_classification.csv",
                "genetic/summary/test3",
                "genetic/summary/test3/test3_genetic_overview_assignment.csv",
                "genetic/summary/test3/test3_genetic_overview_classification.csv",
                "genetic/summary/test3/test3_genetic_summary_assignment.csv",
                "genetic/summary/test3/test3_genetic_summary_classification.csv",
                "genetic/vireo",
                "genetic/vireo/test1",
                "genetic/vireo/test1/test1.base.vcf.gz",
                "genetic/vireo/test1/test1.cells.vcf.gz",
                "genetic/vireo/test1/test1.samples.tsv",
                "genetic/vireo/test1/test1.tag.AD.mtx",
                "genetic/vireo/test1/test1.tag.DP.mtx",
                "genetic/vireo/test1/test1.tag.OTH.mtx",
                "genetic/vireo/test1/test1_GT_donors.vireo.vcf.gz",
                "genetic/vireo/test1/test1_donor_ids.tsv",
                "genetic/vireo/test1/test1_filtered_variants.tsv",
                "genetic/vireo/test1/test1_prob_doublet.tsv.gz",
                "genetic/vireo/test1/test1_prob_singlet.tsv.gz",
                "genetic/vireo/test1/test1_summary.tsv",
                "genetic/vireo/test2",
                "genetic/vireo/test2/test2.base.vcf.gz",
                "genetic/vireo/test2/test2.cells.vcf.gz",
                "genetic/vireo/test2/test2.samples.tsv",
                "genetic/vireo/test2/test2.tag.AD.mtx",
                "genetic/vireo/test2/test2.tag.DP.mtx",
                "genetic/vireo/test2/test2.tag.OTH.mtx",
                "genetic/vireo/test2/test2_GT_donors.vireo.vcf.gz",
                "genetic/vireo/test2/test2_donor_ids.tsv",
                "genetic/vireo/test2/test2_filtered_variants.tsv",
                "genetic/vireo/test2/test2_prob_doublet.tsv.gz",
                "genetic/vireo/test2/test2_prob_singlet.tsv.gz",
                "genetic/vireo/test2/test2_summary.tsv",
                "genetic/vireo/test3",
                "genetic/vireo/test3/test3.base.vcf.gz",
                "genetic/vireo/test3/test3.cells.vcf.gz",
                "genetic/vireo/test3/test3.samples.tsv",
                "genetic/vireo/test3/test3.tag.AD.mtx",
                "genetic/vireo/test3/test3.tag.DP.mtx",
                "genetic/vireo/test3/test3.tag.OTH.mtx",
                "genetic/vireo/test3/test3_GT_donors.vireo.vcf.gz",
                "genetic/vireo/test3/test3_donor_ids.tsv",
                "genetic/vireo/test3/test3_filtered_variants.tsv",
                "genetic/vireo/test3/test3_prob_doublet.tsv.gz",
                "genetic/vireo/test3/test3_prob_singlet.tsv.gz",
                "genetic/vireo/test3/test3_summary.tsv",
                "hashing",
                "hashing/bff",
                "hashing/bff/test1",
                "hashing/bff/test1/test1_assignment_bff.csv",
                "hashing/bff/test1/test1_metrics_bff.csv",
                "hashing/bff/test1/test1_params_bff.csv",
                "hashing/bff/test2",
                "hashing/bff/test2/test2_assignment_bff.csv",
                "hashing/bff/test2/test2_metrics_bff.csv",
                "hashing/bff/test2/test2_params_bff.csv",
                "hashing/bff/test3",
                "hashing/bff/test3/test3_assignment_bff.csv",
                "hashing/bff/test3/test3_metrics_bff.csv",
                "hashing/bff/test3/test3_params_bff.csv",
                "hashing/gmm-demux",
                "hashing/gmm-demux/test1",
                "hashing/gmm-demux/test1/GMM_full.config",
                "hashing/gmm-demux/test1/GMM_full.csv",
                "hashing/gmm-demux/test1/barcodes.tsv.gz",
                "hashing/gmm-demux/test1/features.tsv.gz",
                "hashing/gmm-demux/test1/matrix.mtx.gz",
                "hashing/gmm-demux/test2",
                "hashing/gmm-demux/test2/GMM_full.config",
                "hashing/gmm-demux/test2/GMM_full.csv",
                "hashing/gmm-demux/test2/barcodes.tsv.gz",
                "hashing/gmm-demux/test2/features.tsv.gz",
                "hashing/gmm-demux/test2/matrix.mtx.gz",
                "hashing/gmm-demux/test3",
                "hashing/gmm-demux/test3/GMM_full.config",
                "hashing/gmm-demux/test3/GMM_full.csv",
                "hashing/gmm-demux/test3/barcodes.tsv.gz",
                "hashing/gmm-demux/test3/features.tsv.gz",
                "hashing/gmm-demux/test3/matrix.mtx.gz",
                "hashing/hasheddrops",
                "hashing/hasheddrops/test1",
                "hashing/hasheddrops/test1/test1_emptyDrops.csv",
                "hashing/hasheddrops/test1/test1_emptyDrops.png",
                "hashing/hasheddrops/test1/test1_emptyDrops.rds",
                "hashing/hasheddrops/test1/test1_hasheddrops.rds",
                "hashing/hasheddrops/test1/test1_id_to_hash.csv",
                "hashing/hasheddrops/test1/test1_params_hasheddrops.csv",
                "hashing/hasheddrops/test1/test1_plot_hasheddrops.png",
                "hashing/hasheddrops/test1/test1_results_hasheddrops.csv",
                "hashing/hasheddrops/test2",
                "hashing/hasheddrops/test2/test2_emptyDrops.csv",
                "hashing/hasheddrops/test2/test2_emptyDrops.png",
                "hashing/hasheddrops/test2/test2_emptyDrops.rds",
                "hashing/hasheddrops/test2/test2_hasheddrops.rds",
                "hashing/hasheddrops/test2/test2_id_to_hash.csv",
                "hashing/hasheddrops/test2/test2_params_hasheddrops.csv",
                "hashing/hasheddrops/test2/test2_plot_hasheddrops.png",
                "hashing/hasheddrops/test2/test2_results_hasheddrops.csv",
                "hashing/hasheddrops/test3",
                "hashing/hasheddrops/test3/test3_emptyDrops.csv",
                "hashing/hasheddrops/test3/test3_emptyDrops.png",
                "hashing/hasheddrops/test3/test3_emptyDrops.rds",
                "hashing/hasheddrops/test3/test3_hasheddrops.rds",
                "hashing/hasheddrops/test3/test3_id_to_hash.csv",
                "hashing/hasheddrops/test3/test3_params_hasheddrops.csv",
                "hashing/hasheddrops/test3/test3_plot_hasheddrops.png",
                "hashing/hasheddrops/test3/test3_results_hasheddrops.csv",
                "hashing/summary",
                "hashing/summary/test1",
                "hashing/summary/test1/test1_hashing_overview_assignment.csv",
                "hashing/summary/test1/test1_hashing_overview_classification.csv",
                "hashing/summary/test1/test1_hashing_summary_assignment.csv",
                "hashing/summary/test1/test1_hashing_summary_classification.csv",
                "hashing/summary/test2",
                "hashing/summary/test2/test2_hashing_overview_assignment.csv",
                "hashing/summary/test2/test2_hashing_overview_classification.csv",
                "hashing/summary/test2/test2_hashing_summary_assignment.csv",
                "hashing/summary/test2/test2_hashing_summary_classification.csv",
                "hashing/summary/test3",
                "hashing/summary/test3/test3_hashing_overview_assignment.csv",
                "hashing/summary/test3/test3_hashing_overview_classification.csv",
                "hashing/summary/test3/test3_hashing_summary_assignment.csv",
                "hashing/summary/test3/test3_hashing_summary_classification.csv",
                "multiqc",
                "multiqc/multiqc_data",
                "multiqc/multiqc_data/llms-full.txt",
                "multiqc/multiqc_data/multiqc.log",
                "multiqc/multiqc_data/multiqc.parquet",
                "multiqc/multiqc_data/multiqc_citations.txt",
                "multiqc/multiqc_data/multiqc_data.json",
                "multiqc/multiqc_data/multiqc_software_versions.txt",
                "multiqc/multiqc_data/multiqc_sources.txt",
                "multiqc/multiqc_report.html",
                "pipeline_info",
                "pipeline_info/nf_core_hadge_software_mqc_versions.yml",
                "summary",
                "summary/test1",
                "summary/test1/test1_assignment.csv",
                "summary/test1/test1_classification.csv",
                "summary/test1/test1_genetic.h5ad",
                "summary/test1/test1_genetic_and_hashing.h5mu",
                "summary/test1/test1_hashing.h5ad",
                "summary/test2",
                "summary/test2/test2_assignment.csv",
                "summary/test2/test2_classification.csv",
                "summary/test2/test2_genetic.h5ad",
                "summary/test2/test2_genetic_and_hashing.h5mu",
                "summary/test2/test2_hashing.h5ad",
                "summary/test3",
                "summary/test3/test3_assignment.csv",
                "summary/test3/test3_classification.csv",
                "summary/test3/test3_genetic.h5ad",
                "summary/test3/test3_genetic_and_hashing.h5mu",
                "summary/test3/test3_hashing.h5ad"
            ],
            [
                "test1_freemuxlet_vs_bff_consensuscall_all_assignment_after_match.csv:md5,e6c7237f7a927ab86368d9ecf28b807c",
                "test1_freemuxlet_vs_bff_consensuscall_concordance_heatmap.png:md5,5c3e82573df24e781d4f422bc3b6925a",
                "test1_freemuxlet_vs_bff_consensuscall_correlation_res.csv:md5,5f2f2076175e313f10396b32fac4c26c",
                "test1_freemuxlet_vs_bff_consensuscall_donor_match.csv:md5,b92352374bf4b32f7e3a1b032a4c8b5f",
                "test1_freemuxlet_vs_bff_consensuscall_intersect_assignment_after_match.csv:md5,3f611c4fb970117f9771ce05f4ec4d8d",
                "test1_freemuxlet_vs_bff_raw_all_assignment_after_match.csv:md5,54406a297be20405919bd15348111ad8",
                "test1_freemuxlet_vs_bff_raw_concordance_heatmap.png:md5,5c3e82573df24e781d4f422bc3b6925a",
                "test1_freemuxlet_vs_bff_raw_correlation_res.csv:md5,5f2f2076175e313f10396b32fac4c26c",
                "test1_freemuxlet_vs_bff_raw_donor_match.csv:md5,b92352374bf4b32f7e3a1b032a4c8b5f",
                "test1_freemuxlet_vs_bff_raw_intersect_assignment_after_match.csv:md5,87b3ca9e977fe3df3536ba169566abed",
                "test1_freemuxlet_vs_gmmdemux_all_assignment_after_match.csv:md5,e4ec8cd25409bdb7de568dcfd8ca3ad4",
                "test1_freemuxlet_vs_gmmdemux_concordance_heatmap.png:md5,5c3e82573df24e781d4f422bc3b6925a",
                "test1_freemuxlet_vs_gmmdemux_correlation_res.csv:md5,5f2f2076175e313f10396b32fac4c26c",
                "test1_freemuxlet_vs_gmmdemux_donor_match.csv:md5,b92352374bf4b32f7e3a1b032a4c8b5f",
                "test1_freemuxlet_vs_gmmdemux_intersect_assignment_after_match.csv:md5,f9092a34b0a2eef31daf452d89412f58",
                "test1_freemuxlet_vs_hasheddrops_all_assignment_after_match.csv:md5,d777c2ffc8201579aa80123d42ca4c7f",
                "test1_freemuxlet_vs_hasheddrops_concordance_heatmap.png:md5,5c3e82573df24e781d4f422bc3b6925a",
                "test1_freemuxlet_vs_hasheddrops_correlation_res.csv:md5,5f2f2076175e313f10396b32fac4c26c",
                "test1_freemuxlet_vs_hasheddrops_donor_match.csv:md5,b92352374bf4b32f7e3a1b032a4c8b5f",
                "test1_freemuxlet_vs_hasheddrops_intersect_assignment_after_match.csv:md5,b3acbe48f60fc1d68dd8198950549812",
                "test1_souporcell_vs_bff_consensuscall_all_assignment_after_match.csv:md5,4c61d15e4693b6bc03cd296e757b6498",
                "test1_souporcell_vs_bff_consensuscall_concordance_heatmap.png:md5,d48df9ebb22dc1f2616511ad0405cdfd",
                "test1_souporcell_vs_bff_consensuscall_correlation_res.csv:md5,7e632ed518a1e6f02ed1ea25a28a4e45",
                "test1_souporcell_vs_bff_consensuscall_donor_match.csv:md5,d1feea9baad73b5bc106472a226cbbf2",
                "test1_souporcell_vs_bff_consensuscall_intersect_assignment_after_match.csv:md5,17fe8deedeb704f60632733c9ec971ea",
                "test1_souporcell_vs_bff_raw_all_assignment_after_match.csv:md5,f8e44703900103c804694041924df32a",
                "test1_souporcell_vs_bff_raw_concordance_heatmap.png:md5,d48df9ebb22dc1f2616511ad0405cdfd",
                "test1_souporcell_vs_bff_raw_correlation_res.csv:md5,7e632ed518a1e6f02ed1ea25a28a4e45",
                "test1_souporcell_vs_bff_raw_donor_match.csv:md5,d1feea9baad73b5bc106472a226cbbf2",
                "test1_souporcell_vs_bff_raw_intersect_assignment_after_match.csv:md5,cc89c4263e95c7802152d5a84e5fda5a",
                "test1_souporcell_vs_gmmdemux_all_assignment_after_match.csv:md5,5a9927b30847c3c3ff82f0cc5274076f",
                "test1_souporcell_vs_gmmdemux_concordance_heatmap.png:md5,d48df9ebb22dc1f2616511ad0405cdfd",
                "test1_souporcell_vs_gmmdemux_correlation_res.csv:md5,7e632ed518a1e6f02ed1ea25a28a4e45",
                "test1_souporcell_vs_gmmdemux_donor_match.csv:md5,d1feea9baad73b5bc106472a226cbbf2",
                "test1_souporcell_vs_gmmdemux_intersect_assignment_after_match.csv:md5,d9cc57a14177d9c362b91dc923c123c8",
                "test1_souporcell_vs_hasheddrops_all_assignment_after_match.csv:md5,8e5f886ef04c7d224861348ae470adc5",
                "test1_souporcell_vs_hasheddrops_concordance_heatmap.png:md5,d48df9ebb22dc1f2616511ad0405cdfd",
                "test1_souporcell_vs_hasheddrops_correlation_res.csv:md5,7e632ed518a1e6f02ed1ea25a28a4e45",
                "test1_souporcell_vs_hasheddrops_donor_match.csv:md5,d1feea9baad73b5bc106472a226cbbf2",
                "test1_souporcell_vs_hasheddrops_intersect_assignment_after_match.csv:md5,4d4e53deb9c6a9dd9ae9d6d89493d736",
                "test1_best_all_assignment_after_match.csv:md5,4c61d15e4693b6bc03cd296e757b6498",
                "test1_best_donor_match.csv:md5,d1feea9baad73b5bc106472a226cbbf2",
                "test1_best_intersect_assignment_after_match.csv:md5,17fe8deedeb704f60632733c9ec971ea",
                "test1_score_record.csv:md5,19e6d7aa257ab96338c70bb1e69442b3",
                "test2_freemuxlet_vs_bff_consensuscall_all_assignment_after_match.csv:md5,e6c7237f7a927ab86368d9ecf28b807c",
                "test2_freemuxlet_vs_bff_consensuscall_concordance_heatmap.png:md5,5c3e82573df24e781d4f422bc3b6925a",
                "test2_freemuxlet_vs_bff_consensuscall_correlation_res.csv:md5,5f2f2076175e313f10396b32fac4c26c",
                "test2_freemuxlet_vs_bff_consensuscall_donor_match.csv:md5,b92352374bf4b32f7e3a1b032a4c8b5f",
                "test2_freemuxlet_vs_bff_consensuscall_intersect_assignment_after_match.csv:md5,3f611c4fb970117f9771ce05f4ec4d8d",
                "test2_freemuxlet_vs_bff_raw_all_assignment_after_match.csv:md5,54406a297be20405919bd15348111ad8",
                "test2_freemuxlet_vs_bff_raw_concordance_heatmap.png:md5,5c3e82573df24e781d4f422bc3b6925a",
                "test2_freemuxlet_vs_bff_raw_correlation_res.csv:md5,5f2f2076175e313f10396b32fac4c26c",
                "test2_freemuxlet_vs_bff_raw_donor_match.csv:md5,b92352374bf4b32f7e3a1b032a4c8b5f",
                "test2_freemuxlet_vs_bff_raw_intersect_assignment_after_match.csv:md5,87b3ca9e977fe3df3536ba169566abed",
                "test2_freemuxlet_vs_gmmdemux_all_assignment_after_match.csv:md5,e4ec8cd25409bdb7de568dcfd8ca3ad4",
                "test2_freemuxlet_vs_gmmdemux_concordance_heatmap.png:md5,5c3e82573df24e781d4f422bc3b6925a",
                "test2_freemuxlet_vs_gmmdemux_correlation_res.csv:md5,5f2f2076175e313f10396b32fac4c26c",
                "test2_freemuxlet_vs_gmmdemux_donor_match.csv:md5,b92352374bf4b32f7e3a1b032a4c8b5f",
                "test2_freemuxlet_vs_gmmdemux_intersect_assignment_after_match.csv:md5,f9092a34b0a2eef31daf452d89412f58",
                "test2_freemuxlet_vs_hasheddrops_all_assignment_after_match.csv:md5,d777c2ffc8201579aa80123d42ca4c7f",
                "test2_freemuxlet_vs_hasheddrops_concordance_heatmap.png:md5,5c3e82573df24e781d4f422bc3b6925a",
                "test2_freemuxlet_vs_hasheddrops_correlation_res.csv:md5,5f2f2076175e313f10396b32fac4c26c",
                "test2_freemuxlet_vs_hasheddrops_donor_match.csv:md5,b92352374bf4b32f7e3a1b032a4c8b5f",
                "test2_freemuxlet_vs_hasheddrops_intersect_assignment_after_match.csv:md5,b3acbe48f60fc1d68dd8198950549812",
                "test2_souporcell_vs_bff_consensuscall_all_assignment_after_match.csv:md5,4c61d15e4693b6bc03cd296e757b6498",
                "test2_souporcell_vs_bff_consensuscall_concordance_heatmap.png:md5,d48df9ebb22dc1f2616511ad0405cdfd",
                "test2_souporcell_vs_bff_consensuscall_correlation_res.csv:md5,7e632ed518a1e6f02ed1ea25a28a4e45",
                "test2_souporcell_vs_bff_consensuscall_donor_match.csv:md5,d1feea9baad73b5bc106472a226cbbf2",
                "test2_souporcell_vs_bff_consensuscall_intersect_assignment_after_match.csv:md5,17fe8deedeb704f60632733c9ec971ea",
                "test2_souporcell_vs_bff_raw_all_assignment_after_match.csv:md5,f8e44703900103c804694041924df32a",
                "test2_souporcell_vs_bff_raw_concordance_heatmap.png:md5,d48df9ebb22dc1f2616511ad0405cdfd",
                "test2_souporcell_vs_bff_raw_correlation_res.csv:md5,7e632ed518a1e6f02ed1ea25a28a4e45",
                "test2_souporcell_vs_bff_raw_donor_match.csv:md5,d1feea9baad73b5bc106472a226cbbf2",
                "test2_souporcell_vs_bff_raw_intersect_assignment_after_match.csv:md5,cc89c4263e95c7802152d5a84e5fda5a",
                "test2_souporcell_vs_gmmdemux_all_assignment_after_match.csv:md5,5a9927b30847c3c3ff82f0cc5274076f",
                "test2_souporcell_vs_gmmdemux_concordance_heatmap.png:md5,d48df9ebb22dc1f2616511ad0405cdfd",
                "test2_souporcell_vs_gmmdemux_correlation_res.csv:md5,7e632ed518a1e6f02ed1ea25a28a4e45",
                "test2_souporcell_vs_gmmdemux_donor_match.csv:md5,d1feea9baad73b5bc106472a226cbbf2",
                "test2_souporcell_vs_gmmdemux_intersect_assignment_after_match.csv:md5,d9cc57a14177d9c362b91dc923c123c8",
                "test2_souporcell_vs_hasheddrops_all_assignment_after_match.csv:md5,8e5f886ef04c7d224861348ae470adc5",
                "test2_souporcell_vs_hasheddrops_concordance_heatmap.png:md5,d48df9ebb22dc1f2616511ad0405cdfd",
                "test2_souporcell_vs_hasheddrops_correlation_res.csv:md5,7e632ed518a1e6f02ed1ea25a28a4e45",
                "test2_souporcell_vs_hasheddrops_donor_match.csv:md5,d1feea9baad73b5bc106472a226cbbf2",
                "test2_souporcell_vs_hasheddrops_intersect_assignment_after_match.csv:md5,4d4e53deb9c6a9dd9ae9d6d89493d736",
                "test2_best_all_assignment_after_match.csv:md5,4c61d15e4693b6bc03cd296e757b6498",
                "test2_best_donor_match.csv:md5,d1feea9baad73b5bc106472a226cbbf2",
                "test2_best_intersect_assignment_after_match.csv:md5,17fe8deedeb704f60632733c9ec971ea",
                "test2_score_record.csv:md5,19e6d7aa257ab96338c70bb1e69442b3",
                "test3_freemuxlet_vs_bff_consensuscall_all_assignment_after_match.csv:md5,e6c7237f7a927ab86368d9ecf28b807c",
                "test3_freemuxlet_vs_bff_consensuscall_concordance_heatmap.png:md5,5c3e82573df24e781d4f422bc3b6925a",
                "test3_freemuxlet_vs_bff_consensuscall_correlation_res.csv:md5,5f2f2076175e313f10396b32fac4c26c",
                "test3_freemuxlet_vs_bff_consensuscall_donor_match.csv:md5,b92352374bf4b32f7e3a1b032a4c8b5f",
                "test3_freemuxlet_vs_bff_consensuscall_intersect_assignment_after_match.csv:md5,3f611c4fb970117f9771ce05f4ec4d8d",
                "test3_freemuxlet_vs_bff_raw_all_assignment_after_match.csv:md5,54406a297be20405919bd15348111ad8",
                "test3_freemuxlet_vs_bff_raw_concordance_heatmap.png:md5,5c3e82573df24e781d4f422bc3b6925a",
                "test3_freemuxlet_vs_bff_raw_correlation_res.csv:md5,5f2f2076175e313f10396b32fac4c26c",
                "test3_freemuxlet_vs_bff_raw_donor_match.csv:md5,b92352374bf4b32f7e3a1b032a4c8b5f",
                "test3_freemuxlet_vs_bff_raw_intersect_assignment_after_match.csv:md5,87b3ca9e977fe3df3536ba169566abed",
                "test3_freemuxlet_vs_gmmdemux_all_assignment_after_match.csv:md5,e4ec8cd25409bdb7de568dcfd8ca3ad4",
                "test3_freemuxlet_vs_gmmdemux_concordance_heatmap.png:md5,5c3e82573df24e781d4f422bc3b6925a",
                "test3_freemuxlet_vs_gmmdemux_correlation_res.csv:md5,5f2f2076175e313f10396b32fac4c26c",
                "test3_freemuxlet_vs_gmmdemux_donor_match.csv:md5,b92352374bf4b32f7e3a1b032a4c8b5f",
                "test3_freemuxlet_vs_gmmdemux_intersect_assignment_after_match.csv:md5,f9092a34b0a2eef31daf452d89412f58",
                "test3_freemuxlet_vs_hasheddrops_all_assignment_after_match.csv:md5,d777c2ffc8201579aa80123d42ca4c7f",
                "test3_freemuxlet_vs_hasheddrops_concordance_heatmap.png:md5,5c3e82573df24e781d4f422bc3b6925a",
                "test3_freemuxlet_vs_hasheddrops_correlation_res.csv:md5,5f2f2076175e313f10396b32fac4c26c",
                "test3_freemuxlet_vs_hasheddrops_donor_match.csv:md5,b92352374bf4b32f7e3a1b032a4c8b5f",
                "test3_freemuxlet_vs_hasheddrops_intersect_assignment_after_match.csv:md5,b3acbe48f60fc1d68dd8198950549812",
                "test3_souporcell_vs_bff_consensuscall_all_assignment_after_match.csv:md5,4c61d15e4693b6bc03cd296e757b6498",
                "test3_souporcell_vs_bff_consensuscall_concordance_heatmap.png:md5,d48df9ebb22dc1f2616511ad0405cdfd",
                "test3_souporcell_vs_bff_consensuscall_correlation_res.csv:md5,7e632ed518a1e6f02ed1ea25a28a4e45",
                "test3_souporcell_vs_bff_consensuscall_donor_match.csv:md5,d1feea9baad73b5bc106472a226cbbf2",
                "test3_souporcell_vs_bff_consensuscall_intersect_assignment_after_match.csv:md5,17fe8deedeb704f60632733c9ec971ea",
                "test3_souporcell_vs_bff_raw_all_assignment_after_match.csv:md5,f8e44703900103c804694041924df32a",
                "test3_souporcell_vs_bff_raw_concordance_heatmap.png:md5,d48df9ebb22dc1f2616511ad0405cdfd",
                "test3_souporcell_vs_bff_raw_correlation_res.csv:md5,7e632ed518a1e6f02ed1ea25a28a4e45",
                "test3_souporcell_vs_bff_raw_donor_match.csv:md5,d1feea9baad73b5bc106472a226cbbf2",
                "test3_souporcell_vs_bff_raw_intersect_assignment_after_match.csv:md5,cc89c4263e95c7802152d5a84e5fda5a",
                "test3_souporcell_vs_gmmdemux_all_assignment_after_match.csv:md5,5a9927b30847c3c3ff82f0cc5274076f",
                "test3_souporcell_vs_gmmdemux_concordance_heatmap.png:md5,d48df9ebb22dc1f2616511ad0405cdfd",
                "test3_souporcell_vs_gmmdemux_correlation_res.csv:md5,7e632ed518a1e6f02ed1ea25a28a4e45",
                "test3_souporcell_vs_gmmdemux_donor_match.csv:md5,d1feea9baad73b5bc106472a226cbbf2",
                "test3_souporcell_vs_gmmdemux_intersect_assignment_after_match.csv:md5,d9cc57a14177d9c362b91dc923c123c8",
                "test3_souporcell_vs_hasheddrops_all_assignment_after_match.csv:md5,8e5f886ef04c7d224861348ae470adc5",
                "test3_souporcell_vs_hasheddrops_concordance_heatmap.png:md5,d48df9ebb22dc1f2616511ad0405cdfd",
                "test3_souporcell_vs_hasheddrops_correlation_res.csv:md5,7e632ed518a1e6f02ed1ea25a28a4e45",
                "test3_souporcell_vs_hasheddrops_donor_match.csv:md5,d1feea9baad73b5bc106472a226cbbf2",
                "test3_souporcell_vs_hasheddrops_intersect_assignment_after_match.csv:md5,4d4e53deb9c6a9dd9ae9d6d89493d736",
                "test3_best_all_assignment_after_match.csv:md5,4c61d15e4693b6bc03cd296e757b6498",
                "test3_best_donor_match.csv:md5,d1feea9baad73b5bc106472a226cbbf2",
                "test3_best_intersect_assignment_after_match.csv:md5,17fe8deedeb704f60632733c9ec971ea",
                "test3_score_record.csv:md5,19e6d7aa257ab96338c70bb1e69442b3",
                "test1_hto-1_informative_variants.csv:md5,7ba6e70ac79adf74d2aa85f723b9f0d6",
                "test1_hto-1_matched_gt.csv:md5,bf3b7d684f30153fa603dbddde635583",
                "test1_hto-1_unmatched_gt.csv:md5,8e52f5c81f4c467229a68b56390f7948",
                "test1_hto-2_informative_variants.csv:md5,f641c48375833e592aa6f8c102ac1160",
                "test1_hto-2_matched_gt.csv:md5,fc8bdfc73587eaf63925f658b6fb1c5c",
                "test1_hto-2_unmatched_gt.csv:md5,c3185e489df198d888b70e1d065d8265",
                "test1_all_representative_variants.csv:md5,93cf3fde5b1236b83abd53369b250f64",
                "test1_donor_specific_variants.csv:md5,bd137190cb87b1ad68a7283571e9a4b6",
                "test1_donor_specific_variants_upset.png:md5,5d0abe01aa07abd018d20abe8e2e99ab",
                "test1_vireo_variants.csv:md5,34bf574b4fe7c16db53a86f5cf6cdbf3",
                "test2_hto-1_informative_variants.csv:md5,7ba6e70ac79adf74d2aa85f723b9f0d6",
                "test2_hto-1_matched_gt.csv:md5,bf3b7d684f30153fa603dbddde635583",
                "test2_hto-1_unmatched_gt.csv:md5,8e52f5c81f4c467229a68b56390f7948",
                "test2_hto-2_informative_variants.csv:md5,f641c48375833e592aa6f8c102ac1160",
                "test2_hto-2_matched_gt.csv:md5,fc8bdfc73587eaf63925f658b6fb1c5c",
                "test2_hto-2_unmatched_gt.csv:md5,c3185e489df198d888b70e1d065d8265",
                "test2_all_representative_variants.csv:md5,93cf3fde5b1236b83abd53369b250f64",
                "test2_donor_specific_variants.csv:md5,bd137190cb87b1ad68a7283571e9a4b6",
                "test2_donor_specific_variants_upset.png:md5,5d0abe01aa07abd018d20abe8e2e99ab",
                "test2_vireo_variants.csv:md5,34bf574b4fe7c16db53a86f5cf6cdbf3",
                "test3_hto-1_informative_variants.csv:md5,7ba6e70ac79adf74d2aa85f723b9f0d6",
                "test3_hto-1_matched_gt.csv:md5,bf3b7d684f30153fa603dbddde635583",
                "test3_hto-1_unmatched_gt.csv:md5,8e52f5c81f4c467229a68b56390f7948",
                "test3_hto-2_informative_variants.csv:md5,f641c48375833e592aa6f8c102ac1160",
                "test3_hto-2_matched_gt.csv:md5,fc8bdfc73587eaf63925f658b6fb1c5c",
                "test3_hto-2_unmatched_gt.csv:md5,c3185e489df198d888b70e1d065d8265",
                "test3_all_representative_variants.csv:md5,93cf3fde5b1236b83abd53369b250f64",
                "test3_donor_specific_variants.csv:md5,bd137190cb87b1ad68a7283571e9a4b6",
                "test3_donor_specific_variants_upset.png:md5,5d0abe01aa07abd018d20abe8e2e99ab",
                "test3_vireo_variants.csv:md5,34bf574b4fe7c16db53a86f5cf6cdbf3",
                "test1.clust1.samples.gz:md5,42f8c8ba281fccf6edaf6dbd30144210",
                "test1.lmix:md5,d8be4c936ff56980a476d5ba82290b8e",
                "test2.clust1.samples.gz:md5,42f8c8ba281fccf6edaf6dbd30144210",
                "test2.lmix:md5,d8be4c936ff56980a476d5ba82290b8e",
                "test3.clust1.samples.gz:md5,42f8c8ba281fccf6edaf6dbd30144210",
                "test3.lmix:md5,d8be4c936ff56980a476d5ba82290b8e",
                "clusters.tsv:md5,3443284fb0e0ace31b5da0f329568392",
                "clusters.tsv:md5,3443284fb0e0ace31b5da0f329568392",
                "clusters.tsv:md5,3443284fb0e0ace31b5da0f329568392",
                "test1_genetic_overview_assignment.csv:md5,961503e69942d87a7887c4d3b52fd6a0",
                "test1_genetic_overview_classification.csv:md5,1cbe450ce379ae815fffc44f230cfc63",
                "test1_genetic_summary_assignment.csv:md5,e4c35f97306c75bf69d88cf6c39751a6",
                "test1_genetic_summary_classification.csv:md5,615fa91b5f67289aa09c6116484d9bf0",
                "test2_genetic_overview_assignment.csv:md5,961503e69942d87a7887c4d3b52fd6a0",
                "test2_genetic_overview_classification.csv:md5,1cbe450ce379ae815fffc44f230cfc63",
                "test2_genetic_summary_assignment.csv:md5,e4c35f97306c75bf69d88cf6c39751a6",
                "test2_genetic_summary_classification.csv:md5,615fa91b5f67289aa09c6116484d9bf0",
                "test3_genetic_overview_assignment.csv:md5,961503e69942d87a7887c4d3b52fd6a0",
                "test3_genetic_overview_classification.csv:md5,1cbe450ce379ae815fffc44f230cfc63",
                "test3_genetic_summary_assignment.csv:md5,e4c35f97306c75bf69d88cf6c39751a6",
                "test3_genetic_summary_classification.csv:md5,615fa91b5f67289aa09c6116484d9bf0",
                "test1.base.vcf.gz:md5,36eccb4bd3e2130f395985e09a66a60d",
                "test1.cells.vcf.gz:md5,b28d8acaf17777c7cf9e2c7d01d93a66",
                "test1.samples.tsv:md5,9e488782c1bcd63c37ee3d1c4c0a9217",
                "test1.tag.AD.mtx:md5,a76d9f63c6abdcab00f583fac269a98e",
                "test1.tag.DP.mtx:md5,6f8e54bbaa8ad9dcaa42c15eff1e1351",
                "test1.tag.OTH.mtx:md5,45e64ea3b3b8e8a7126690d9e775d501",
                "test1_GT_donors.vireo.vcf.gz:md5,60bfaaf61b8e7f5fc2bd0950e576c3e5",
                "test1_donor_ids.tsv:md5,5dd2633a15d99a044d7f6706912ed5bc",
                "test1_filtered_variants.tsv:md5,d37231135d9e6e330c03ed0647fcaf0e",
                "test1_prob_doublet.tsv.gz:md5,3dae1d20888be460d02782eb776043bb",
                "test1_prob_singlet.tsv.gz:md5,90a717e3bdb50090c72fa73a18330e38",
                "test1_summary.tsv:md5,94b0ce40cc86bbe7fbacebf98e685ee7",
                "test2.base.vcf.gz:md5,36eccb4bd3e2130f395985e09a66a60d",
                "test2.cells.vcf.gz:md5,b28d8acaf17777c7cf9e2c7d01d93a66",
                "test2.samples.tsv:md5,9e488782c1bcd63c37ee3d1c4c0a9217",
                "test2.tag.AD.mtx:md5,a76d9f63c6abdcab00f583fac269a98e",
                "test2.tag.DP.mtx:md5,6f8e54bbaa8ad9dcaa42c15eff1e1351",
                "test2.tag.OTH.mtx:md5,45e64ea3b3b8e8a7126690d9e775d501",
                "test2_GT_donors.vireo.vcf.gz:md5,60bfaaf61b8e7f5fc2bd0950e576c3e5",
                "test2_donor_ids.tsv:md5,5dd2633a15d99a044d7f6706912ed5bc",
                "test2_filtered_variants.tsv:md5,d37231135d9e6e330c03ed0647fcaf0e",
                "test2_prob_doublet.tsv.gz:md5,3dae1d20888be460d02782eb776043bb",
                "test2_prob_singlet.tsv.gz:md5,90a717e3bdb50090c72fa73a18330e38",
                "test2_summary.tsv:md5,94b0ce40cc86bbe7fbacebf98e685ee7",
                "test3.base.vcf.gz:md5,36eccb4bd3e2130f395985e09a66a60d",
                "test3.cells.vcf.gz:md5,b28d8acaf17777c7cf9e2c7d01d93a66",
                "test3.samples.tsv:md5,9e488782c1bcd63c37ee3d1c4c0a9217",
                "test3.tag.AD.mtx:md5,a76d9f63c6abdcab00f583fac269a98e",
                "test3.tag.DP.mtx:md5,6f8e54bbaa8ad9dcaa42c15eff1e1351",
                "test3.tag.OTH.mtx:md5,45e64ea3b3b8e8a7126690d9e775d501",
                "test3_GT_donors.vireo.vcf.gz:md5,60bfaaf61b8e7f5fc2bd0950e576c3e5",
                "test3_donor_ids.tsv:md5,5dd2633a15d99a044d7f6706912ed5bc",
                "test3_filtered_variants.tsv:md5,d37231135d9e6e330c03ed0647fcaf0e",
                "test3_prob_doublet.tsv.gz:md5,3dae1d20888be460d02782eb776043bb",
                "test3_prob_singlet.tsv.gz:md5,90a717e3bdb50090c72fa73a18330e38",
                "test3_summary.tsv:md5,94b0ce40cc86bbe7fbacebf98e685ee7",
                "test1_assignment_bff.csv:md5,82e9e12fec29f9eb0dcfbb1b6d8cc02a",
                "test1_metrics_bff.csv:md5,1d7751cf035c9e736e4de5504ff87a6a",
                "test1_params_bff.csv:md5,dbb83e4e50779916ff4e368b2d05fe91",
                "test2_assignment_bff.csv:md5,82e9e12fec29f9eb0dcfbb1b6d8cc02a",
                "test2_metrics_bff.csv:md5,1d7751cf035c9e736e4de5504ff87a6a",
                "test2_params_bff.csv:md5,08758e268b309e4f3288069e3eab358a",
                "test3_assignment_bff.csv:md5,82e9e12fec29f9eb0dcfbb1b6d8cc02a",
                "test3_metrics_bff.csv:md5,1d7751cf035c9e736e4de5504ff87a6a",
                "test3_params_bff.csv:md5,882b80fd11a10a375e0abd5ae29f74b0",
                "GMM_full.config:md5,0a18f3d5729c4b6399ce4161609362b6",
                "barcodes.tsv.gz:md5,e4cd9ce9929a07d6763304ec1bf64c23",
                "features.tsv.gz:md5,441a968b2c7ee68eae8388b04bee328d",
                "matrix.mtx.gz:md5,6f855b8bf68573d2e09139c29f9a2d41",
                "GMM_full.config:md5,0a18f3d5729c4b6399ce4161609362b6",
                "barcodes.tsv.gz:md5,e4cd9ce9929a07d6763304ec1bf64c23",
                "features.tsv.gz:md5,441a968b2c7ee68eae8388b04bee328d",
                "matrix.mtx.gz:md5,6f855b8bf68573d2e09139c29f9a2d41",
                "GMM_full.config:md5,0a18f3d5729c4b6399ce4161609362b6",
                "barcodes.tsv.gz:md5,e4cd9ce9929a07d6763304ec1bf64c23",
                "features.tsv.gz:md5,441a968b2c7ee68eae8388b04bee328d",
                "matrix.mtx.gz:md5,6f855b8bf68573d2e09139c29f9a2d41",
                "test1_emptyDrops.csv:md5,a227d42afbcc590b4e949075cde4a5b6",
                "test1_emptyDrops.png:md5,2d7113a76a494b2b2c18b77c4a664063",
                "test1_emptyDrops.rds:md5,bda2e88b1e3e8c8ea5a22e19e3ab243d",
                "test1_hasheddrops.rds:md5,7bb71fa6f28e3fc97b20bbdeffbb81d2",
                "test1_id_to_hash.csv:md5,e8f577103f3e0c17604f89c3bcda2ffb",
                "test1_params_hasheddrops.csv:md5,b253501914df23ef5901262e8a241a8d",
                "test1_plot_hasheddrops.png:md5,2d7113a76a494b2b2c18b77c4a664063",
                "test1_results_hasheddrops.csv:md5,9614789e65fc843e6a11fa60686fe89a",
                "test2_emptyDrops.csv:md5,a227d42afbcc590b4e949075cde4a5b6",
                "test2_emptyDrops.png:md5,2d7113a76a494b2b2c18b77c4a664063",
                "test2_emptyDrops.rds:md5,bda2e88b1e3e8c8ea5a22e19e3ab243d",
                "test2_hasheddrops.rds:md5,7bb71fa6f28e3fc97b20bbdeffbb81d2",
                "test2_id_to_hash.csv:md5,e8f577103f3e0c17604f89c3bcda2ffb",
                "test2_params_hasheddrops.csv:md5,3612264937e5c5962fefddc43afb595f",
                "test2_plot_hasheddrops.png:md5,2d7113a76a494b2b2c18b77c4a664063",
                "test2_results_hasheddrops.csv:md5,9614789e65fc843e6a11fa60686fe89a",
                "test3_emptyDrops.csv:md5,a227d42afbcc590b4e949075cde4a5b6",
                "test3_emptyDrops.png:md5,2d7113a76a494b2b2c18b77c4a664063",
                "test3_emptyDrops.rds:md5,bda2e88b1e3e8c8ea5a22e19e3ab243d",
                "test3_hasheddrops.rds:md5,7bb71fa6f28e3fc97b20bbdeffbb81d2",
                "test3_id_to_hash.csv:md5,e8f577103f3e0c17604f89c3bcda2ffb",
                "test3_params_hasheddrops.csv:md5,b15e94f887e3ada8f790ea18eb791d8b",
                "test3_plot_hasheddrops.png:md5,2d7113a76a494b2b2c18b77c4a664063",
                "test3_results_hasheddrops.csv:md5,9614789e65fc843e6a11fa60686fe89a",
                "test1_hashing_overview_assignment.csv:md5,8294c52a27689789c28a463429516b6d",
                "test1_hashing_overview_classification.csv:md5,ea59642fe64b2f45954f4b088728380f",
                "test1_hashing_summary_assignment.csv:md5,706c257beac2bae517d76731c5320989",
                "test1_hashing_summary_classification.csv:md5,ab3df547c2e0319bd581c95432981c98",
                "test2_hashing_overview_assignment.csv:md5,8294c52a27689789c28a463429516b6d",
                "test2_hashing_overview_classification.csv:md5,ea59642fe64b2f45954f4b088728380f",
                "test2_hashing_summary_assignment.csv:md5,706c257beac2bae517d76731c5320989",
                "test2_hashing_summary_classification.csv:md5,ab3df547c2e0319bd581c95432981c98",
                "test3_hashing_overview_assignment.csv:md5,8294c52a27689789c28a463429516b6d",
                "test3_hashing_overview_classification.csv:md5,ea59642fe64b2f45954f4b088728380f",
                "test3_hashing_summary_assignment.csv:md5,706c257beac2bae517d76731c5320989",
                "test3_hashing_summary_classification.csv:md5,ab3df547c2e0319bd581c95432981c98",
                "multiqc_citations.txt:md5,4c806e63a283ec1b7e78cdae3a923d4f",
                "test1_assignment.csv:md5,4d0eefc4298446469162230bc2752a44",
                "test1_classification.csv:md5,793c660b1dbba5b1f5d6a87957df32fa",
                "test1_genetic.h5ad:md5,c1cec22be88ca7440034dccdd1d21722",
                "test1_genetic_and_hashing.h5mu:md5,bdef3ba1ff44ea3ed9cd8b4bdf0396f5",
                "test1_hashing.h5ad:md5,9ad6217e86b5118e358ca5aaa5d4bff1",
                "test2_assignment.csv:md5,4d0eefc4298446469162230bc2752a44",
                "test2_classification.csv:md5,793c660b1dbba5b1f5d6a87957df32fa",
                "test2_genetic.h5ad:md5,c1cec22be88ca7440034dccdd1d21722",
                "test2_genetic_and_hashing.h5mu:md5,bdef3ba1ff44ea3ed9cd8b4bdf0396f5",
                "test2_hashing.h5ad:md5,9ad6217e86b5118e358ca5aaa5d4bff1",
                "test3_assignment.csv:md5,4d0eefc4298446469162230bc2752a44",
                "test3_classification.csv:md5,793c660b1dbba5b1f5d6a87957df32fa",
                "test3_genetic.h5ad:md5,c1cec22be88ca7440034dccdd1d21722",
                "test3_genetic_and_hashing.h5mu:md5,bdef3ba1ff44ea3ed9cd8b4bdf0396f5",
                "test3_hashing.h5ad:md5,9ad6217e86b5118e358ca5aaa5d4bff1"
            ],
            [
                "test1_donor_specific.vcf.gz:md5,8c51c5ed9e880089a8532e30a659adac",
                "test1_vireo.vcf.gz:md5,6e4bbad3892e84cd1dd53c8fc0579977",
                "test2_donor_specific.vcf.gz:md5,8c51c5ed9e880089a8532e30a659adac",
                "test2_vireo.vcf.gz:md5,6e4bbad3892e84cd1dd53c8fc0579977",
                "test3_donor_specific.vcf.gz:md5,8c51c5ed9e880089a8532e30a659adac",
                "test3_vireo.vcf.gz:md5,6e4bbad3892e84cd1dd53c8fc0579977",
                "test1.clust1.vcf.gz:md5,8de6d22ca83fcc331f3d49d59973e5ac",
                "test2.clust1.vcf.gz:md5,8de6d22ca83fcc331f3d49d59973e5ac",
                "test3.clust1.vcf.gz:md5,8de6d22ca83fcc331f3d49d59973e5ac",
                "test1.base.vcf.gz:md5,cb2af96582fa4efe089ec4e0b3f1644c",
                "test1.cells.vcf.gz:md5,349e2d3b9abb1e346f0cebb621b9d7f4",
                "test1_GT_donors.vireo.vcf.gz:md5,b92d531491566870c247cf3a122b2dc1",
                "test2.base.vcf.gz:md5,cb2af96582fa4efe089ec4e0b3f1644c",
                "test2.cells.vcf.gz:md5,349e2d3b9abb1e346f0cebb621b9d7f4",
                "test2_GT_donors.vireo.vcf.gz:md5,b92d531491566870c247cf3a122b2dc1",
                "test3.base.vcf.gz:md5,cb2af96582fa4efe089ec4e0b3f1644c",
                "test3.cells.vcf.gz:md5,349e2d3b9abb1e346f0cebb621b9d7f4",
                "test3_GT_donors.vireo.vcf.gz:md5,b92d531491566870c247cf3a122b2dc1"
            ]
        ],
        "meta": {
            "nf-test": "0.9.3",
            "nextflow": "25.10.3"
        },
        "timestamp": "2026-02-01T16:47:19.348602535"
    }
}