{
    "-profile test_hashing": {
        "content": [
            {
                "BFF": {
                    "r-base": "4.3.3",
                    "r-seurat": "4.3.0.1",
                    "cellhashR": "1.0.3"
                },
                "DONOR_MATCH": {
                    "r-base": "4.5.2",
                    "r-data.table": "1.17.8",
                    "r-pheatmap": "1.0.13",
                    "r-tidyverse": "2.0.0"
                },
                "GMMDEMUX": {
                    "GMM-Demux": "0.2.2.3"
                },
                "HASHEDDROPS": {
                    "r-base": "4.4.3",
                    "r-seurat": "5.3.0",
                    "dropletutils": "1.26.0"
                },
                "HASHSOLO": {
                    "matplotlib": "3.10.5",
                    "pandas": "2.3.1",
                    "python": "3.12.11",
                    "scanpy": "1.11.2"
                },
                "HASH_SUMMARY": {
                    "numpy": "2.3.5",
                    "pandas": "2.3.3",
                    "pegasusio": "0.10.0",
                    "python": "3.12.12",
                    "scanpy": "1.11.5"
                },
                "HTODEMUX_VISUALIZATION": {
                    "r-base": "4.4.3",
                    "r-seurat": "5.3.0",
                    "r-ggplot2": "3.5.2"
                },
                "MULTISEQDEMUX": {
                    "r-base": "4.4.3",
                    "r-seurat": "5.3.0"
                },
                "PREPROCESSING_FOR_HTODEMUX_MULTISEQ": {
                    "r-base": "4.4.3",
                    "seurat": "5.3.0"
                },
                "UNTAR_HTO": {
                    "untar": 1.34
                },
                "UNTAR_RNA": {
                    "untar": 1.34
                },
                "Workflow": {
                    "nf-core/hadge": "v1.0.0dev"
                }
            },
            [
                "donor_match",
                "donor_match/test1",
                "donor_match/test1/bff_raw_vs_bff_consensuscall",
                "donor_match/test1/bff_raw_vs_bff_consensuscall/test1_bff_raw_vs_bff_consensuscall_concordance_heatmap.png",
                "donor_match/test1/bff_raw_vs_bff_consensuscall/test1_bff_raw_vs_bff_consensuscall_correlation_res.csv",
                "donor_match/test1/bff_raw_vs_bff_consensuscall/test1_bff_raw_vs_bff_consensuscall_donor_match.csv",
                "donor_match/test1/gmmdemux_vs_bff_consensuscall",
                "donor_match/test1/gmmdemux_vs_bff_consensuscall/test1_gmmdemux_vs_bff_consensuscall_concordance_heatmap.png",
                "donor_match/test1/gmmdemux_vs_bff_consensuscall/test1_gmmdemux_vs_bff_consensuscall_correlation_res.csv",
                "donor_match/test1/gmmdemux_vs_bff_consensuscall/test1_gmmdemux_vs_bff_consensuscall_donor_match.csv",
                "donor_match/test1/gmmdemux_vs_bff_raw",
                "donor_match/test1/gmmdemux_vs_bff_raw/test1_gmmdemux_vs_bff_raw_concordance_heatmap.png",
                "donor_match/test1/gmmdemux_vs_bff_raw/test1_gmmdemux_vs_bff_raw_correlation_res.csv",
                "donor_match/test1/gmmdemux_vs_bff_raw/test1_gmmdemux_vs_bff_raw_donor_match.csv",
                "donor_match/test1/hasheddrops_vs_bff_consensuscall",
                "donor_match/test1/hasheddrops_vs_bff_consensuscall/test1_hasheddrops_vs_bff_consensuscall_concordance_heatmap.png",
                "donor_match/test1/hasheddrops_vs_bff_consensuscall/test1_hasheddrops_vs_bff_consensuscall_correlation_res.csv",
                "donor_match/test1/hasheddrops_vs_bff_consensuscall/test1_hasheddrops_vs_bff_consensuscall_donor_match.csv",
                "donor_match/test1/hasheddrops_vs_bff_raw",
                "donor_match/test1/hasheddrops_vs_bff_raw/test1_hasheddrops_vs_bff_raw_concordance_heatmap.png",
                "donor_match/test1/hasheddrops_vs_bff_raw/test1_hasheddrops_vs_bff_raw_correlation_res.csv",
                "donor_match/test1/hasheddrops_vs_bff_raw/test1_hasheddrops_vs_bff_raw_donor_match.csv",
                "donor_match/test1/hasheddrops_vs_gmmdemux",
                "donor_match/test1/hasheddrops_vs_gmmdemux/test1_hasheddrops_vs_gmmdemux_concordance_heatmap.png",
                "donor_match/test1/hasheddrops_vs_gmmdemux/test1_hasheddrops_vs_gmmdemux_correlation_res.csv",
                "donor_match/test1/hasheddrops_vs_gmmdemux/test1_hasheddrops_vs_gmmdemux_donor_match.csv",
                "donor_match/test1/hasheddrops_vs_htodemux",
                "donor_match/test1/hasheddrops_vs_htodemux/test1_hasheddrops_vs_htodemux_concordance_heatmap.png",
                "donor_match/test1/hasheddrops_vs_htodemux/test1_hasheddrops_vs_htodemux_correlation_res.csv",
                "donor_match/test1/hasheddrops_vs_htodemux/test1_hasheddrops_vs_htodemux_donor_match.csv",
                "donor_match/test1/hasheddrops_vs_multiseq",
                "donor_match/test1/hasheddrops_vs_multiseq/test1_hasheddrops_vs_multiseq_concordance_heatmap.png",
                "donor_match/test1/hasheddrops_vs_multiseq/test1_hasheddrops_vs_multiseq_correlation_res.csv",
                "donor_match/test1/hasheddrops_vs_multiseq/test1_hasheddrops_vs_multiseq_donor_match.csv",
                "donor_match/test1/hashsolo_vs_bff_consensuscall",
                "donor_match/test1/hashsolo_vs_bff_consensuscall/test1_hashsolo_vs_bff_consensuscall_concordance_heatmap.png",
                "donor_match/test1/hashsolo_vs_bff_consensuscall/test1_hashsolo_vs_bff_consensuscall_correlation_res.csv",
                "donor_match/test1/hashsolo_vs_bff_consensuscall/test1_hashsolo_vs_bff_consensuscall_donor_match.csv",
                "donor_match/test1/hashsolo_vs_bff_raw",
                "donor_match/test1/hashsolo_vs_bff_raw/test1_hashsolo_vs_bff_raw_concordance_heatmap.png",
                "donor_match/test1/hashsolo_vs_bff_raw/test1_hashsolo_vs_bff_raw_correlation_res.csv",
                "donor_match/test1/hashsolo_vs_bff_raw/test1_hashsolo_vs_bff_raw_donor_match.csv",
                "donor_match/test1/hashsolo_vs_gmmdemux",
                "donor_match/test1/hashsolo_vs_gmmdemux/test1_hashsolo_vs_gmmdemux_concordance_heatmap.png",
                "donor_match/test1/hashsolo_vs_gmmdemux/test1_hashsolo_vs_gmmdemux_correlation_res.csv",
                "donor_match/test1/hashsolo_vs_gmmdemux/test1_hashsolo_vs_gmmdemux_donor_match.csv",
                "donor_match/test1/hashsolo_vs_hasheddrops",
                "donor_match/test1/hashsolo_vs_hasheddrops/test1_hashsolo_vs_hasheddrops_concordance_heatmap.png",
                "donor_match/test1/hashsolo_vs_hasheddrops/test1_hashsolo_vs_hasheddrops_correlation_res.csv",
                "donor_match/test1/hashsolo_vs_hasheddrops/test1_hashsolo_vs_hasheddrops_donor_match.csv",
                "donor_match/test1/hashsolo_vs_htodemux",
                "donor_match/test1/hashsolo_vs_htodemux/test1_hashsolo_vs_htodemux_concordance_heatmap.png",
                "donor_match/test1/hashsolo_vs_htodemux/test1_hashsolo_vs_htodemux_correlation_res.csv",
                "donor_match/test1/hashsolo_vs_htodemux/test1_hashsolo_vs_htodemux_donor_match.csv",
                "donor_match/test1/hashsolo_vs_multiseq",
                "donor_match/test1/hashsolo_vs_multiseq/test1_hashsolo_vs_multiseq_concordance_heatmap.png",
                "donor_match/test1/hashsolo_vs_multiseq/test1_hashsolo_vs_multiseq_correlation_res.csv",
                "donor_match/test1/hashsolo_vs_multiseq/test1_hashsolo_vs_multiseq_donor_match.csv",
                "donor_match/test1/htodemux_vs_bff_consensuscall",
                "donor_match/test1/htodemux_vs_bff_consensuscall/test1_htodemux_vs_bff_consensuscall_concordance_heatmap.png",
                "donor_match/test1/htodemux_vs_bff_consensuscall/test1_htodemux_vs_bff_consensuscall_correlation_res.csv",
                "donor_match/test1/htodemux_vs_bff_consensuscall/test1_htodemux_vs_bff_consensuscall_donor_match.csv",
                "donor_match/test1/htodemux_vs_bff_raw",
                "donor_match/test1/htodemux_vs_bff_raw/test1_htodemux_vs_bff_raw_concordance_heatmap.png",
                "donor_match/test1/htodemux_vs_bff_raw/test1_htodemux_vs_bff_raw_correlation_res.csv",
                "donor_match/test1/htodemux_vs_bff_raw/test1_htodemux_vs_bff_raw_donor_match.csv",
                "donor_match/test1/htodemux_vs_gmmdemux",
                "donor_match/test1/htodemux_vs_gmmdemux/test1_htodemux_vs_gmmdemux_concordance_heatmap.png",
                "donor_match/test1/htodemux_vs_gmmdemux/test1_htodemux_vs_gmmdemux_correlation_res.csv",
                "donor_match/test1/htodemux_vs_gmmdemux/test1_htodemux_vs_gmmdemux_donor_match.csv",
                "donor_match/test1/multiseq_vs_bff_consensuscall",
                "donor_match/test1/multiseq_vs_bff_consensuscall/test1_multiseq_vs_bff_consensuscall_concordance_heatmap.png",
                "donor_match/test1/multiseq_vs_bff_consensuscall/test1_multiseq_vs_bff_consensuscall_correlation_res.csv",
                "donor_match/test1/multiseq_vs_bff_consensuscall/test1_multiseq_vs_bff_consensuscall_donor_match.csv",
                "donor_match/test1/multiseq_vs_bff_raw",
                "donor_match/test1/multiseq_vs_bff_raw/test1_multiseq_vs_bff_raw_concordance_heatmap.png",
                "donor_match/test1/multiseq_vs_bff_raw/test1_multiseq_vs_bff_raw_correlation_res.csv",
                "donor_match/test1/multiseq_vs_bff_raw/test1_multiseq_vs_bff_raw_donor_match.csv",
                "donor_match/test1/multiseq_vs_gmmdemux",
                "donor_match/test1/multiseq_vs_gmmdemux/test1_multiseq_vs_gmmdemux_concordance_heatmap.png",
                "donor_match/test1/multiseq_vs_gmmdemux/test1_multiseq_vs_gmmdemux_correlation_res.csv",
                "donor_match/test1/multiseq_vs_gmmdemux/test1_multiseq_vs_gmmdemux_donor_match.csv",
                "donor_match/test1/multiseq_vs_htodemux",
                "donor_match/test1/multiseq_vs_htodemux/test1_multiseq_vs_htodemux_concordance_heatmap.png",
                "donor_match/test1/multiseq_vs_htodemux/test1_multiseq_vs_htodemux_correlation_res.csv",
                "donor_match/test1/multiseq_vs_htodemux/test1_multiseq_vs_htodemux_donor_match.csv",
                "donor_match/test2",
                "donor_match/test2/bff_raw_vs_bff_consensuscall",
                "donor_match/test2/bff_raw_vs_bff_consensuscall/test2_bff_raw_vs_bff_consensuscall_concordance_heatmap.png",
                "donor_match/test2/bff_raw_vs_bff_consensuscall/test2_bff_raw_vs_bff_consensuscall_correlation_res.csv",
                "donor_match/test2/bff_raw_vs_bff_consensuscall/test2_bff_raw_vs_bff_consensuscall_donor_match.csv",
                "donor_match/test2/gmmdemux_vs_bff_consensuscall",
                "donor_match/test2/gmmdemux_vs_bff_consensuscall/test2_gmmdemux_vs_bff_consensuscall_concordance_heatmap.png",
                "donor_match/test2/gmmdemux_vs_bff_consensuscall/test2_gmmdemux_vs_bff_consensuscall_correlation_res.csv",
                "donor_match/test2/gmmdemux_vs_bff_consensuscall/test2_gmmdemux_vs_bff_consensuscall_donor_match.csv",
                "donor_match/test2/gmmdemux_vs_bff_raw",
                "donor_match/test2/gmmdemux_vs_bff_raw/test2_gmmdemux_vs_bff_raw_concordance_heatmap.png",
                "donor_match/test2/gmmdemux_vs_bff_raw/test2_gmmdemux_vs_bff_raw_correlation_res.csv",
                "donor_match/test2/gmmdemux_vs_bff_raw/test2_gmmdemux_vs_bff_raw_donor_match.csv",
                "donor_match/test2/hasheddrops_vs_bff_consensuscall",
                "donor_match/test2/hasheddrops_vs_bff_consensuscall/test2_hasheddrops_vs_bff_consensuscall_concordance_heatmap.png",
                "donor_match/test2/hasheddrops_vs_bff_consensuscall/test2_hasheddrops_vs_bff_consensuscall_correlation_res.csv",
                "donor_match/test2/hasheddrops_vs_bff_consensuscall/test2_hasheddrops_vs_bff_consensuscall_donor_match.csv",
                "donor_match/test2/hasheddrops_vs_bff_raw",
                "donor_match/test2/hasheddrops_vs_bff_raw/test2_hasheddrops_vs_bff_raw_concordance_heatmap.png",
                "donor_match/test2/hasheddrops_vs_bff_raw/test2_hasheddrops_vs_bff_raw_correlation_res.csv",
                "donor_match/test2/hasheddrops_vs_bff_raw/test2_hasheddrops_vs_bff_raw_donor_match.csv",
                "donor_match/test2/hasheddrops_vs_gmmdemux",
                "donor_match/test2/hasheddrops_vs_gmmdemux/test2_hasheddrops_vs_gmmdemux_concordance_heatmap.png",
                "donor_match/test2/hasheddrops_vs_gmmdemux/test2_hasheddrops_vs_gmmdemux_correlation_res.csv",
                "donor_match/test2/hasheddrops_vs_gmmdemux/test2_hasheddrops_vs_gmmdemux_donor_match.csv",
                "donor_match/test2/hasheddrops_vs_htodemux",
                "donor_match/test2/hasheddrops_vs_htodemux/test2_hasheddrops_vs_htodemux_concordance_heatmap.png",
                "donor_match/test2/hasheddrops_vs_htodemux/test2_hasheddrops_vs_htodemux_correlation_res.csv",
                "donor_match/test2/hasheddrops_vs_htodemux/test2_hasheddrops_vs_htodemux_donor_match.csv",
                "donor_match/test2/hasheddrops_vs_multiseq",
                "donor_match/test2/hasheddrops_vs_multiseq/test2_hasheddrops_vs_multiseq_concordance_heatmap.png",
                "donor_match/test2/hasheddrops_vs_multiseq/test2_hasheddrops_vs_multiseq_correlation_res.csv",
                "donor_match/test2/hasheddrops_vs_multiseq/test2_hasheddrops_vs_multiseq_donor_match.csv",
                "donor_match/test2/hashsolo_vs_bff_consensuscall",
                "donor_match/test2/hashsolo_vs_bff_consensuscall/test2_hashsolo_vs_bff_consensuscall_concordance_heatmap.png",
                "donor_match/test2/hashsolo_vs_bff_consensuscall/test2_hashsolo_vs_bff_consensuscall_correlation_res.csv",
                "donor_match/test2/hashsolo_vs_bff_consensuscall/test2_hashsolo_vs_bff_consensuscall_donor_match.csv",
                "donor_match/test2/hashsolo_vs_bff_raw",
                "donor_match/test2/hashsolo_vs_bff_raw/test2_hashsolo_vs_bff_raw_concordance_heatmap.png",
                "donor_match/test2/hashsolo_vs_bff_raw/test2_hashsolo_vs_bff_raw_correlation_res.csv",
                "donor_match/test2/hashsolo_vs_bff_raw/test2_hashsolo_vs_bff_raw_donor_match.csv",
                "donor_match/test2/hashsolo_vs_gmmdemux",
                "donor_match/test2/hashsolo_vs_gmmdemux/test2_hashsolo_vs_gmmdemux_concordance_heatmap.png",
                "donor_match/test2/hashsolo_vs_gmmdemux/test2_hashsolo_vs_gmmdemux_correlation_res.csv",
                "donor_match/test2/hashsolo_vs_gmmdemux/test2_hashsolo_vs_gmmdemux_donor_match.csv",
                "donor_match/test2/hashsolo_vs_hasheddrops",
                "donor_match/test2/hashsolo_vs_hasheddrops/test2_hashsolo_vs_hasheddrops_concordance_heatmap.png",
                "donor_match/test2/hashsolo_vs_hasheddrops/test2_hashsolo_vs_hasheddrops_correlation_res.csv",
                "donor_match/test2/hashsolo_vs_hasheddrops/test2_hashsolo_vs_hasheddrops_donor_match.csv",
                "donor_match/test2/hashsolo_vs_htodemux",
                "donor_match/test2/hashsolo_vs_htodemux/test2_hashsolo_vs_htodemux_concordance_heatmap.png",
                "donor_match/test2/hashsolo_vs_htodemux/test2_hashsolo_vs_htodemux_correlation_res.csv",
                "donor_match/test2/hashsolo_vs_htodemux/test2_hashsolo_vs_htodemux_donor_match.csv",
                "donor_match/test2/hashsolo_vs_multiseq",
                "donor_match/test2/hashsolo_vs_multiseq/test2_hashsolo_vs_multiseq_concordance_heatmap.png",
                "donor_match/test2/hashsolo_vs_multiseq/test2_hashsolo_vs_multiseq_correlation_res.csv",
                "donor_match/test2/hashsolo_vs_multiseq/test2_hashsolo_vs_multiseq_donor_match.csv",
                "donor_match/test2/htodemux_vs_bff_consensuscall",
                "donor_match/test2/htodemux_vs_bff_consensuscall/test2_htodemux_vs_bff_consensuscall_concordance_heatmap.png",
                "donor_match/test2/htodemux_vs_bff_consensuscall/test2_htodemux_vs_bff_consensuscall_correlation_res.csv",
                "donor_match/test2/htodemux_vs_bff_consensuscall/test2_htodemux_vs_bff_consensuscall_donor_match.csv",
                "donor_match/test2/htodemux_vs_bff_raw",
                "donor_match/test2/htodemux_vs_bff_raw/test2_htodemux_vs_bff_raw_concordance_heatmap.png",
                "donor_match/test2/htodemux_vs_bff_raw/test2_htodemux_vs_bff_raw_correlation_res.csv",
                "donor_match/test2/htodemux_vs_bff_raw/test2_htodemux_vs_bff_raw_donor_match.csv",
                "donor_match/test2/htodemux_vs_gmmdemux",
                "donor_match/test2/htodemux_vs_gmmdemux/test2_htodemux_vs_gmmdemux_concordance_heatmap.png",
                "donor_match/test2/htodemux_vs_gmmdemux/test2_htodemux_vs_gmmdemux_correlation_res.csv",
                "donor_match/test2/htodemux_vs_gmmdemux/test2_htodemux_vs_gmmdemux_donor_match.csv",
                "donor_match/test2/multiseq_vs_bff_consensuscall",
                "donor_match/test2/multiseq_vs_bff_consensuscall/test2_multiseq_vs_bff_consensuscall_concordance_heatmap.png",
                "donor_match/test2/multiseq_vs_bff_consensuscall/test2_multiseq_vs_bff_consensuscall_correlation_res.csv",
                "donor_match/test2/multiseq_vs_bff_consensuscall/test2_multiseq_vs_bff_consensuscall_donor_match.csv",
                "donor_match/test2/multiseq_vs_bff_raw",
                "donor_match/test2/multiseq_vs_bff_raw/test2_multiseq_vs_bff_raw_concordance_heatmap.png",
                "donor_match/test2/multiseq_vs_bff_raw/test2_multiseq_vs_bff_raw_correlation_res.csv",
                "donor_match/test2/multiseq_vs_bff_raw/test2_multiseq_vs_bff_raw_donor_match.csv",
                "donor_match/test2/multiseq_vs_gmmdemux",
                "donor_match/test2/multiseq_vs_gmmdemux/test2_multiseq_vs_gmmdemux_concordance_heatmap.png",
                "donor_match/test2/multiseq_vs_gmmdemux/test2_multiseq_vs_gmmdemux_correlation_res.csv",
                "donor_match/test2/multiseq_vs_gmmdemux/test2_multiseq_vs_gmmdemux_donor_match.csv",
                "donor_match/test2/multiseq_vs_htodemux",
                "donor_match/test2/multiseq_vs_htodemux/test2_multiseq_vs_htodemux_concordance_heatmap.png",
                "donor_match/test2/multiseq_vs_htodemux/test2_multiseq_vs_htodemux_correlation_res.csv",
                "donor_match/test2/multiseq_vs_htodemux/test2_multiseq_vs_htodemux_donor_match.csv",
                "donor_match/test3",
                "donor_match/test3/bff_raw_vs_bff_consensuscall",
                "donor_match/test3/bff_raw_vs_bff_consensuscall/test3_bff_raw_vs_bff_consensuscall_concordance_heatmap.png",
                "donor_match/test3/bff_raw_vs_bff_consensuscall/test3_bff_raw_vs_bff_consensuscall_correlation_res.csv",
                "donor_match/test3/bff_raw_vs_bff_consensuscall/test3_bff_raw_vs_bff_consensuscall_donor_match.csv",
                "donor_match/test3/gmmdemux_vs_bff_consensuscall",
                "donor_match/test3/gmmdemux_vs_bff_consensuscall/test3_gmmdemux_vs_bff_consensuscall_concordance_heatmap.png",
                "donor_match/test3/gmmdemux_vs_bff_consensuscall/test3_gmmdemux_vs_bff_consensuscall_correlation_res.csv",
                "donor_match/test3/gmmdemux_vs_bff_consensuscall/test3_gmmdemux_vs_bff_consensuscall_donor_match.csv",
                "donor_match/test3/gmmdemux_vs_bff_raw",
                "donor_match/test3/gmmdemux_vs_bff_raw/test3_gmmdemux_vs_bff_raw_concordance_heatmap.png",
                "donor_match/test3/gmmdemux_vs_bff_raw/test3_gmmdemux_vs_bff_raw_correlation_res.csv",
                "donor_match/test3/gmmdemux_vs_bff_raw/test3_gmmdemux_vs_bff_raw_donor_match.csv",
                "donor_match/test3/hasheddrops_vs_bff_consensuscall",
                "donor_match/test3/hasheddrops_vs_bff_consensuscall/test3_hasheddrops_vs_bff_consensuscall_concordance_heatmap.png",
                "donor_match/test3/hasheddrops_vs_bff_consensuscall/test3_hasheddrops_vs_bff_consensuscall_correlation_res.csv",
                "donor_match/test3/hasheddrops_vs_bff_consensuscall/test3_hasheddrops_vs_bff_consensuscall_donor_match.csv",
                "donor_match/test3/hasheddrops_vs_bff_raw",
                "donor_match/test3/hasheddrops_vs_bff_raw/test3_hasheddrops_vs_bff_raw_concordance_heatmap.png",
                "donor_match/test3/hasheddrops_vs_bff_raw/test3_hasheddrops_vs_bff_raw_correlation_res.csv",
                "donor_match/test3/hasheddrops_vs_bff_raw/test3_hasheddrops_vs_bff_raw_donor_match.csv",
                "donor_match/test3/hasheddrops_vs_gmmdemux",
                "donor_match/test3/hasheddrops_vs_gmmdemux/test3_hasheddrops_vs_gmmdemux_concordance_heatmap.png",
                "donor_match/test3/hasheddrops_vs_gmmdemux/test3_hasheddrops_vs_gmmdemux_correlation_res.csv",
                "donor_match/test3/hasheddrops_vs_gmmdemux/test3_hasheddrops_vs_gmmdemux_donor_match.csv",
                "donor_match/test3/hasheddrops_vs_htodemux",
                "donor_match/test3/hasheddrops_vs_htodemux/test3_hasheddrops_vs_htodemux_concordance_heatmap.png",
                "donor_match/test3/hasheddrops_vs_htodemux/test3_hasheddrops_vs_htodemux_correlation_res.csv",
                "donor_match/test3/hasheddrops_vs_htodemux/test3_hasheddrops_vs_htodemux_donor_match.csv",
                "donor_match/test3/hasheddrops_vs_multiseq",
                "donor_match/test3/hasheddrops_vs_multiseq/test3_hasheddrops_vs_multiseq_concordance_heatmap.png",
                "donor_match/test3/hasheddrops_vs_multiseq/test3_hasheddrops_vs_multiseq_correlation_res.csv",
                "donor_match/test3/hasheddrops_vs_multiseq/test3_hasheddrops_vs_multiseq_donor_match.csv",
                "donor_match/test3/hashsolo_vs_bff_consensuscall",
                "donor_match/test3/hashsolo_vs_bff_consensuscall/test3_hashsolo_vs_bff_consensuscall_concordance_heatmap.png",
                "donor_match/test3/hashsolo_vs_bff_consensuscall/test3_hashsolo_vs_bff_consensuscall_correlation_res.csv",
                "donor_match/test3/hashsolo_vs_bff_consensuscall/test3_hashsolo_vs_bff_consensuscall_donor_match.csv",
                "donor_match/test3/hashsolo_vs_bff_raw",
                "donor_match/test3/hashsolo_vs_bff_raw/test3_hashsolo_vs_bff_raw_concordance_heatmap.png",
                "donor_match/test3/hashsolo_vs_bff_raw/test3_hashsolo_vs_bff_raw_correlation_res.csv",
                "donor_match/test3/hashsolo_vs_bff_raw/test3_hashsolo_vs_bff_raw_donor_match.csv",
                "donor_match/test3/hashsolo_vs_gmmdemux",
                "donor_match/test3/hashsolo_vs_gmmdemux/test3_hashsolo_vs_gmmdemux_concordance_heatmap.png",
                "donor_match/test3/hashsolo_vs_gmmdemux/test3_hashsolo_vs_gmmdemux_correlation_res.csv",
                "donor_match/test3/hashsolo_vs_gmmdemux/test3_hashsolo_vs_gmmdemux_donor_match.csv",
                "donor_match/test3/hashsolo_vs_hasheddrops",
                "donor_match/test3/hashsolo_vs_hasheddrops/test3_hashsolo_vs_hasheddrops_concordance_heatmap.png",
                "donor_match/test3/hashsolo_vs_hasheddrops/test3_hashsolo_vs_hasheddrops_correlation_res.csv",
                "donor_match/test3/hashsolo_vs_hasheddrops/test3_hashsolo_vs_hasheddrops_donor_match.csv",
                "donor_match/test3/hashsolo_vs_htodemux",
                "donor_match/test3/hashsolo_vs_htodemux/test3_hashsolo_vs_htodemux_concordance_heatmap.png",
                "donor_match/test3/hashsolo_vs_htodemux/test3_hashsolo_vs_htodemux_correlation_res.csv",
                "donor_match/test3/hashsolo_vs_htodemux/test3_hashsolo_vs_htodemux_donor_match.csv",
                "donor_match/test3/hashsolo_vs_multiseq",
                "donor_match/test3/hashsolo_vs_multiseq/test3_hashsolo_vs_multiseq_concordance_heatmap.png",
                "donor_match/test3/hashsolo_vs_multiseq/test3_hashsolo_vs_multiseq_correlation_res.csv",
                "donor_match/test3/hashsolo_vs_multiseq/test3_hashsolo_vs_multiseq_donor_match.csv",
                "donor_match/test3/htodemux_vs_bff_consensuscall",
                "donor_match/test3/htodemux_vs_bff_consensuscall/test3_htodemux_vs_bff_consensuscall_concordance_heatmap.png",
                "donor_match/test3/htodemux_vs_bff_consensuscall/test3_htodemux_vs_bff_consensuscall_correlation_res.csv",
                "donor_match/test3/htodemux_vs_bff_consensuscall/test3_htodemux_vs_bff_consensuscall_donor_match.csv",
                "donor_match/test3/htodemux_vs_bff_raw",
                "donor_match/test3/htodemux_vs_bff_raw/test3_htodemux_vs_bff_raw_concordance_heatmap.png",
                "donor_match/test3/htodemux_vs_bff_raw/test3_htodemux_vs_bff_raw_correlation_res.csv",
                "donor_match/test3/htodemux_vs_bff_raw/test3_htodemux_vs_bff_raw_donor_match.csv",
                "donor_match/test3/htodemux_vs_gmmdemux",
                "donor_match/test3/htodemux_vs_gmmdemux/test3_htodemux_vs_gmmdemux_concordance_heatmap.png",
                "donor_match/test3/htodemux_vs_gmmdemux/test3_htodemux_vs_gmmdemux_correlation_res.csv",
                "donor_match/test3/htodemux_vs_gmmdemux/test3_htodemux_vs_gmmdemux_donor_match.csv",
                "donor_match/test3/multiseq_vs_bff_consensuscall",
                "donor_match/test3/multiseq_vs_bff_consensuscall/test3_multiseq_vs_bff_consensuscall_concordance_heatmap.png",
                "donor_match/test3/multiseq_vs_bff_consensuscall/test3_multiseq_vs_bff_consensuscall_correlation_res.csv",
                "donor_match/test3/multiseq_vs_bff_consensuscall/test3_multiseq_vs_bff_consensuscall_donor_match.csv",
                "donor_match/test3/multiseq_vs_bff_raw",
                "donor_match/test3/multiseq_vs_bff_raw/test3_multiseq_vs_bff_raw_concordance_heatmap.png",
                "donor_match/test3/multiseq_vs_bff_raw/test3_multiseq_vs_bff_raw_correlation_res.csv",
                "donor_match/test3/multiseq_vs_bff_raw/test3_multiseq_vs_bff_raw_donor_match.csv",
                "donor_match/test3/multiseq_vs_gmmdemux",
                "donor_match/test3/multiseq_vs_gmmdemux/test3_multiseq_vs_gmmdemux_concordance_heatmap.png",
                "donor_match/test3/multiseq_vs_gmmdemux/test3_multiseq_vs_gmmdemux_correlation_res.csv",
                "donor_match/test3/multiseq_vs_gmmdemux/test3_multiseq_vs_gmmdemux_donor_match.csv",
                "donor_match/test3/multiseq_vs_htodemux",
                "donor_match/test3/multiseq_vs_htodemux/test3_multiseq_vs_htodemux_concordance_heatmap.png",
                "donor_match/test3/multiseq_vs_htodemux/test3_multiseq_vs_htodemux_correlation_res.csv",
                "donor_match/test3/multiseq_vs_htodemux/test3_multiseq_vs_htodemux_donor_match.csv",
                "hashing",
                "hashing/bff",
                "hashing/bff/test1",
                "hashing/bff/test1/test1_assignment_bff.csv",
                "hashing/bff/test1/test1_metrics_bff.csv",
                "hashing/bff/test1/test1_params_bff.csv",
                "hashing/bff/test2",
                "hashing/bff/test2/test2_assignment_bff.csv",
                "hashing/bff/test2/test2_metrics_bff.csv",
                "hashing/bff/test2/test2_params_bff.csv",
                "hashing/bff/test3",
                "hashing/bff/test3/test3_assignment_bff.csv",
                "hashing/bff/test3/test3_metrics_bff.csv",
                "hashing/bff/test3/test3_params_bff.csv",
                "hashing/gmm-demux",
                "hashing/gmm-demux/test1",
                "hashing/gmm-demux/test1/GMM_full.config",
                "hashing/gmm-demux/test1/GMM_full.csv",
                "hashing/gmm-demux/test1/barcodes.tsv.gz",
                "hashing/gmm-demux/test1/features.tsv.gz",
                "hashing/gmm-demux/test1/matrix.mtx.gz",
                "hashing/gmm-demux/test2",
                "hashing/gmm-demux/test2/GMM_full.config",
                "hashing/gmm-demux/test2/GMM_full.csv",
                "hashing/gmm-demux/test2/barcodes.tsv.gz",
                "hashing/gmm-demux/test2/features.tsv.gz",
                "hashing/gmm-demux/test2/matrix.mtx.gz",
                "hashing/gmm-demux/test3",
                "hashing/gmm-demux/test3/GMM_full.config",
                "hashing/gmm-demux/test3/GMM_full.csv",
                "hashing/gmm-demux/test3/barcodes.tsv.gz",
                "hashing/gmm-demux/test3/features.tsv.gz",
                "hashing/gmm-demux/test3/matrix.mtx.gz",
                "hashing/hasheddrops",
                "hashing/hasheddrops/test1",
                "hashing/hasheddrops/test1/test1_emptyDrops.csv",
                "hashing/hasheddrops/test1/test1_emptyDrops.png",
                "hashing/hasheddrops/test1/test1_emptyDrops.rds",
                "hashing/hasheddrops/test1/test1_hasheddrops.rds",
                "hashing/hasheddrops/test1/test1_id_to_hash.csv",
                "hashing/hasheddrops/test1/test1_params_hasheddrops.csv",
                "hashing/hasheddrops/test1/test1_plot_hasheddrops.png",
                "hashing/hasheddrops/test1/test1_results_hasheddrops.csv",
                "hashing/hasheddrops/test2",
                "hashing/hasheddrops/test2/test2_emptyDrops.csv",
                "hashing/hasheddrops/test2/test2_emptyDrops.png",
                "hashing/hasheddrops/test2/test2_emptyDrops.rds",
                "hashing/hasheddrops/test2/test2_hasheddrops.rds",
                "hashing/hasheddrops/test2/test2_id_to_hash.csv",
                "hashing/hasheddrops/test2/test2_params_hasheddrops.csv",
                "hashing/hasheddrops/test2/test2_plot_hasheddrops.png",
                "hashing/hasheddrops/test2/test2_results_hasheddrops.csv",
                "hashing/hasheddrops/test3",
                "hashing/hasheddrops/test3/test3_emptyDrops.csv",
                "hashing/hasheddrops/test3/test3_emptyDrops.png",
                "hashing/hasheddrops/test3/test3_emptyDrops.rds",
                "hashing/hasheddrops/test3/test3_hasheddrops.rds",
                "hashing/hasheddrops/test3/test3_id_to_hash.csv",
                "hashing/hasheddrops/test3/test3_params_hasheddrops.csv",
                "hashing/hasheddrops/test3/test3_plot_hasheddrops.png",
                "hashing/hasheddrops/test3/test3_results_hasheddrops.csv",
                "hashing/hashsolo",
                "hashing/hashsolo/test1",
                "hashing/hashsolo/test1/test1_assignment_hashsolo.csv",
                "hashing/hashsolo/test1/test1_hashsolo.h5ad",
                "hashing/hashsolo/test1/test1_params_hashsolo.csv",
                "hashing/hashsolo/test2",
                "hashing/hashsolo/test2/test2_assignment_hashsolo.csv",
                "hashing/hashsolo/test2/test2_hashsolo.h5ad",
                "hashing/hashsolo/test2/test2_params_hashsolo.csv",
                "hashing/hashsolo/test3",
                "hashing/hashsolo/test3/test3_assignment_hashsolo.csv",
                "hashing/hashsolo/test3/test3_hashsolo.h5ad",
                "hashing/hashsolo/test3/test3_params_hashsolo.csv",
                "hashing/htodemux",
                "hashing/htodemux/test1",
                "hashing/htodemux/test1/test1_assignment_htodemux.csv",
                "hashing/htodemux/test1/test1_classification_htodemux.csv",
                "hashing/htodemux/test1/test1_htodemux.rds",
                "hashing/htodemux/test1/test1_params_htodemux.csv",
                "hashing/htodemux/test1/visualization",
                "hashing/htodemux/test1/visualization/test1_featureScatter_htodemux.jpeg",
                "hashing/htodemux/test1/visualization/test1_heatMap_htodemux.jpeg",
                "hashing/htodemux/test1/visualization/test1_ridge_htodemux.jpeg",
                "hashing/htodemux/test1/visualization/test1_tSNE_htodemux.jpeg",
                "hashing/htodemux/test1/visualization/test1_violinPlot_htodemux.jpeg",
                "hashing/htodemux/test1/visualization/test1_visual_params_htodemux.csv",
                "hashing/htodemux/test2",
                "hashing/htodemux/test2/test2_assignment_htodemux.csv",
                "hashing/htodemux/test2/test2_classification_htodemux.csv",
                "hashing/htodemux/test2/test2_htodemux.rds",
                "hashing/htodemux/test2/test2_params_htodemux.csv",
                "hashing/htodemux/test2/visualization",
                "hashing/htodemux/test2/visualization/test2_featureScatter_htodemux.jpeg",
                "hashing/htodemux/test2/visualization/test2_heatMap_htodemux.jpeg",
                "hashing/htodemux/test2/visualization/test2_ridge_htodemux.jpeg",
                "hashing/htodemux/test2/visualization/test2_tSNE_htodemux.jpeg",
                "hashing/htodemux/test2/visualization/test2_violinPlot_htodemux.jpeg",
                "hashing/htodemux/test2/visualization/test2_visual_params_htodemux.csv",
                "hashing/htodemux/test3",
                "hashing/htodemux/test3/test3_assignment_htodemux.csv",
                "hashing/htodemux/test3/test3_classification_htodemux.csv",
                "hashing/htodemux/test3/test3_htodemux.rds",
                "hashing/htodemux/test3/test3_params_htodemux.csv",
                "hashing/htodemux/test3/visualization",
                "hashing/htodemux/test3/visualization/test3_featureScatter_htodemux.jpeg",
                "hashing/htodemux/test3/visualization/test3_heatMap_htodemux.jpeg",
                "hashing/htodemux/test3/visualization/test3_ridge_htodemux.jpeg",
                "hashing/htodemux/test3/visualization/test3_tSNE_htodemux.jpeg",
                "hashing/htodemux/test3/visualization/test3_violinPlot_htodemux.jpeg",
                "hashing/htodemux/test3/visualization/test3_visual_params_htodemux.csv",
                "hashing/multiseqdemux",
                "hashing/multiseqdemux/test1",
                "hashing/multiseqdemux/test1/test1_multiseqdemux.rds",
                "hashing/multiseqdemux/test1/test1_params_multiseqdemux.csv",
                "hashing/multiseqdemux/test1/test1_res_multiseqdemux.csv",
                "hashing/multiseqdemux/test2",
                "hashing/multiseqdemux/test2/test2_multiseqdemux.rds",
                "hashing/multiseqdemux/test2/test2_params_multiseqdemux.csv",
                "hashing/multiseqdemux/test2/test2_res_multiseqdemux.csv",
                "hashing/multiseqdemux/test3",
                "hashing/multiseqdemux/test3/test3_multiseqdemux.rds",
                "hashing/multiseqdemux/test3/test3_params_multiseqdemux.csv",
                "hashing/multiseqdemux/test3/test3_res_multiseqdemux.csv",
                "hashing/summary",
                "hashing/summary/test1",
                "hashing/summary/test1/test1_hashing_overview_assignment.csv",
                "hashing/summary/test1/test1_hashing_overview_classification.csv",
                "hashing/summary/test1/test1_hashing_summary_assignment.csv",
                "hashing/summary/test1/test1_hashing_summary_classification.csv",
                "hashing/summary/test2",
                "hashing/summary/test2/test2_hashing_overview_assignment.csv",
                "hashing/summary/test2/test2_hashing_overview_classification.csv",
                "hashing/summary/test2/test2_hashing_summary_assignment.csv",
                "hashing/summary/test2/test2_hashing_summary_classification.csv",
                "hashing/summary/test3",
                "hashing/summary/test3/test3_hashing_overview_assignment.csv",
                "hashing/summary/test3/test3_hashing_overview_classification.csv",
                "hashing/summary/test3/test3_hashing_summary_assignment.csv",
                "hashing/summary/test3/test3_hashing_summary_classification.csv",
                "multiqc",
                "multiqc/multiqc_data",
                "multiqc/multiqc_data/llms-full.txt",
                "multiqc/multiqc_data/multiqc.log",
                "multiqc/multiqc_data/multiqc.parquet",
                "multiqc/multiqc_data/multiqc_citations.txt",
                "multiqc/multiqc_data/multiqc_data.json",
                "multiqc/multiqc_data/multiqc_software_versions.txt",
                "multiqc/multiqc_data/multiqc_sources.txt",
                "multiqc/multiqc_report.html",
                "pipeline_info",
                "pipeline_info/nf_core_hadge_software_mqc_versions.yml",
                "summary",
                "summary/test1",
                "summary/test1/test1_genetic.h5ad",
                "summary/test1/test1_genetic_and_hashing.h5mu",
                "summary/test1/test1_hashing.h5ad",
                "summary/test2",
                "summary/test2/test2_genetic.h5ad",
                "summary/test2/test2_genetic_and_hashing.h5mu",
                "summary/test2/test2_hashing.h5ad",
                "summary/test3",
                "summary/test3/test3_genetic.h5ad",
                "summary/test3/test3_genetic_and_hashing.h5mu",
                "summary/test3/test3_hashing.h5ad"
            ],
            [
                "test1_bff_raw_vs_bff_consensuscall_concordance_heatmap.png:md5,70228780e63708c0255b9fefd17af97f",
                "test1_bff_raw_vs_bff_consensuscall_correlation_res.csv:md5,fd2c1ab13a371736d4ce2210fdbbb49a",
                "test1_bff_raw_vs_bff_consensuscall_donor_match.csv:md5,3dd18b42dded6bc972f54f877b62d744",
                "test1_gmmdemux_vs_bff_consensuscall_concordance_heatmap.png:md5,70228780e63708c0255b9fefd17af97f",
                "test1_gmmdemux_vs_bff_consensuscall_correlation_res.csv:md5,fd2c1ab13a371736d4ce2210fdbbb49a",
                "test1_gmmdemux_vs_bff_consensuscall_donor_match.csv:md5,3dd18b42dded6bc972f54f877b62d744",
                "test1_gmmdemux_vs_bff_raw_concordance_heatmap.png:md5,70228780e63708c0255b9fefd17af97f",
                "test1_gmmdemux_vs_bff_raw_correlation_res.csv:md5,fd2c1ab13a371736d4ce2210fdbbb49a",
                "test1_gmmdemux_vs_bff_raw_donor_match.csv:md5,3dd18b42dded6bc972f54f877b62d744",
                "test1_hasheddrops_vs_bff_consensuscall_concordance_heatmap.png:md5,70228780e63708c0255b9fefd17af97f",
                "test1_hasheddrops_vs_bff_consensuscall_correlation_res.csv:md5,fd2c1ab13a371736d4ce2210fdbbb49a",
                "test1_hasheddrops_vs_bff_consensuscall_donor_match.csv:md5,3dd18b42dded6bc972f54f877b62d744",
                "test1_hasheddrops_vs_bff_raw_concordance_heatmap.png:md5,70228780e63708c0255b9fefd17af97f",
                "test1_hasheddrops_vs_bff_raw_correlation_res.csv:md5,fd2c1ab13a371736d4ce2210fdbbb49a",
                "test1_hasheddrops_vs_bff_raw_donor_match.csv:md5,3dd18b42dded6bc972f54f877b62d744",
                "test1_hasheddrops_vs_gmmdemux_concordance_heatmap.png:md5,70228780e63708c0255b9fefd17af97f",
                "test1_hasheddrops_vs_gmmdemux_correlation_res.csv:md5,fd2c1ab13a371736d4ce2210fdbbb49a",
                "test1_hasheddrops_vs_gmmdemux_donor_match.csv:md5,3dd18b42dded6bc972f54f877b62d744",
                "test1_hasheddrops_vs_htodemux_concordance_heatmap.png:md5,70228780e63708c0255b9fefd17af97f",
                "test1_hasheddrops_vs_htodemux_correlation_res.csv:md5,fd2c1ab13a371736d4ce2210fdbbb49a",
                "test1_hasheddrops_vs_htodemux_donor_match.csv:md5,3dd18b42dded6bc972f54f877b62d744",
                "test1_hasheddrops_vs_multiseq_concordance_heatmap.png:md5,70228780e63708c0255b9fefd17af97f",
                "test1_hasheddrops_vs_multiseq_correlation_res.csv:md5,fd2c1ab13a371736d4ce2210fdbbb49a",
                "test1_hasheddrops_vs_multiseq_donor_match.csv:md5,3dd18b42dded6bc972f54f877b62d744",
                "test1_hashsolo_vs_bff_consensuscall_concordance_heatmap.png:md5,70228780e63708c0255b9fefd17af97f",
                "test1_hashsolo_vs_bff_consensuscall_correlation_res.csv:md5,fd2c1ab13a371736d4ce2210fdbbb49a",
                "test1_hashsolo_vs_bff_consensuscall_donor_match.csv:md5,3dd18b42dded6bc972f54f877b62d744",
                "test1_hashsolo_vs_bff_raw_concordance_heatmap.png:md5,70228780e63708c0255b9fefd17af97f",
                "test1_hashsolo_vs_bff_raw_correlation_res.csv:md5,fd2c1ab13a371736d4ce2210fdbbb49a",
                "test1_hashsolo_vs_bff_raw_donor_match.csv:md5,3dd18b42dded6bc972f54f877b62d744",
                "test1_hashsolo_vs_gmmdemux_concordance_heatmap.png:md5,70228780e63708c0255b9fefd17af97f",
                "test1_hashsolo_vs_gmmdemux_correlation_res.csv:md5,fd2c1ab13a371736d4ce2210fdbbb49a",
                "test1_hashsolo_vs_gmmdemux_donor_match.csv:md5,3dd18b42dded6bc972f54f877b62d744",
                "test1_hashsolo_vs_hasheddrops_concordance_heatmap.png:md5,70228780e63708c0255b9fefd17af97f",
                "test1_hashsolo_vs_hasheddrops_correlation_res.csv:md5,fd2c1ab13a371736d4ce2210fdbbb49a",
                "test1_hashsolo_vs_hasheddrops_donor_match.csv:md5,3dd18b42dded6bc972f54f877b62d744",
                "test1_hashsolo_vs_htodemux_concordance_heatmap.png:md5,70228780e63708c0255b9fefd17af97f",
                "test1_hashsolo_vs_htodemux_correlation_res.csv:md5,fd2c1ab13a371736d4ce2210fdbbb49a",
                "test1_hashsolo_vs_htodemux_donor_match.csv:md5,3dd18b42dded6bc972f54f877b62d744",
                "test1_hashsolo_vs_multiseq_concordance_heatmap.png:md5,70228780e63708c0255b9fefd17af97f",
                "test1_hashsolo_vs_multiseq_correlation_res.csv:md5,fd2c1ab13a371736d4ce2210fdbbb49a",
                "test1_hashsolo_vs_multiseq_donor_match.csv:md5,3dd18b42dded6bc972f54f877b62d744",
                "test1_htodemux_vs_bff_consensuscall_concordance_heatmap.png:md5,70228780e63708c0255b9fefd17af97f",
                "test1_htodemux_vs_bff_consensuscall_correlation_res.csv:md5,fd2c1ab13a371736d4ce2210fdbbb49a",
                "test1_htodemux_vs_bff_consensuscall_donor_match.csv:md5,3dd18b42dded6bc972f54f877b62d744",
                "test1_htodemux_vs_bff_raw_concordance_heatmap.png:md5,70228780e63708c0255b9fefd17af97f",
                "test1_htodemux_vs_bff_raw_correlation_res.csv:md5,fd2c1ab13a371736d4ce2210fdbbb49a",
                "test1_htodemux_vs_bff_raw_donor_match.csv:md5,3dd18b42dded6bc972f54f877b62d744",
                "test1_htodemux_vs_gmmdemux_concordance_heatmap.png:md5,70228780e63708c0255b9fefd17af97f",
                "test1_htodemux_vs_gmmdemux_correlation_res.csv:md5,fd2c1ab13a371736d4ce2210fdbbb49a",
                "test1_htodemux_vs_gmmdemux_donor_match.csv:md5,3dd18b42dded6bc972f54f877b62d744",
                "test1_multiseq_vs_bff_consensuscall_concordance_heatmap.png:md5,70228780e63708c0255b9fefd17af97f",
                "test1_multiseq_vs_bff_consensuscall_correlation_res.csv:md5,fd2c1ab13a371736d4ce2210fdbbb49a",
                "test1_multiseq_vs_bff_consensuscall_donor_match.csv:md5,3dd18b42dded6bc972f54f877b62d744",
                "test1_multiseq_vs_bff_raw_concordance_heatmap.png:md5,70228780e63708c0255b9fefd17af97f",
                "test1_multiseq_vs_bff_raw_correlation_res.csv:md5,fd2c1ab13a371736d4ce2210fdbbb49a",
                "test1_multiseq_vs_bff_raw_donor_match.csv:md5,3dd18b42dded6bc972f54f877b62d744",
                "test1_multiseq_vs_gmmdemux_concordance_heatmap.png:md5,70228780e63708c0255b9fefd17af97f",
                "test1_multiseq_vs_gmmdemux_correlation_res.csv:md5,fd2c1ab13a371736d4ce2210fdbbb49a",
                "test1_multiseq_vs_gmmdemux_donor_match.csv:md5,3dd18b42dded6bc972f54f877b62d744",
                "test1_multiseq_vs_htodemux_concordance_heatmap.png:md5,70228780e63708c0255b9fefd17af97f",
                "test1_multiseq_vs_htodemux_correlation_res.csv:md5,fd2c1ab13a371736d4ce2210fdbbb49a",
                "test1_multiseq_vs_htodemux_donor_match.csv:md5,3dd18b42dded6bc972f54f877b62d744",
                "test2_bff_raw_vs_bff_consensuscall_concordance_heatmap.png:md5,70228780e63708c0255b9fefd17af97f",
                "test2_bff_raw_vs_bff_consensuscall_correlation_res.csv:md5,fd2c1ab13a371736d4ce2210fdbbb49a",
                "test2_bff_raw_vs_bff_consensuscall_donor_match.csv:md5,3dd18b42dded6bc972f54f877b62d744",
                "test2_gmmdemux_vs_bff_consensuscall_concordance_heatmap.png:md5,70228780e63708c0255b9fefd17af97f",
                "test2_gmmdemux_vs_bff_consensuscall_correlation_res.csv:md5,fd2c1ab13a371736d4ce2210fdbbb49a",
                "test2_gmmdemux_vs_bff_consensuscall_donor_match.csv:md5,3dd18b42dded6bc972f54f877b62d744",
                "test2_gmmdemux_vs_bff_raw_concordance_heatmap.png:md5,70228780e63708c0255b9fefd17af97f",
                "test2_gmmdemux_vs_bff_raw_correlation_res.csv:md5,fd2c1ab13a371736d4ce2210fdbbb49a",
                "test2_gmmdemux_vs_bff_raw_donor_match.csv:md5,3dd18b42dded6bc972f54f877b62d744",
                "test2_hasheddrops_vs_bff_consensuscall_concordance_heatmap.png:md5,70228780e63708c0255b9fefd17af97f",
                "test2_hasheddrops_vs_bff_consensuscall_correlation_res.csv:md5,fd2c1ab13a371736d4ce2210fdbbb49a",
                "test2_hasheddrops_vs_bff_consensuscall_donor_match.csv:md5,3dd18b42dded6bc972f54f877b62d744",
                "test2_hasheddrops_vs_bff_raw_concordance_heatmap.png:md5,70228780e63708c0255b9fefd17af97f",
                "test2_hasheddrops_vs_bff_raw_correlation_res.csv:md5,fd2c1ab13a371736d4ce2210fdbbb49a",
                "test2_hasheddrops_vs_bff_raw_donor_match.csv:md5,3dd18b42dded6bc972f54f877b62d744",
                "test2_hasheddrops_vs_gmmdemux_concordance_heatmap.png:md5,70228780e63708c0255b9fefd17af97f",
                "test2_hasheddrops_vs_gmmdemux_correlation_res.csv:md5,fd2c1ab13a371736d4ce2210fdbbb49a",
                "test2_hasheddrops_vs_gmmdemux_donor_match.csv:md5,3dd18b42dded6bc972f54f877b62d744",
                "test2_hasheddrops_vs_htodemux_concordance_heatmap.png:md5,70228780e63708c0255b9fefd17af97f",
                "test2_hasheddrops_vs_htodemux_correlation_res.csv:md5,fd2c1ab13a371736d4ce2210fdbbb49a",
                "test2_hasheddrops_vs_htodemux_donor_match.csv:md5,3dd18b42dded6bc972f54f877b62d744",
                "test2_hasheddrops_vs_multiseq_concordance_heatmap.png:md5,70228780e63708c0255b9fefd17af97f",
                "test2_hasheddrops_vs_multiseq_correlation_res.csv:md5,fd2c1ab13a371736d4ce2210fdbbb49a",
                "test2_hasheddrops_vs_multiseq_donor_match.csv:md5,3dd18b42dded6bc972f54f877b62d744",
                "test2_hashsolo_vs_bff_consensuscall_concordance_heatmap.png:md5,70228780e63708c0255b9fefd17af97f",
                "test2_hashsolo_vs_bff_consensuscall_correlation_res.csv:md5,fd2c1ab13a371736d4ce2210fdbbb49a",
                "test2_hashsolo_vs_bff_consensuscall_donor_match.csv:md5,3dd18b42dded6bc972f54f877b62d744",
                "test2_hashsolo_vs_bff_raw_concordance_heatmap.png:md5,70228780e63708c0255b9fefd17af97f",
                "test2_hashsolo_vs_bff_raw_correlation_res.csv:md5,fd2c1ab13a371736d4ce2210fdbbb49a",
                "test2_hashsolo_vs_bff_raw_donor_match.csv:md5,3dd18b42dded6bc972f54f877b62d744",
                "test2_hashsolo_vs_gmmdemux_concordance_heatmap.png:md5,70228780e63708c0255b9fefd17af97f",
                "test2_hashsolo_vs_gmmdemux_correlation_res.csv:md5,fd2c1ab13a371736d4ce2210fdbbb49a",
                "test2_hashsolo_vs_gmmdemux_donor_match.csv:md5,3dd18b42dded6bc972f54f877b62d744",
                "test2_hashsolo_vs_hasheddrops_concordance_heatmap.png:md5,70228780e63708c0255b9fefd17af97f",
                "test2_hashsolo_vs_hasheddrops_correlation_res.csv:md5,fd2c1ab13a371736d4ce2210fdbbb49a",
                "test2_hashsolo_vs_hasheddrops_donor_match.csv:md5,3dd18b42dded6bc972f54f877b62d744",
                "test2_hashsolo_vs_htodemux_concordance_heatmap.png:md5,70228780e63708c0255b9fefd17af97f",
                "test2_hashsolo_vs_htodemux_correlation_res.csv:md5,fd2c1ab13a371736d4ce2210fdbbb49a",
                "test2_hashsolo_vs_htodemux_donor_match.csv:md5,3dd18b42dded6bc972f54f877b62d744",
                "test2_hashsolo_vs_multiseq_concordance_heatmap.png:md5,70228780e63708c0255b9fefd17af97f",
                "test2_hashsolo_vs_multiseq_correlation_res.csv:md5,fd2c1ab13a371736d4ce2210fdbbb49a",
                "test2_hashsolo_vs_multiseq_donor_match.csv:md5,3dd18b42dded6bc972f54f877b62d744",
                "test2_htodemux_vs_bff_consensuscall_concordance_heatmap.png:md5,70228780e63708c0255b9fefd17af97f",
                "test2_htodemux_vs_bff_consensuscall_correlation_res.csv:md5,fd2c1ab13a371736d4ce2210fdbbb49a",
                "test2_htodemux_vs_bff_consensuscall_donor_match.csv:md5,3dd18b42dded6bc972f54f877b62d744",
                "test2_htodemux_vs_bff_raw_concordance_heatmap.png:md5,70228780e63708c0255b9fefd17af97f",
                "test2_htodemux_vs_bff_raw_correlation_res.csv:md5,fd2c1ab13a371736d4ce2210fdbbb49a",
                "test2_htodemux_vs_bff_raw_donor_match.csv:md5,3dd18b42dded6bc972f54f877b62d744",
                "test2_htodemux_vs_gmmdemux_concordance_heatmap.png:md5,70228780e63708c0255b9fefd17af97f",
                "test2_htodemux_vs_gmmdemux_correlation_res.csv:md5,fd2c1ab13a371736d4ce2210fdbbb49a",
                "test2_htodemux_vs_gmmdemux_donor_match.csv:md5,3dd18b42dded6bc972f54f877b62d744",
                "test2_multiseq_vs_bff_consensuscall_concordance_heatmap.png:md5,70228780e63708c0255b9fefd17af97f",
                "test2_multiseq_vs_bff_consensuscall_correlation_res.csv:md5,fd2c1ab13a371736d4ce2210fdbbb49a",
                "test2_multiseq_vs_bff_consensuscall_donor_match.csv:md5,3dd18b42dded6bc972f54f877b62d744",
                "test2_multiseq_vs_bff_raw_concordance_heatmap.png:md5,70228780e63708c0255b9fefd17af97f",
                "test2_multiseq_vs_bff_raw_correlation_res.csv:md5,fd2c1ab13a371736d4ce2210fdbbb49a",
                "test2_multiseq_vs_bff_raw_donor_match.csv:md5,3dd18b42dded6bc972f54f877b62d744",
                "test2_multiseq_vs_gmmdemux_concordance_heatmap.png:md5,70228780e63708c0255b9fefd17af97f",
                "test2_multiseq_vs_gmmdemux_correlation_res.csv:md5,fd2c1ab13a371736d4ce2210fdbbb49a",
                "test2_multiseq_vs_gmmdemux_donor_match.csv:md5,3dd18b42dded6bc972f54f877b62d744",
                "test2_multiseq_vs_htodemux_concordance_heatmap.png:md5,70228780e63708c0255b9fefd17af97f",
                "test2_multiseq_vs_htodemux_correlation_res.csv:md5,fd2c1ab13a371736d4ce2210fdbbb49a",
                "test2_multiseq_vs_htodemux_donor_match.csv:md5,3dd18b42dded6bc972f54f877b62d744",
                "test3_bff_raw_vs_bff_consensuscall_concordance_heatmap.png:md5,70228780e63708c0255b9fefd17af97f",
                "test3_bff_raw_vs_bff_consensuscall_correlation_res.csv:md5,fd2c1ab13a371736d4ce2210fdbbb49a",
                "test3_bff_raw_vs_bff_consensuscall_donor_match.csv:md5,3dd18b42dded6bc972f54f877b62d744",
                "test3_gmmdemux_vs_bff_consensuscall_concordance_heatmap.png:md5,70228780e63708c0255b9fefd17af97f",
                "test3_gmmdemux_vs_bff_consensuscall_correlation_res.csv:md5,fd2c1ab13a371736d4ce2210fdbbb49a",
                "test3_gmmdemux_vs_bff_consensuscall_donor_match.csv:md5,3dd18b42dded6bc972f54f877b62d744",
                "test3_gmmdemux_vs_bff_raw_concordance_heatmap.png:md5,70228780e63708c0255b9fefd17af97f",
                "test3_gmmdemux_vs_bff_raw_correlation_res.csv:md5,fd2c1ab13a371736d4ce2210fdbbb49a",
                "test3_gmmdemux_vs_bff_raw_donor_match.csv:md5,3dd18b42dded6bc972f54f877b62d744",
                "test3_hasheddrops_vs_bff_consensuscall_concordance_heatmap.png:md5,70228780e63708c0255b9fefd17af97f",
                "test3_hasheddrops_vs_bff_consensuscall_correlation_res.csv:md5,fd2c1ab13a371736d4ce2210fdbbb49a",
                "test3_hasheddrops_vs_bff_consensuscall_donor_match.csv:md5,3dd18b42dded6bc972f54f877b62d744",
                "test3_hasheddrops_vs_bff_raw_concordance_heatmap.png:md5,70228780e63708c0255b9fefd17af97f",
                "test3_hasheddrops_vs_bff_raw_correlation_res.csv:md5,fd2c1ab13a371736d4ce2210fdbbb49a",
                "test3_hasheddrops_vs_bff_raw_donor_match.csv:md5,3dd18b42dded6bc972f54f877b62d744",
                "test3_hasheddrops_vs_gmmdemux_concordance_heatmap.png:md5,70228780e63708c0255b9fefd17af97f",
                "test3_hasheddrops_vs_gmmdemux_correlation_res.csv:md5,fd2c1ab13a371736d4ce2210fdbbb49a",
                "test3_hasheddrops_vs_gmmdemux_donor_match.csv:md5,3dd18b42dded6bc972f54f877b62d744",
                "test3_hasheddrops_vs_htodemux_concordance_heatmap.png:md5,70228780e63708c0255b9fefd17af97f",
                "test3_hasheddrops_vs_htodemux_correlation_res.csv:md5,fd2c1ab13a371736d4ce2210fdbbb49a",
                "test3_hasheddrops_vs_htodemux_donor_match.csv:md5,3dd18b42dded6bc972f54f877b62d744",
                "test3_hasheddrops_vs_multiseq_concordance_heatmap.png:md5,70228780e63708c0255b9fefd17af97f",
                "test3_hasheddrops_vs_multiseq_correlation_res.csv:md5,fd2c1ab13a371736d4ce2210fdbbb49a",
                "test3_hasheddrops_vs_multiseq_donor_match.csv:md5,3dd18b42dded6bc972f54f877b62d744",
                "test3_hashsolo_vs_bff_consensuscall_concordance_heatmap.png:md5,70228780e63708c0255b9fefd17af97f",
                "test3_hashsolo_vs_bff_consensuscall_correlation_res.csv:md5,fd2c1ab13a371736d4ce2210fdbbb49a",
                "test3_hashsolo_vs_bff_consensuscall_donor_match.csv:md5,3dd18b42dded6bc972f54f877b62d744",
                "test3_hashsolo_vs_bff_raw_concordance_heatmap.png:md5,70228780e63708c0255b9fefd17af97f",
                "test3_hashsolo_vs_bff_raw_correlation_res.csv:md5,fd2c1ab13a371736d4ce2210fdbbb49a",
                "test3_hashsolo_vs_bff_raw_donor_match.csv:md5,3dd18b42dded6bc972f54f877b62d744",
                "test3_hashsolo_vs_gmmdemux_concordance_heatmap.png:md5,70228780e63708c0255b9fefd17af97f",
                "test3_hashsolo_vs_gmmdemux_correlation_res.csv:md5,fd2c1ab13a371736d4ce2210fdbbb49a",
                "test3_hashsolo_vs_gmmdemux_donor_match.csv:md5,3dd18b42dded6bc972f54f877b62d744",
                "test3_hashsolo_vs_hasheddrops_concordance_heatmap.png:md5,70228780e63708c0255b9fefd17af97f",
                "test3_hashsolo_vs_hasheddrops_correlation_res.csv:md5,fd2c1ab13a371736d4ce2210fdbbb49a",
                "test3_hashsolo_vs_hasheddrops_donor_match.csv:md5,3dd18b42dded6bc972f54f877b62d744",
                "test3_hashsolo_vs_htodemux_concordance_heatmap.png:md5,70228780e63708c0255b9fefd17af97f",
                "test3_hashsolo_vs_htodemux_correlation_res.csv:md5,fd2c1ab13a371736d4ce2210fdbbb49a",
                "test3_hashsolo_vs_htodemux_donor_match.csv:md5,3dd18b42dded6bc972f54f877b62d744",
                "test3_hashsolo_vs_multiseq_concordance_heatmap.png:md5,70228780e63708c0255b9fefd17af97f",
                "test3_hashsolo_vs_multiseq_correlation_res.csv:md5,fd2c1ab13a371736d4ce2210fdbbb49a",
                "test3_hashsolo_vs_multiseq_donor_match.csv:md5,3dd18b42dded6bc972f54f877b62d744",
                "test3_htodemux_vs_bff_consensuscall_concordance_heatmap.png:md5,70228780e63708c0255b9fefd17af97f",
                "test3_htodemux_vs_bff_consensuscall_correlation_res.csv:md5,fd2c1ab13a371736d4ce2210fdbbb49a",
                "test3_htodemux_vs_bff_consensuscall_donor_match.csv:md5,3dd18b42dded6bc972f54f877b62d744",
                "test3_htodemux_vs_bff_raw_concordance_heatmap.png:md5,70228780e63708c0255b9fefd17af97f",
                "test3_htodemux_vs_bff_raw_correlation_res.csv:md5,fd2c1ab13a371736d4ce2210fdbbb49a",
                "test3_htodemux_vs_bff_raw_donor_match.csv:md5,3dd18b42dded6bc972f54f877b62d744",
                "test3_htodemux_vs_gmmdemux_concordance_heatmap.png:md5,70228780e63708c0255b9fefd17af97f",
                "test3_htodemux_vs_gmmdemux_correlation_res.csv:md5,fd2c1ab13a371736d4ce2210fdbbb49a",
                "test3_htodemux_vs_gmmdemux_donor_match.csv:md5,3dd18b42dded6bc972f54f877b62d744",
                "test3_multiseq_vs_bff_consensuscall_concordance_heatmap.png:md5,70228780e63708c0255b9fefd17af97f",
                "test3_multiseq_vs_bff_consensuscall_correlation_res.csv:md5,fd2c1ab13a371736d4ce2210fdbbb49a",
                "test3_multiseq_vs_bff_consensuscall_donor_match.csv:md5,3dd18b42dded6bc972f54f877b62d744",
                "test3_multiseq_vs_bff_raw_concordance_heatmap.png:md5,70228780e63708c0255b9fefd17af97f",
                "test3_multiseq_vs_bff_raw_correlation_res.csv:md5,fd2c1ab13a371736d4ce2210fdbbb49a",
                "test3_multiseq_vs_bff_raw_donor_match.csv:md5,3dd18b42dded6bc972f54f877b62d744",
                "test3_multiseq_vs_gmmdemux_concordance_heatmap.png:md5,70228780e63708c0255b9fefd17af97f",
                "test3_multiseq_vs_gmmdemux_correlation_res.csv:md5,fd2c1ab13a371736d4ce2210fdbbb49a",
                "test3_multiseq_vs_gmmdemux_donor_match.csv:md5,3dd18b42dded6bc972f54f877b62d744",
                "test3_multiseq_vs_htodemux_concordance_heatmap.png:md5,70228780e63708c0255b9fefd17af97f",
                "test3_multiseq_vs_htodemux_correlation_res.csv:md5,fd2c1ab13a371736d4ce2210fdbbb49a",
                "test3_multiseq_vs_htodemux_donor_match.csv:md5,3dd18b42dded6bc972f54f877b62d744",
                "test1_assignment_bff.csv:md5,82e9e12fec29f9eb0dcfbb1b6d8cc02a",
                "test1_metrics_bff.csv:md5,1d7751cf035c9e736e4de5504ff87a6a",
                "test1_params_bff.csv:md5,dbb83e4e50779916ff4e368b2d05fe91",
                "test2_assignment_bff.csv:md5,82e9e12fec29f9eb0dcfbb1b6d8cc02a",
                "test2_metrics_bff.csv:md5,1d7751cf035c9e736e4de5504ff87a6a",
                "test2_params_bff.csv:md5,08758e268b309e4f3288069e3eab358a",
                "test3_assignment_bff.csv:md5,82e9e12fec29f9eb0dcfbb1b6d8cc02a",
                "test3_metrics_bff.csv:md5,1d7751cf035c9e736e4de5504ff87a6a",
                "test3_params_bff.csv:md5,882b80fd11a10a375e0abd5ae29f74b0",
                "GMM_full.config:md5,0a18f3d5729c4b6399ce4161609362b6",
                "barcodes.tsv.gz:md5,e4cd9ce9929a07d6763304ec1bf64c23",
                "features.tsv.gz:md5,441a968b2c7ee68eae8388b04bee328d",
                "matrix.mtx.gz:md5,6f855b8bf68573d2e09139c29f9a2d41",
                "GMM_full.config:md5,0a18f3d5729c4b6399ce4161609362b6",
                "barcodes.tsv.gz:md5,e4cd9ce9929a07d6763304ec1bf64c23",
                "features.tsv.gz:md5,441a968b2c7ee68eae8388b04bee328d",
                "matrix.mtx.gz:md5,6f855b8bf68573d2e09139c29f9a2d41",
                "GMM_full.config:md5,0a18f3d5729c4b6399ce4161609362b6",
                "barcodes.tsv.gz:md5,e4cd9ce9929a07d6763304ec1bf64c23",
                "features.tsv.gz:md5,441a968b2c7ee68eae8388b04bee328d",
                "matrix.mtx.gz:md5,6f855b8bf68573d2e09139c29f9a2d41",
                "test1_emptyDrops.csv:md5,a227d42afbcc590b4e949075cde4a5b6",
                "test1_emptyDrops.png:md5,2d7113a76a494b2b2c18b77c4a664063",
                "test1_emptyDrops.rds:md5,bda2e88b1e3e8c8ea5a22e19e3ab243d",
                "test1_hasheddrops.rds:md5,7bb71fa6f28e3fc97b20bbdeffbb81d2",
                "test1_id_to_hash.csv:md5,e8f577103f3e0c17604f89c3bcda2ffb",
                "test1_params_hasheddrops.csv:md5,b253501914df23ef5901262e8a241a8d",
                "test1_plot_hasheddrops.png:md5,2d7113a76a494b2b2c18b77c4a664063",
                "test1_results_hasheddrops.csv:md5,9614789e65fc843e6a11fa60686fe89a",
                "test2_emptyDrops.csv:md5,a227d42afbcc590b4e949075cde4a5b6",
                "test2_emptyDrops.png:md5,2d7113a76a494b2b2c18b77c4a664063",
                "test2_emptyDrops.rds:md5,bda2e88b1e3e8c8ea5a22e19e3ab243d",
                "test2_hasheddrops.rds:md5,7bb71fa6f28e3fc97b20bbdeffbb81d2",
                "test2_id_to_hash.csv:md5,e8f577103f3e0c17604f89c3bcda2ffb",
                "test2_params_hasheddrops.csv:md5,3612264937e5c5962fefddc43afb595f",
                "test2_plot_hasheddrops.png:md5,2d7113a76a494b2b2c18b77c4a664063",
                "test2_results_hasheddrops.csv:md5,9614789e65fc843e6a11fa60686fe89a",
                "test3_emptyDrops.csv:md5,a227d42afbcc590b4e949075cde4a5b6",
                "test3_emptyDrops.png:md5,2d7113a76a494b2b2c18b77c4a664063",
                "test3_emptyDrops.rds:md5,bda2e88b1e3e8c8ea5a22e19e3ab243d",
                "test3_hasheddrops.rds:md5,7bb71fa6f28e3fc97b20bbdeffbb81d2",
                "test3_id_to_hash.csv:md5,e8f577103f3e0c17604f89c3bcda2ffb",
                "test3_params_hasheddrops.csv:md5,b15e94f887e3ada8f790ea18eb791d8b",
                "test3_plot_hasheddrops.png:md5,2d7113a76a494b2b2c18b77c4a664063",
                "test3_results_hasheddrops.csv:md5,9614789e65fc843e6a11fa60686fe89a",
                "test1_assignment_hashsolo.csv:md5,78cb7c0c26de18064e22a68dcf5e81fd",
                "test1_hashsolo.h5ad:md5,b359b676ca95b91ba7397b56112ad1b1",
                "test1_params_hashsolo.csv:md5,e39b2354a531ff7c65a0d3d0ad500a81",
                "test2_assignment_hashsolo.csv:md5,78cb7c0c26de18064e22a68dcf5e81fd",
                "test2_hashsolo.h5ad:md5,b359b676ca95b91ba7397b56112ad1b1",
                "test2_params_hashsolo.csv:md5,581ecdaff2557e6402ae2acf90d4167f",
                "test3_assignment_hashsolo.csv:md5,78cb7c0c26de18064e22a68dcf5e81fd",
                "test3_hashsolo.h5ad:md5,b359b676ca95b91ba7397b56112ad1b1",
                "test3_params_hashsolo.csv:md5,4eac179a88b560899622d0de4cd5b079",
                "test1_assignment_htodemux.csv:md5,33d72b27c3d0b0f7394af18a18490a5c",
                "test1_classification_htodemux.csv:md5,886f595f148d2ccdd5a9134b8eb815cb",
                "test1_params_htodemux.csv:md5,08b6c065b0c383e6be3c20787ec01d3e",
                "test1_featureScatter_htodemux.jpeg:md5,c67268ac0ff18c485899b4ee58f8f948",
                "test1_heatMap_htodemux.jpeg:md5,2ebdb027344db91ae89deaa3d1011993",
                "test1_ridge_htodemux.jpeg:md5,8bbc209b475b437a80f853277daa4ce9",
                "test1_tSNE_htodemux.jpeg:md5,43a7ba0a297e8b2cb867b6de19e40fee",
                "test1_violinPlot_htodemux.jpeg:md5,ef866e13e18a31ab43370299245d33c7",
                "test1_visual_params_htodemux.csv:md5,2a7879b87128e173b715275e8ee6bc0f",
                "test2_assignment_htodemux.csv:md5,33d72b27c3d0b0f7394af18a18490a5c",
                "test2_classification_htodemux.csv:md5,886f595f148d2ccdd5a9134b8eb815cb",
                "test2_params_htodemux.csv:md5,484909d87cacd9c2b9cf60a3c853a5fd",
                "test2_featureScatter_htodemux.jpeg:md5,c67268ac0ff18c485899b4ee58f8f948",
                "test2_heatMap_htodemux.jpeg:md5,2ebdb027344db91ae89deaa3d1011993",
                "test2_ridge_htodemux.jpeg:md5,8bbc209b475b437a80f853277daa4ce9",
                "test2_tSNE_htodemux.jpeg:md5,43a7ba0a297e8b2cb867b6de19e40fee",
                "test2_violinPlot_htodemux.jpeg:md5,ef866e13e18a31ab43370299245d33c7",
                "test2_visual_params_htodemux.csv:md5,f6d8b87037257a326ede03ab50a09047",
                "test3_assignment_htodemux.csv:md5,33d72b27c3d0b0f7394af18a18490a5c",
                "test3_classification_htodemux.csv:md5,886f595f148d2ccdd5a9134b8eb815cb",
                "test3_params_htodemux.csv:md5,a0a3f900a632eea39057b038438a89b9",
                "test3_featureScatter_htodemux.jpeg:md5,c67268ac0ff18c485899b4ee58f8f948",
                "test3_heatMap_htodemux.jpeg:md5,2ebdb027344db91ae89deaa3d1011993",
                "test3_ridge_htodemux.jpeg:md5,8bbc209b475b437a80f853277daa4ce9",
                "test3_tSNE_htodemux.jpeg:md5,43a7ba0a297e8b2cb867b6de19e40fee",
                "test3_violinPlot_htodemux.jpeg:md5,ef866e13e18a31ab43370299245d33c7",
                "test3_visual_params_htodemux.csv:md5,b472c6612b966110e7241b6bbdb5c052",
                "test1_params_multiseqdemux.csv:md5,60a096f79d78655870aef2af9130cf9d",
                "test1_res_multiseqdemux.csv:md5,9d4475b8c2778e7e361747dd521072e4",
                "test2_params_multiseqdemux.csv:md5,bb7b4009e6f709ebf35407b7849bfac3",
                "test2_res_multiseqdemux.csv:md5,9d4475b8c2778e7e361747dd521072e4",
                "test3_params_multiseqdemux.csv:md5,336308c45e52f92981173ecc7f295581",
                "test3_res_multiseqdemux.csv:md5,9d4475b8c2778e7e361747dd521072e4",
                "test1_hashing_overview_assignment.csv:md5,d0356ab124e50b77f5d60a05a38ba585",
                "test1_hashing_overview_classification.csv:md5,73e83a9cc51560a08c28357921d1baf9",
                "test1_hashing_summary_assignment.csv:md5,53ccb1fc3a6b85d10ff2cf580e9dfbe3",
                "test1_hashing_summary_classification.csv:md5,052d8aad0e934cb2384fae9b9f313e37",
                "test2_hashing_overview_assignment.csv:md5,d0356ab124e50b77f5d60a05a38ba585",
                "test2_hashing_overview_classification.csv:md5,73e83a9cc51560a08c28357921d1baf9",
                "test2_hashing_summary_assignment.csv:md5,53ccb1fc3a6b85d10ff2cf580e9dfbe3",
                "test2_hashing_summary_classification.csv:md5,052d8aad0e934cb2384fae9b9f313e37",
                "test3_hashing_overview_assignment.csv:md5,d0356ab124e50b77f5d60a05a38ba585",
                "test3_hashing_overview_classification.csv:md5,73e83a9cc51560a08c28357921d1baf9",
                "test3_hashing_summary_assignment.csv:md5,53ccb1fc3a6b85d10ff2cf580e9dfbe3",
                "test3_hashing_summary_classification.csv:md5,052d8aad0e934cb2384fae9b9f313e37",
                "multiqc_citations.txt:md5,4c806e63a283ec1b7e78cdae3a923d4f",
                "test1_genetic.h5ad:md5,6493fa69aa7797d7530e5fdeb1e60048",
                "test1_genetic_and_hashing.h5mu:md5,dc47ea1661289d1f61f7fa2d2dc4cf2d",
                "test1_hashing.h5ad:md5,d3f3c7a57e654e70ce3c4cf40b99f227",
                "test2_genetic.h5ad:md5,6493fa69aa7797d7530e5fdeb1e60048",
                "test2_genetic_and_hashing.h5mu:md5,dc47ea1661289d1f61f7fa2d2dc4cf2d",
                "test2_hashing.h5ad:md5,d3f3c7a57e654e70ce3c4cf40b99f227",
                "test3_genetic.h5ad:md5,6493fa69aa7797d7530e5fdeb1e60048",
                "test3_genetic_and_hashing.h5mu:md5,dc47ea1661289d1f61f7fa2d2dc4cf2d",
                "test3_hashing.h5ad:md5,d3f3c7a57e654e70ce3c4cf40b99f227"
            ],
            "No VCF files"
        ],
        "meta": {
            "nf-test": "0.9.2",
            "nextflow": "25.10.2"
        },
        "timestamp": "2026-01-24T07:44:44.79938"
    }
}