{
    "-profile test_genetic": {
        "content": [
            {
                "CELLSNP_MODEA": {
                    "cellsnp": "1.2.3"
                },
                "CREATE_ANNDATA_MUDATA": {
                    "anndata": "0.12.7",
                    "mudata": "0.3.2",
                    "pandas": "2.3.3",
                    "python": "3.14.2",
                    "scanpy": "1.11.5"
                },
                "DONOR_MATCH": {
                    "r-base": "4.5.2",
                    "r-data.table": "1.17.8",
                    "r-pheatmap": "1.0.13",
                    "r-tidyverse": "2.0.0"
                },
                "GENE_SUMMARY": {
                    "numpy": "2.3.5",
                    "pandas": "2.3.3",
                    "python": "3.14.2",
                    "scanpy": "1.11.5"
                },
                "POPSCLE_DEMUXLET": {
                    "popscle demuxlet": 0.1
                },
                "POPSCLE_DSCPILEUP": {
                    "popscle dsc-pileup": 0.1
                },
                "POPSCLE_FREEMUXLET": {
                    "popscle": 0.1
                },
                "SAMTOOLS_INDEX": {
                    "samtools": "1.23.1"
                },
                "SAMTOOLS_SORT": {
                    "samtools": "1.23.1"
                },
                "SAMTOOLS_VIEW": {
                    "samtools": "1.23.1"
                },
                "SOUPORCELL": {
                    "souporcell": 2.5
                },
                "UMITOOLS_DEDUP": {
                    "umitools": "1.1.6"
                },
                "VIREO": {
                    "vireo": "v0.5.8"
                },
                "Workflow": {
                    "nf-core/hadge": "v1.0.0dev"
                }
            },
            [
                "donor_match",
                "donor_match/test1",
                "donor_match/test1/freemuxlet_vs_souporcell",
                "donor_match/test1/freemuxlet_vs_souporcell/test1_freemuxlet_vs_souporcell_concordance_heatmap.png",
                "donor_match/test1/freemuxlet_vs_souporcell/test1_freemuxlet_vs_souporcell_correlation_res.csv",
                "donor_match/test1/freemuxlet_vs_souporcell/test1_freemuxlet_vs_souporcell_donor_match.csv",
                "donor_match/test2",
                "donor_match/test2/freemuxlet_vs_souporcell",
                "donor_match/test2/freemuxlet_vs_souporcell/test2_freemuxlet_vs_souporcell_concordance_heatmap.png",
                "donor_match/test2/freemuxlet_vs_souporcell/test2_freemuxlet_vs_souporcell_correlation_res.csv",
                "donor_match/test2/freemuxlet_vs_souporcell/test2_freemuxlet_vs_souporcell_donor_match.csv",
                "donor_match/test3",
                "donor_match/test3/freemuxlet_vs_souporcell",
                "donor_match/test3/freemuxlet_vs_souporcell/test3_freemuxlet_vs_souporcell_concordance_heatmap.png",
                "donor_match/test3/freemuxlet_vs_souporcell/test3_freemuxlet_vs_souporcell_correlation_res.csv",
                "donor_match/test3/freemuxlet_vs_souporcell/test3_freemuxlet_vs_souporcell_donor_match.csv",
                "genetic",
                "genetic/popscle",
                "genetic/popscle/demuxlet",
                "genetic/popscle/demuxlet/test1",
                "genetic/popscle/demuxlet/test1/test1.best",
                "genetic/popscle/demuxlet/test2",
                "genetic/popscle/demuxlet/test2/test2.best",
                "genetic/popscle/demuxlet/test3",
                "genetic/popscle/demuxlet/test3/test3.best",
                "genetic/popscle/freemuxlet",
                "genetic/popscle/freemuxlet/test1",
                "genetic/popscle/freemuxlet/test1/test1.clust1.samples.gz",
                "genetic/popscle/freemuxlet/test1/test1.clust1.vcf.gz",
                "genetic/popscle/freemuxlet/test1/test1.lmix",
                "genetic/popscle/freemuxlet/test2",
                "genetic/popscle/freemuxlet/test2/test2.clust1.samples.gz",
                "genetic/popscle/freemuxlet/test2/test2.clust1.vcf.gz",
                "genetic/popscle/freemuxlet/test2/test2.lmix",
                "genetic/popscle/freemuxlet/test3",
                "genetic/popscle/freemuxlet/test3/test3.clust1.samples.gz",
                "genetic/popscle/freemuxlet/test3/test3.clust1.vcf.gz",
                "genetic/popscle/freemuxlet/test3/test3.lmix",
                "genetic/souporcell",
                "genetic/souporcell/test1",
                "genetic/souporcell/test1/test1",
                "genetic/souporcell/test1/test1/ambient_rna.txt",
                "genetic/souporcell/test1/test1/cluster_genotypes.vcf",
                "genetic/souporcell/test1/test1/clusters.tsv",
                "genetic/souporcell/test2",
                "genetic/souporcell/test2/test2",
                "genetic/souporcell/test2/test2/ambient_rna.txt",
                "genetic/souporcell/test2/test2/cluster_genotypes.vcf",
                "genetic/souporcell/test2/test2/clusters.tsv",
                "genetic/souporcell/test3",
                "genetic/souporcell/test3/test3",
                "genetic/souporcell/test3/test3/ambient_rna.txt",
                "genetic/souporcell/test3/test3/cluster_genotypes.vcf",
                "genetic/souporcell/test3/test3/clusters.tsv",
                "genetic/summary",
                "genetic/summary/test1",
                "genetic/summary/test1/test1_genetic_overview_assignment.csv",
                "genetic/summary/test1/test1_genetic_overview_classification.csv",
                "genetic/summary/test1/test1_genetic_summary_assignment.csv",
                "genetic/summary/test1/test1_genetic_summary_classification.csv",
                "genetic/summary/test2",
                "genetic/summary/test2/test2_genetic_overview_assignment.csv",
                "genetic/summary/test2/test2_genetic_overview_classification.csv",
                "genetic/summary/test2/test2_genetic_summary_assignment.csv",
                "genetic/summary/test2/test2_genetic_summary_classification.csv",
                "genetic/summary/test3",
                "genetic/summary/test3/test3_genetic_overview_assignment.csv",
                "genetic/summary/test3/test3_genetic_overview_classification.csv",
                "genetic/summary/test3/test3_genetic_summary_assignment.csv",
                "genetic/summary/test3/test3_genetic_summary_classification.csv",
                "genetic/vireo",
                "genetic/vireo/test1",
                "genetic/vireo/test1/test1.base.vcf.gz",
                "genetic/vireo/test1/test1.cells.vcf.gz",
                "genetic/vireo/test1/test1.samples.tsv",
                "genetic/vireo/test1/test1.tag.AD.mtx",
                "genetic/vireo/test1/test1.tag.DP.mtx",
                "genetic/vireo/test1/test1.tag.OTH.mtx",
                "genetic/vireo/test1/test1_GT_donors.vireo.vcf.gz",
                "genetic/vireo/test1/test1_donor_ids.tsv",
                "genetic/vireo/test1/test1_filtered_variants.tsv",
                "genetic/vireo/test1/test1_prob_doublet.tsv.gz",
                "genetic/vireo/test1/test1_prob_singlet.tsv.gz",
                "genetic/vireo/test1/test1_summary.tsv",
                "genetic/vireo/test2",
                "genetic/vireo/test2/test2.base.vcf.gz",
                "genetic/vireo/test2/test2.cells.vcf.gz",
                "genetic/vireo/test2/test2.samples.tsv",
                "genetic/vireo/test2/test2.tag.AD.mtx",
                "genetic/vireo/test2/test2.tag.DP.mtx",
                "genetic/vireo/test2/test2.tag.OTH.mtx",
                "genetic/vireo/test2/test2_GT_donors.vireo.vcf.gz",
                "genetic/vireo/test2/test2_donor_ids.tsv",
                "genetic/vireo/test2/test2_filtered_variants.tsv",
                "genetic/vireo/test2/test2_prob_doublet.tsv.gz",
                "genetic/vireo/test2/test2_prob_singlet.tsv.gz",
                "genetic/vireo/test2/test2_summary.tsv",
                "genetic/vireo/test3",
                "genetic/vireo/test3/test3.base.vcf.gz",
                "genetic/vireo/test3/test3.cells.vcf.gz",
                "genetic/vireo/test3/test3.samples.tsv",
                "genetic/vireo/test3/test3.tag.AD.mtx",
                "genetic/vireo/test3/test3.tag.DP.mtx",
                "genetic/vireo/test3/test3.tag.OTH.mtx",
                "genetic/vireo/test3/test3_GT_donors.vireo.vcf.gz",
                "genetic/vireo/test3/test3_donor_ids.tsv",
                "genetic/vireo/test3/test3_filtered_variants.tsv",
                "genetic/vireo/test3/test3_prob_doublet.tsv.gz",
                "genetic/vireo/test3/test3_prob_singlet.tsv.gz",
                "genetic/vireo/test3/test3_summary.tsv",
                "multiqc",
                "multiqc/multiqc_data",
                "multiqc/multiqc_data/llms-full.txt",
                "multiqc/multiqc_data/multiqc.log",
                "multiqc/multiqc_data/multiqc.parquet",
                "multiqc/multiqc_data/multiqc_citations.txt",
                "multiqc/multiqc_data/multiqc_data.json",
                "multiqc/multiqc_data/multiqc_software_versions.txt",
                "multiqc/multiqc_data/multiqc_sources.txt",
                "multiqc/multiqc_report.html",
                "pipeline_info",
                "pipeline_info/nf_core_hadge_software_mqc_versions.yml",
                "summary",
                "summary/test1",
                "summary/test2",
                "summary/test3"
            ],
            [
                "test1_freemuxlet_vs_souporcell_concordance_heatmap.png:md5,dd2e92af065ab80b23767797978d05b6",
                "test1_freemuxlet_vs_souporcell_correlation_res.csv:md5,d21819b5db460f1535596d996af87976",
                "test1_freemuxlet_vs_souporcell_donor_match.csv:md5,c27bb85b84d4f2e33948b4232cd4169d",
                "test2_freemuxlet_vs_souporcell_concordance_heatmap.png:md5,dd2e92af065ab80b23767797978d05b6",
                "test2_freemuxlet_vs_souporcell_correlation_res.csv:md5,d21819b5db460f1535596d996af87976",
                "test2_freemuxlet_vs_souporcell_donor_match.csv:md5,c27bb85b84d4f2e33948b4232cd4169d",
                "test3_freemuxlet_vs_souporcell_concordance_heatmap.png:md5,dd2e92af065ab80b23767797978d05b6",
                "test3_freemuxlet_vs_souporcell_correlation_res.csv:md5,d21819b5db460f1535596d996af87976",
                "test3_freemuxlet_vs_souporcell_donor_match.csv:md5,c27bb85b84d4f2e33948b4232cd4169d",
                "test1.best:md5,237dadb1f53067fc7e3aad4336c6541b",
                "test2.best:md5,237dadb1f53067fc7e3aad4336c6541b",
                "test3.best:md5,237dadb1f53067fc7e3aad4336c6541b",
                "test1.clust1.samples.gz:md5,d58f19c489213685176f03982dd8ea1e",
                "test1.lmix:md5,39b16209e7c2238020024c5611ef10c5",
                "test2.clust1.samples.gz:md5,d58f19c489213685176f03982dd8ea1e",
                "test2.lmix:md5,39b16209e7c2238020024c5611ef10c5",
                "test3.clust1.samples.gz:md5,d58f19c489213685176f03982dd8ea1e",
                "test3.lmix:md5,39b16209e7c2238020024c5611ef10c5",
                "clusters.tsv:md5,408fb8c0433868d68c5463dee1ec8a3c",
                "clusters.tsv:md5,408fb8c0433868d68c5463dee1ec8a3c",
                "clusters.tsv:md5,408fb8c0433868d68c5463dee1ec8a3c",
                "test1_genetic_overview_assignment.csv:md5,6e912c78c50b84deffdaf9fb5e8e3b20",
                "test1_genetic_overview_classification.csv:md5,812a950b1eef4515079b2d7028b6658c",
                "test1_genetic_summary_assignment.csv:md5,d99032c058450687415d441e474cef25",
                "test1_genetic_summary_classification.csv:md5,fdfbf54c3c34746624fa6afdaead2f50",
                "test2_genetic_overview_assignment.csv:md5,6e912c78c50b84deffdaf9fb5e8e3b20",
                "test2_genetic_overview_classification.csv:md5,812a950b1eef4515079b2d7028b6658c",
                "test2_genetic_summary_assignment.csv:md5,d99032c058450687415d441e474cef25",
                "test2_genetic_summary_classification.csv:md5,fdfbf54c3c34746624fa6afdaead2f50",
                "test3_genetic_overview_assignment.csv:md5,6e912c78c50b84deffdaf9fb5e8e3b20",
                "test3_genetic_overview_classification.csv:md5,812a950b1eef4515079b2d7028b6658c",
                "test3_genetic_summary_assignment.csv:md5,d99032c058450687415d441e474cef25",
                "test3_genetic_summary_classification.csv:md5,fdfbf54c3c34746624fa6afdaead2f50",
                "test1.base.vcf.gz:md5,c381d7e92163710dfca2306d0d9b73f1",
                "test1.cells.vcf.gz:md5,f2237f599444ca39fa202b2789dc5c36",
                "test1.samples.tsv:md5,4ee35dd786d28bfad433c5c2b2a00e7a",
                "test1.tag.AD.mtx:md5,59641a7fccbd20da984734c9a6a62d17",
                "test1.tag.DP.mtx:md5,dcf051758a2f21372ce273b1ccc7fc90",
                "test1.tag.OTH.mtx:md5,45e64ea3b3b8e8a7126690d9e775d501",
                "test1_GT_donors.vireo.vcf.gz:md5,8f7ab71e3b0aa2635d4b5d1349d221d0",
                "test1_donor_ids.tsv:md5,3f425382307931a725fa3031401dbdf7",
                "test1_filtered_variants.tsv:md5,d37231135d9e6e330c03ed0647fcaf0e",
                "test1_prob_doublet.tsv.gz:md5,68b4ec74b77aa58421d73df2dbc92e34",
                "test1_prob_singlet.tsv.gz:md5,5ea247ca9d0483389a730340f3f34d0d",
                "test1_summary.tsv:md5,94b0ce40cc86bbe7fbacebf98e685ee7",
                "test2.base.vcf.gz:md5,c381d7e92163710dfca2306d0d9b73f1",
                "test2.cells.vcf.gz:md5,f2237f599444ca39fa202b2789dc5c36",
                "test2.samples.tsv:md5,4ee35dd786d28bfad433c5c2b2a00e7a",
                "test2.tag.AD.mtx:md5,59641a7fccbd20da984734c9a6a62d17",
                "test2.tag.DP.mtx:md5,dcf051758a2f21372ce273b1ccc7fc90",
                "test2.tag.OTH.mtx:md5,45e64ea3b3b8e8a7126690d9e775d501",
                "test2_GT_donors.vireo.vcf.gz:md5,8f7ab71e3b0aa2635d4b5d1349d221d0",
                "test2_donor_ids.tsv:md5,3f425382307931a725fa3031401dbdf7",
                "test2_filtered_variants.tsv:md5,d37231135d9e6e330c03ed0647fcaf0e",
                "test2_prob_doublet.tsv.gz:md5,68b4ec74b77aa58421d73df2dbc92e34",
                "test2_prob_singlet.tsv.gz:md5,5ea247ca9d0483389a730340f3f34d0d",
                "test2_summary.tsv:md5,94b0ce40cc86bbe7fbacebf98e685ee7",
                "test3.base.vcf.gz:md5,c381d7e92163710dfca2306d0d9b73f1",
                "test3.cells.vcf.gz:md5,f2237f599444ca39fa202b2789dc5c36",
                "test3.samples.tsv:md5,4ee35dd786d28bfad433c5c2b2a00e7a",
                "test3.tag.AD.mtx:md5,59641a7fccbd20da984734c9a6a62d17",
                "test3.tag.DP.mtx:md5,dcf051758a2f21372ce273b1ccc7fc90",
                "test3.tag.OTH.mtx:md5,45e64ea3b3b8e8a7126690d9e775d501",
                "test3_GT_donors.vireo.vcf.gz:md5,8f7ab71e3b0aa2635d4b5d1349d221d0",
                "test3_donor_ids.tsv:md5,3f425382307931a725fa3031401dbdf7",
                "test3_filtered_variants.tsv:md5,d37231135d9e6e330c03ed0647fcaf0e",
                "test3_prob_doublet.tsv.gz:md5,68b4ec74b77aa58421d73df2dbc92e34",
                "test3_prob_singlet.tsv.gz:md5,5ea247ca9d0483389a730340f3f34d0d",
                "test3_summary.tsv:md5,94b0ce40cc86bbe7fbacebf98e685ee7",
                "multiqc_citations.txt:md5,4c806e63a283ec1b7e78cdae3a923d4f"
            ],
            [
                "test1.clust1.vcf.gz:md5,8de6d22ca83fcc331f3d49d59973e5ac",
                "test2.clust1.vcf.gz:md5,8de6d22ca83fcc331f3d49d59973e5ac",
                "test3.clust1.vcf.gz:md5,8de6d22ca83fcc331f3d49d59973e5ac",
                "test1.base.vcf.gz:md5,6a426c9fc04cd6c52023d12c3e7b294",
                "test1.cells.vcf.gz:md5,df70201204c42838109e76955418f112",
                "test1_GT_donors.vireo.vcf.gz:md5,921ce18ca982b86589477432fce4e3e6",
                "test2.base.vcf.gz:md5,6a426c9fc04cd6c52023d12c3e7b294",
                "test2.cells.vcf.gz:md5,df70201204c42838109e76955418f112",
                "test2_GT_donors.vireo.vcf.gz:md5,921ce18ca982b86589477432fce4e3e6",
                "test3.base.vcf.gz:md5,6a426c9fc04cd6c52023d12c3e7b294",
                "test3.cells.vcf.gz:md5,df70201204c42838109e76955418f112",
                "test3_GT_donors.vireo.vcf.gz:md5,921ce18ca982b86589477432fce4e3e6"
            ]
        ],
        "timestamp": "2026-06-25T12:16:23.520507",
        "meta": {
            "nf-test": "0.9.5",
            "nextflow": "26.04.3"
        }
    }
}