{
    "-profile test_hashing": {
        "content": [
            {
                "BFF": {
                    "r-base": "4.3.3",
                    "r-seurat": "4.3.0.1",
                    "cellhashR": "1.0.3"
                },
                "CREATE_ANNDATA_MUDATA": {
                    "anndata": "0.12.7",
                    "mudata": "0.3.2",
                    "pandas": "2.3.3",
                    "python": "3.14.2",
                    "scanpy": "1.11.5"
                },
                "DEMUXEM": "echo 0.1.7.post1",
                "DONOR_MATCH": {
                    "r-base": "4.5.2",
                    "r-data.table": "1.17.8",
                    "r-pheatmap": "1.0.13",
                    "r-tidyverse": "2.0.0"
                },
                "EXTRACT_HASHES": {
                    "gzip": 1.14,
                    "gawk": "5.3.1",
                    "coreutils": 9.5
                },
                "GMMDEMUX": {
                    "GMM-Demux": "0.2.2.3"
                },
                "HASHEDDROPS": {
                    "r-base": "4.4.3",
                    "r-seurat": "5.3.0",
                    "dropletutils": "1.26.0"
                },
                "HASHSOLO": {
                    "matplotlib": "3.10.5",
                    "pandas": "2.3.1",
                    "python": "3.12.11",
                    "scanpy": "1.11.2"
                },
                "HASH_SUMMARY": {
                    "numpy": "2.3.5",
                    "pandas": "2.3.3",
                    "pegasusio": "0.10.0",
                    "python": "3.12.12",
                    "scanpy": "1.11.5"
                },
                "HTODEMUX": {
                    "r-base": "4.4.3",
                    "r-seurat": "5.3.0"
                },
                "HTODEMUX_VISUALIZATION": {
                    "r-base": "4.4.3",
                    "r-seurat": "5.3.0",
                    "r-ggplot2": "3.5.2"
                },
                "MTXCONVERT_HTO": {
                    "r-base": "4.4.3",
                    "bioconductor-dropletutils": "1.26.0"
                },
                "MTXCONVERT_RNA": {
                    "r-base": "4.4.3",
                    "bioconductor-dropletutils": "1.26.0"
                },
                "MULTISEQDEMUX": {
                    "r-base": "4.4.3",
                    "r-seurat": "5.3.0"
                },
                "PREPROCESSING_FOR_HTODEMUX_MULTISEQ": {
                    "r-base": "4.4.3",
                    "seurat": "5.3.0"
                },
                "UNTAR_HTO": {
                    "untar": 1.34
                },
                "UNTAR_RNA": {
                    "untar": 1.34
                },
                "Workflow": {
                    "nf-core/hadge": "v1.0.0"
                }
            },
            [
                "donor_match",
                "donor_match/test1",
                "donor_match/test1/bff_raw_vs_bff_consensuscall",
                "donor_match/test1/bff_raw_vs_bff_consensuscall/test1_bff_raw_vs_bff_consensuscall_correlation_res.csv",
                "donor_match/test1/bff_raw_vs_bff_consensuscall/test1_bff_raw_vs_bff_consensuscall_donor_match.csv",
                "donor_match/test1/demuxem_vs_bff_consensuscall",
                "donor_match/test1/demuxem_vs_bff_consensuscall/test1_demuxem_vs_bff_consensuscall_correlation_res.csv",
                "donor_match/test1/demuxem_vs_bff_consensuscall/test1_demuxem_vs_bff_consensuscall_donor_match.csv",
                "donor_match/test1/demuxem_vs_bff_raw",
                "donor_match/test1/demuxem_vs_bff_raw/test1_demuxem_vs_bff_raw_correlation_res.csv",
                "donor_match/test1/demuxem_vs_bff_raw/test1_demuxem_vs_bff_raw_donor_match.csv",
                "donor_match/test1/demuxem_vs_gmmdemux",
                "donor_match/test1/demuxem_vs_gmmdemux/test1_demuxem_vs_gmmdemux_correlation_res.csv",
                "donor_match/test1/demuxem_vs_gmmdemux/test1_demuxem_vs_gmmdemux_donor_match.csv",
                "donor_match/test1/demuxem_vs_hasheddrops",
                "donor_match/test1/demuxem_vs_hasheddrops/test1_demuxem_vs_hasheddrops_correlation_res.csv",
                "donor_match/test1/demuxem_vs_hasheddrops/test1_demuxem_vs_hasheddrops_donor_match.csv",
                "donor_match/test1/demuxem_vs_hashsolo",
                "donor_match/test1/demuxem_vs_hashsolo/test1_demuxem_vs_hashsolo_correlation_res.csv",
                "donor_match/test1/demuxem_vs_hashsolo/test1_demuxem_vs_hashsolo_donor_match.csv",
                "donor_match/test1/demuxem_vs_htodemux",
                "donor_match/test1/demuxem_vs_htodemux/test1_demuxem_vs_htodemux_correlation_res.csv",
                "donor_match/test1/demuxem_vs_htodemux/test1_demuxem_vs_htodemux_donor_match.csv",
                "donor_match/test1/demuxem_vs_multiseq",
                "donor_match/test1/demuxem_vs_multiseq/test1_demuxem_vs_multiseq_correlation_res.csv",
                "donor_match/test1/demuxem_vs_multiseq/test1_demuxem_vs_multiseq_donor_match.csv",
                "donor_match/test1/gmmdemux_vs_bff_consensuscall",
                "donor_match/test1/gmmdemux_vs_bff_consensuscall/test1_gmmdemux_vs_bff_consensuscall_correlation_res.csv",
                "donor_match/test1/gmmdemux_vs_bff_consensuscall/test1_gmmdemux_vs_bff_consensuscall_donor_match.csv",
                "donor_match/test1/gmmdemux_vs_bff_raw",
                "donor_match/test1/gmmdemux_vs_bff_raw/test1_gmmdemux_vs_bff_raw_correlation_res.csv",
                "donor_match/test1/gmmdemux_vs_bff_raw/test1_gmmdemux_vs_bff_raw_donor_match.csv",
                "donor_match/test1/hasheddrops_vs_bff_consensuscall",
                "donor_match/test1/hasheddrops_vs_bff_consensuscall/test1_hasheddrops_vs_bff_consensuscall_correlation_res.csv",
                "donor_match/test1/hasheddrops_vs_bff_consensuscall/test1_hasheddrops_vs_bff_consensuscall_donor_match.csv",
                "donor_match/test1/hasheddrops_vs_bff_raw",
                "donor_match/test1/hasheddrops_vs_bff_raw/test1_hasheddrops_vs_bff_raw_correlation_res.csv",
                "donor_match/test1/hasheddrops_vs_bff_raw/test1_hasheddrops_vs_bff_raw_donor_match.csv",
                "donor_match/test1/hasheddrops_vs_gmmdemux",
                "donor_match/test1/hasheddrops_vs_gmmdemux/test1_hasheddrops_vs_gmmdemux_correlation_res.csv",
                "donor_match/test1/hasheddrops_vs_gmmdemux/test1_hasheddrops_vs_gmmdemux_donor_match.csv",
                "donor_match/test1/hasheddrops_vs_htodemux",
                "donor_match/test1/hasheddrops_vs_htodemux/test1_hasheddrops_vs_htodemux_correlation_res.csv",
                "donor_match/test1/hasheddrops_vs_htodemux/test1_hasheddrops_vs_htodemux_donor_match.csv",
                "donor_match/test1/hasheddrops_vs_multiseq",
                "donor_match/test1/hasheddrops_vs_multiseq/test1_hasheddrops_vs_multiseq_correlation_res.csv",
                "donor_match/test1/hasheddrops_vs_multiseq/test1_hasheddrops_vs_multiseq_donor_match.csv",
                "donor_match/test1/hashsolo_vs_bff_consensuscall",
                "donor_match/test1/hashsolo_vs_bff_consensuscall/test1_hashsolo_vs_bff_consensuscall_correlation_res.csv",
                "donor_match/test1/hashsolo_vs_bff_consensuscall/test1_hashsolo_vs_bff_consensuscall_donor_match.csv",
                "donor_match/test1/hashsolo_vs_bff_raw",
                "donor_match/test1/hashsolo_vs_bff_raw/test1_hashsolo_vs_bff_raw_correlation_res.csv",
                "donor_match/test1/hashsolo_vs_bff_raw/test1_hashsolo_vs_bff_raw_donor_match.csv",
                "donor_match/test1/hashsolo_vs_gmmdemux",
                "donor_match/test1/hashsolo_vs_gmmdemux/test1_hashsolo_vs_gmmdemux_correlation_res.csv",
                "donor_match/test1/hashsolo_vs_gmmdemux/test1_hashsolo_vs_gmmdemux_donor_match.csv",
                "donor_match/test1/hashsolo_vs_hasheddrops",
                "donor_match/test1/hashsolo_vs_hasheddrops/test1_hashsolo_vs_hasheddrops_correlation_res.csv",
                "donor_match/test1/hashsolo_vs_hasheddrops/test1_hashsolo_vs_hasheddrops_donor_match.csv",
                "donor_match/test1/hashsolo_vs_htodemux",
                "donor_match/test1/hashsolo_vs_htodemux/test1_hashsolo_vs_htodemux_correlation_res.csv",
                "donor_match/test1/hashsolo_vs_htodemux/test1_hashsolo_vs_htodemux_donor_match.csv",
                "donor_match/test1/hashsolo_vs_multiseq",
                "donor_match/test1/hashsolo_vs_multiseq/test1_hashsolo_vs_multiseq_correlation_res.csv",
                "donor_match/test1/hashsolo_vs_multiseq/test1_hashsolo_vs_multiseq_donor_match.csv",
                "donor_match/test1/htodemux_vs_bff_consensuscall",
                "donor_match/test1/htodemux_vs_bff_consensuscall/test1_htodemux_vs_bff_consensuscall_correlation_res.csv",
                "donor_match/test1/htodemux_vs_bff_consensuscall/test1_htodemux_vs_bff_consensuscall_donor_match.csv",
                "donor_match/test1/htodemux_vs_bff_raw",
                "donor_match/test1/htodemux_vs_bff_raw/test1_htodemux_vs_bff_raw_correlation_res.csv",
                "donor_match/test1/htodemux_vs_bff_raw/test1_htodemux_vs_bff_raw_donor_match.csv",
                "donor_match/test1/htodemux_vs_gmmdemux",
                "donor_match/test1/htodemux_vs_gmmdemux/test1_htodemux_vs_gmmdemux_correlation_res.csv",
                "donor_match/test1/htodemux_vs_gmmdemux/test1_htodemux_vs_gmmdemux_donor_match.csv",
                "donor_match/test1/multiseq_vs_bff_consensuscall",
                "donor_match/test1/multiseq_vs_bff_consensuscall/test1_multiseq_vs_bff_consensuscall_correlation_res.csv",
                "donor_match/test1/multiseq_vs_bff_consensuscall/test1_multiseq_vs_bff_consensuscall_donor_match.csv",
                "donor_match/test1/multiseq_vs_bff_raw",
                "donor_match/test1/multiseq_vs_bff_raw/test1_multiseq_vs_bff_raw_correlation_res.csv",
                "donor_match/test1/multiseq_vs_bff_raw/test1_multiseq_vs_bff_raw_donor_match.csv",
                "donor_match/test1/multiseq_vs_gmmdemux",
                "donor_match/test1/multiseq_vs_gmmdemux/test1_multiseq_vs_gmmdemux_correlation_res.csv",
                "donor_match/test1/multiseq_vs_gmmdemux/test1_multiseq_vs_gmmdemux_donor_match.csv",
                "donor_match/test1/multiseq_vs_htodemux",
                "donor_match/test1/multiseq_vs_htodemux/test1_multiseq_vs_htodemux_correlation_res.csv",
                "donor_match/test1/multiseq_vs_htodemux/test1_multiseq_vs_htodemux_donor_match.csv",
                "donor_match/test2",
                "donor_match/test2/bff_raw_vs_bff_consensuscall",
                "donor_match/test2/bff_raw_vs_bff_consensuscall/test2_bff_raw_vs_bff_consensuscall_correlation_res.csv",
                "donor_match/test2/bff_raw_vs_bff_consensuscall/test2_bff_raw_vs_bff_consensuscall_donor_match.csv",
                "donor_match/test2/demuxem_vs_bff_consensuscall",
                "donor_match/test2/demuxem_vs_bff_consensuscall/test2_demuxem_vs_bff_consensuscall_correlation_res.csv",
                "donor_match/test2/demuxem_vs_bff_consensuscall/test2_demuxem_vs_bff_consensuscall_donor_match.csv",
                "donor_match/test2/demuxem_vs_bff_raw",
                "donor_match/test2/demuxem_vs_bff_raw/test2_demuxem_vs_bff_raw_correlation_res.csv",
                "donor_match/test2/demuxem_vs_bff_raw/test2_demuxem_vs_bff_raw_donor_match.csv",
                "donor_match/test2/demuxem_vs_gmmdemux",
                "donor_match/test2/demuxem_vs_gmmdemux/test2_demuxem_vs_gmmdemux_correlation_res.csv",
                "donor_match/test2/demuxem_vs_gmmdemux/test2_demuxem_vs_gmmdemux_donor_match.csv",
                "donor_match/test2/demuxem_vs_hasheddrops",
                "donor_match/test2/demuxem_vs_hasheddrops/test2_demuxem_vs_hasheddrops_correlation_res.csv",
                "donor_match/test2/demuxem_vs_hasheddrops/test2_demuxem_vs_hasheddrops_donor_match.csv",
                "donor_match/test2/demuxem_vs_hashsolo",
                "donor_match/test2/demuxem_vs_hashsolo/test2_demuxem_vs_hashsolo_correlation_res.csv",
                "donor_match/test2/demuxem_vs_hashsolo/test2_demuxem_vs_hashsolo_donor_match.csv",
                "donor_match/test2/demuxem_vs_htodemux",
                "donor_match/test2/demuxem_vs_htodemux/test2_demuxem_vs_htodemux_correlation_res.csv",
                "donor_match/test2/demuxem_vs_htodemux/test2_demuxem_vs_htodemux_donor_match.csv",
                "donor_match/test2/demuxem_vs_multiseq",
                "donor_match/test2/demuxem_vs_multiseq/test2_demuxem_vs_multiseq_correlation_res.csv",
                "donor_match/test2/demuxem_vs_multiseq/test2_demuxem_vs_multiseq_donor_match.csv",
                "donor_match/test2/gmmdemux_vs_bff_consensuscall",
                "donor_match/test2/gmmdemux_vs_bff_consensuscall/test2_gmmdemux_vs_bff_consensuscall_correlation_res.csv",
                "donor_match/test2/gmmdemux_vs_bff_consensuscall/test2_gmmdemux_vs_bff_consensuscall_donor_match.csv",
                "donor_match/test2/gmmdemux_vs_bff_raw",
                "donor_match/test2/gmmdemux_vs_bff_raw/test2_gmmdemux_vs_bff_raw_correlation_res.csv",
                "donor_match/test2/gmmdemux_vs_bff_raw/test2_gmmdemux_vs_bff_raw_donor_match.csv",
                "donor_match/test2/hasheddrops_vs_bff_consensuscall",
                "donor_match/test2/hasheddrops_vs_bff_consensuscall/test2_hasheddrops_vs_bff_consensuscall_correlation_res.csv",
                "donor_match/test2/hasheddrops_vs_bff_consensuscall/test2_hasheddrops_vs_bff_consensuscall_donor_match.csv",
                "donor_match/test2/hasheddrops_vs_bff_raw",
                "donor_match/test2/hasheddrops_vs_bff_raw/test2_hasheddrops_vs_bff_raw_correlation_res.csv",
                "donor_match/test2/hasheddrops_vs_bff_raw/test2_hasheddrops_vs_bff_raw_donor_match.csv",
                "donor_match/test2/hasheddrops_vs_gmmdemux",
                "donor_match/test2/hasheddrops_vs_gmmdemux/test2_hasheddrops_vs_gmmdemux_correlation_res.csv",
                "donor_match/test2/hasheddrops_vs_gmmdemux/test2_hasheddrops_vs_gmmdemux_donor_match.csv",
                "donor_match/test2/hasheddrops_vs_htodemux",
                "donor_match/test2/hasheddrops_vs_htodemux/test2_hasheddrops_vs_htodemux_correlation_res.csv",
                "donor_match/test2/hasheddrops_vs_htodemux/test2_hasheddrops_vs_htodemux_donor_match.csv",
                "donor_match/test2/hasheddrops_vs_multiseq",
                "donor_match/test2/hasheddrops_vs_multiseq/test2_hasheddrops_vs_multiseq_correlation_res.csv",
                "donor_match/test2/hasheddrops_vs_multiseq/test2_hasheddrops_vs_multiseq_donor_match.csv",
                "donor_match/test2/hashsolo_vs_bff_consensuscall",
                "donor_match/test2/hashsolo_vs_bff_consensuscall/test2_hashsolo_vs_bff_consensuscall_correlation_res.csv",
                "donor_match/test2/hashsolo_vs_bff_consensuscall/test2_hashsolo_vs_bff_consensuscall_donor_match.csv",
                "donor_match/test2/hashsolo_vs_bff_raw",
                "donor_match/test2/hashsolo_vs_bff_raw/test2_hashsolo_vs_bff_raw_correlation_res.csv",
                "donor_match/test2/hashsolo_vs_bff_raw/test2_hashsolo_vs_bff_raw_donor_match.csv",
                "donor_match/test2/hashsolo_vs_gmmdemux",
                "donor_match/test2/hashsolo_vs_gmmdemux/test2_hashsolo_vs_gmmdemux_correlation_res.csv",
                "donor_match/test2/hashsolo_vs_gmmdemux/test2_hashsolo_vs_gmmdemux_donor_match.csv",
                "donor_match/test2/hashsolo_vs_hasheddrops",
                "donor_match/test2/hashsolo_vs_hasheddrops/test2_hashsolo_vs_hasheddrops_correlation_res.csv",
                "donor_match/test2/hashsolo_vs_hasheddrops/test2_hashsolo_vs_hasheddrops_donor_match.csv",
                "donor_match/test2/hashsolo_vs_htodemux",
                "donor_match/test2/hashsolo_vs_htodemux/test2_hashsolo_vs_htodemux_correlation_res.csv",
                "donor_match/test2/hashsolo_vs_htodemux/test2_hashsolo_vs_htodemux_donor_match.csv",
                "donor_match/test2/hashsolo_vs_multiseq",
                "donor_match/test2/hashsolo_vs_multiseq/test2_hashsolo_vs_multiseq_correlation_res.csv",
                "donor_match/test2/hashsolo_vs_multiseq/test2_hashsolo_vs_multiseq_donor_match.csv",
                "donor_match/test2/htodemux_vs_bff_consensuscall",
                "donor_match/test2/htodemux_vs_bff_consensuscall/test2_htodemux_vs_bff_consensuscall_correlation_res.csv",
                "donor_match/test2/htodemux_vs_bff_consensuscall/test2_htodemux_vs_bff_consensuscall_donor_match.csv",
                "donor_match/test2/htodemux_vs_bff_raw",
                "donor_match/test2/htodemux_vs_bff_raw/test2_htodemux_vs_bff_raw_correlation_res.csv",
                "donor_match/test2/htodemux_vs_bff_raw/test2_htodemux_vs_bff_raw_donor_match.csv",
                "donor_match/test2/htodemux_vs_gmmdemux",
                "donor_match/test2/htodemux_vs_gmmdemux/test2_htodemux_vs_gmmdemux_correlation_res.csv",
                "donor_match/test2/htodemux_vs_gmmdemux/test2_htodemux_vs_gmmdemux_donor_match.csv",
                "donor_match/test2/multiseq_vs_bff_consensuscall",
                "donor_match/test2/multiseq_vs_bff_consensuscall/test2_multiseq_vs_bff_consensuscall_correlation_res.csv",
                "donor_match/test2/multiseq_vs_bff_consensuscall/test2_multiseq_vs_bff_consensuscall_donor_match.csv",
                "donor_match/test2/multiseq_vs_bff_raw",
                "donor_match/test2/multiseq_vs_bff_raw/test2_multiseq_vs_bff_raw_correlation_res.csv",
                "donor_match/test2/multiseq_vs_bff_raw/test2_multiseq_vs_bff_raw_donor_match.csv",
                "donor_match/test2/multiseq_vs_gmmdemux",
                "donor_match/test2/multiseq_vs_gmmdemux/test2_multiseq_vs_gmmdemux_correlation_res.csv",
                "donor_match/test2/multiseq_vs_gmmdemux/test2_multiseq_vs_gmmdemux_donor_match.csv",
                "donor_match/test2/multiseq_vs_htodemux",
                "donor_match/test2/multiseq_vs_htodemux/test2_multiseq_vs_htodemux_correlation_res.csv",
                "donor_match/test2/multiseq_vs_htodemux/test2_multiseq_vs_htodemux_donor_match.csv",
                "donor_match/test3",
                "donor_match/test3/bff_raw_vs_bff_consensuscall",
                "donor_match/test3/bff_raw_vs_bff_consensuscall/test3_bff_raw_vs_bff_consensuscall_correlation_res.csv",
                "donor_match/test3/bff_raw_vs_bff_consensuscall/test3_bff_raw_vs_bff_consensuscall_donor_match.csv",
                "donor_match/test3/demuxem_vs_bff_consensuscall",
                "donor_match/test3/demuxem_vs_bff_consensuscall/test3_demuxem_vs_bff_consensuscall_correlation_res.csv",
                "donor_match/test3/demuxem_vs_bff_consensuscall/test3_demuxem_vs_bff_consensuscall_donor_match.csv",
                "donor_match/test3/demuxem_vs_bff_raw",
                "donor_match/test3/demuxem_vs_bff_raw/test3_demuxem_vs_bff_raw_correlation_res.csv",
                "donor_match/test3/demuxem_vs_bff_raw/test3_demuxem_vs_bff_raw_donor_match.csv",
                "donor_match/test3/demuxem_vs_gmmdemux",
                "donor_match/test3/demuxem_vs_gmmdemux/test3_demuxem_vs_gmmdemux_correlation_res.csv",
                "donor_match/test3/demuxem_vs_gmmdemux/test3_demuxem_vs_gmmdemux_donor_match.csv",
                "donor_match/test3/demuxem_vs_hasheddrops",
                "donor_match/test3/demuxem_vs_hasheddrops/test3_demuxem_vs_hasheddrops_correlation_res.csv",
                "donor_match/test3/demuxem_vs_hasheddrops/test3_demuxem_vs_hasheddrops_donor_match.csv",
                "donor_match/test3/demuxem_vs_hashsolo",
                "donor_match/test3/demuxem_vs_hashsolo/test3_demuxem_vs_hashsolo_correlation_res.csv",
                "donor_match/test3/demuxem_vs_hashsolo/test3_demuxem_vs_hashsolo_donor_match.csv",
                "donor_match/test3/demuxem_vs_htodemux",
                "donor_match/test3/demuxem_vs_htodemux/test3_demuxem_vs_htodemux_correlation_res.csv",
                "donor_match/test3/demuxem_vs_htodemux/test3_demuxem_vs_htodemux_donor_match.csv",
                "donor_match/test3/demuxem_vs_multiseq",
                "donor_match/test3/demuxem_vs_multiseq/test3_demuxem_vs_multiseq_correlation_res.csv",
                "donor_match/test3/demuxem_vs_multiseq/test3_demuxem_vs_multiseq_donor_match.csv",
                "donor_match/test3/gmmdemux_vs_bff_consensuscall",
                "donor_match/test3/gmmdemux_vs_bff_consensuscall/test3_gmmdemux_vs_bff_consensuscall_correlation_res.csv",
                "donor_match/test3/gmmdemux_vs_bff_consensuscall/test3_gmmdemux_vs_bff_consensuscall_donor_match.csv",
                "donor_match/test3/gmmdemux_vs_bff_raw",
                "donor_match/test3/gmmdemux_vs_bff_raw/test3_gmmdemux_vs_bff_raw_correlation_res.csv",
                "donor_match/test3/gmmdemux_vs_bff_raw/test3_gmmdemux_vs_bff_raw_donor_match.csv",
                "donor_match/test3/hasheddrops_vs_bff_consensuscall",
                "donor_match/test3/hasheddrops_vs_bff_consensuscall/test3_hasheddrops_vs_bff_consensuscall_correlation_res.csv",
                "donor_match/test3/hasheddrops_vs_bff_consensuscall/test3_hasheddrops_vs_bff_consensuscall_donor_match.csv",
                "donor_match/test3/hasheddrops_vs_bff_raw",
                "donor_match/test3/hasheddrops_vs_bff_raw/test3_hasheddrops_vs_bff_raw_correlation_res.csv",
                "donor_match/test3/hasheddrops_vs_bff_raw/test3_hasheddrops_vs_bff_raw_donor_match.csv",
                "donor_match/test3/hasheddrops_vs_gmmdemux",
                "donor_match/test3/hasheddrops_vs_gmmdemux/test3_hasheddrops_vs_gmmdemux_correlation_res.csv",
                "donor_match/test3/hasheddrops_vs_gmmdemux/test3_hasheddrops_vs_gmmdemux_donor_match.csv",
                "donor_match/test3/hasheddrops_vs_htodemux",
                "donor_match/test3/hasheddrops_vs_htodemux/test3_hasheddrops_vs_htodemux_correlation_res.csv",
                "donor_match/test3/hasheddrops_vs_htodemux/test3_hasheddrops_vs_htodemux_donor_match.csv",
                "donor_match/test3/hasheddrops_vs_multiseq",
                "donor_match/test3/hasheddrops_vs_multiseq/test3_hasheddrops_vs_multiseq_correlation_res.csv",
                "donor_match/test3/hasheddrops_vs_multiseq/test3_hasheddrops_vs_multiseq_donor_match.csv",
                "donor_match/test3/hashsolo_vs_bff_consensuscall",
                "donor_match/test3/hashsolo_vs_bff_consensuscall/test3_hashsolo_vs_bff_consensuscall_correlation_res.csv",
                "donor_match/test3/hashsolo_vs_bff_consensuscall/test3_hashsolo_vs_bff_consensuscall_donor_match.csv",
                "donor_match/test3/hashsolo_vs_bff_raw",
                "donor_match/test3/hashsolo_vs_bff_raw/test3_hashsolo_vs_bff_raw_correlation_res.csv",
                "donor_match/test3/hashsolo_vs_bff_raw/test3_hashsolo_vs_bff_raw_donor_match.csv",
                "donor_match/test3/hashsolo_vs_gmmdemux",
                "donor_match/test3/hashsolo_vs_gmmdemux/test3_hashsolo_vs_gmmdemux_correlation_res.csv",
                "donor_match/test3/hashsolo_vs_gmmdemux/test3_hashsolo_vs_gmmdemux_donor_match.csv",
                "donor_match/test3/hashsolo_vs_hasheddrops",
                "donor_match/test3/hashsolo_vs_hasheddrops/test3_hashsolo_vs_hasheddrops_correlation_res.csv",
                "donor_match/test3/hashsolo_vs_hasheddrops/test3_hashsolo_vs_hasheddrops_donor_match.csv",
                "donor_match/test3/hashsolo_vs_htodemux",
                "donor_match/test3/hashsolo_vs_htodemux/test3_hashsolo_vs_htodemux_correlation_res.csv",
                "donor_match/test3/hashsolo_vs_htodemux/test3_hashsolo_vs_htodemux_donor_match.csv",
                "donor_match/test3/hashsolo_vs_multiseq",
                "donor_match/test3/hashsolo_vs_multiseq/test3_hashsolo_vs_multiseq_correlation_res.csv",
                "donor_match/test3/hashsolo_vs_multiseq/test3_hashsolo_vs_multiseq_donor_match.csv",
                "donor_match/test3/htodemux_vs_bff_consensuscall",
                "donor_match/test3/htodemux_vs_bff_consensuscall/test3_htodemux_vs_bff_consensuscall_correlation_res.csv",
                "donor_match/test3/htodemux_vs_bff_consensuscall/test3_htodemux_vs_bff_consensuscall_donor_match.csv",
                "donor_match/test3/htodemux_vs_bff_raw",
                "donor_match/test3/htodemux_vs_bff_raw/test3_htodemux_vs_bff_raw_correlation_res.csv",
                "donor_match/test3/htodemux_vs_bff_raw/test3_htodemux_vs_bff_raw_donor_match.csv",
                "donor_match/test3/htodemux_vs_gmmdemux",
                "donor_match/test3/htodemux_vs_gmmdemux/test3_htodemux_vs_gmmdemux_correlation_res.csv",
                "donor_match/test3/htodemux_vs_gmmdemux/test3_htodemux_vs_gmmdemux_donor_match.csv",
                "donor_match/test3/multiseq_vs_bff_consensuscall",
                "donor_match/test3/multiseq_vs_bff_consensuscall/test3_multiseq_vs_bff_consensuscall_correlation_res.csv",
                "donor_match/test3/multiseq_vs_bff_consensuscall/test3_multiseq_vs_bff_consensuscall_donor_match.csv",
                "donor_match/test3/multiseq_vs_bff_raw",
                "donor_match/test3/multiseq_vs_bff_raw/test3_multiseq_vs_bff_raw_correlation_res.csv",
                "donor_match/test3/multiseq_vs_bff_raw/test3_multiseq_vs_bff_raw_donor_match.csv",
                "donor_match/test3/multiseq_vs_gmmdemux",
                "donor_match/test3/multiseq_vs_gmmdemux/test3_multiseq_vs_gmmdemux_correlation_res.csv",
                "donor_match/test3/multiseq_vs_gmmdemux/test3_multiseq_vs_gmmdemux_donor_match.csv",
                "donor_match/test3/multiseq_vs_htodemux",
                "donor_match/test3/multiseq_vs_htodemux/test3_multiseq_vs_htodemux_correlation_res.csv",
                "donor_match/test3/multiseq_vs_htodemux/test3_multiseq_vs_htodemux_donor_match.csv",
                "hashing",
                "hashing/bff",
                "hashing/bff/test1",
                "hashing/bff/test1/test1_assignment_bff.csv",
                "hashing/bff/test1/test1_metrics_bff.csv",
                "hashing/bff/test1/test1_params_bff.csv",
                "hashing/bff/test2",
                "hashing/bff/test2/test2_assignment_bff.csv",
                "hashing/bff/test2/test2_metrics_bff.csv",
                "hashing/bff/test2/test2_params_bff.csv",
                "hashing/bff/test3",
                "hashing/bff/test3/test3_assignment_bff.csv",
                "hashing/bff/test3/test3_metrics_bff.csv",
                "hashing/bff/test3/test3_params_bff.csv",
                "hashing/demuxem",
                "hashing/demuxem/test1",
                "hashing/demuxem/test1/test1.ambient_hashtag.hist.pdf",
                "hashing/demuxem/test1/test1.background_probabilities.bar.pdf",
                "hashing/demuxem/test1/test1.out.demuxEM.zarr.zip",
                "hashing/demuxem/test1/test1.real_content.hist.pdf",
                "hashing/demuxem/test1/test1.rna_demux.hist.pdf",
                "hashing/demuxem/test1/test1_demux.zarr.zip",
                "hashing/demuxem/test2",
                "hashing/demuxem/test2/test2.ambient_hashtag.hist.pdf",
                "hashing/demuxem/test2/test2.background_probabilities.bar.pdf",
                "hashing/demuxem/test2/test2.out.demuxEM.zarr.zip",
                "hashing/demuxem/test2/test2.real_content.hist.pdf",
                "hashing/demuxem/test2/test2.rna_demux.hist.pdf",
                "hashing/demuxem/test2/test2_demux.zarr.zip",
                "hashing/demuxem/test3",
                "hashing/demuxem/test3/test3.ambient_hashtag.hist.pdf",
                "hashing/demuxem/test3/test3.background_probabilities.bar.pdf",
                "hashing/demuxem/test3/test3.out.demuxEM.zarr.zip",
                "hashing/demuxem/test3/test3.real_content.hist.pdf",
                "hashing/demuxem/test3/test3.rna_demux.hist.pdf",
                "hashing/demuxem/test3/test3_demux.zarr.zip",
                "hashing/gmm-demux",
                "hashing/gmm-demux/test1",
                "hashing/gmm-demux/test1/GMM_full.config",
                "hashing/gmm-demux/test1/GMM_full.csv",
                "hashing/gmm-demux/test1/barcodes.tsv.gz",
                "hashing/gmm-demux/test1/features.tsv.gz",
                "hashing/gmm-demux/test1/matrix.mtx.gz",
                "hashing/gmm-demux/test2",
                "hashing/gmm-demux/test2/GMM_full.config",
                "hashing/gmm-demux/test2/GMM_full.csv",
                "hashing/gmm-demux/test2/barcodes.tsv.gz",
                "hashing/gmm-demux/test2/features.tsv.gz",
                "hashing/gmm-demux/test2/matrix.mtx.gz",
                "hashing/gmm-demux/test3",
                "hashing/gmm-demux/test3/GMM_full.config",
                "hashing/gmm-demux/test3/GMM_full.csv",
                "hashing/gmm-demux/test3/barcodes.tsv.gz",
                "hashing/gmm-demux/test3/features.tsv.gz",
                "hashing/gmm-demux/test3/matrix.mtx.gz",
                "hashing/hasheddrops",
                "hashing/hasheddrops/test1",
                "hashing/hasheddrops/test1/test1_emptyDrops.csv",
                "hashing/hasheddrops/test1/test1_emptyDrops.rds",
                "hashing/hasheddrops/test1/test1_hasheddrops.rds",
                "hashing/hasheddrops/test1/test1_id_to_hash.csv",
                "hashing/hasheddrops/test1/test1_params_hasheddrops.csv",
                "hashing/hasheddrops/test1/test1_results_hasheddrops.csv",
                "hashing/hasheddrops/test2",
                "hashing/hasheddrops/test2/test2_emptyDrops.csv",
                "hashing/hasheddrops/test2/test2_emptyDrops.rds",
                "hashing/hasheddrops/test2/test2_hasheddrops.rds",
                "hashing/hasheddrops/test2/test2_id_to_hash.csv",
                "hashing/hasheddrops/test2/test2_params_hasheddrops.csv",
                "hashing/hasheddrops/test2/test2_results_hasheddrops.csv",
                "hashing/hasheddrops/test3",
                "hashing/hasheddrops/test3/test3_emptyDrops.csv",
                "hashing/hasheddrops/test3/test3_emptyDrops.rds",
                "hashing/hasheddrops/test3/test3_hasheddrops.rds",
                "hashing/hasheddrops/test3/test3_id_to_hash.csv",
                "hashing/hasheddrops/test3/test3_params_hasheddrops.csv",
                "hashing/hasheddrops/test3/test3_results_hasheddrops.csv",
                "hashing/hashsolo",
                "hashing/hashsolo/test1",
                "hashing/hashsolo/test1/test1_assignment_hashsolo.csv",
                "hashing/hashsolo/test1/test1_hashsolo.h5ad",
                "hashing/hashsolo/test1/test1_params_hashsolo.csv",
                "hashing/hashsolo/test2",
                "hashing/hashsolo/test2/test2_assignment_hashsolo.csv",
                "hashing/hashsolo/test2/test2_hashsolo.h5ad",
                "hashing/hashsolo/test2/test2_params_hashsolo.csv",
                "hashing/hashsolo/test3",
                "hashing/hashsolo/test3/test3_assignment_hashsolo.csv",
                "hashing/hashsolo/test3/test3_hashsolo.h5ad",
                "hashing/hashsolo/test3/test3_params_hashsolo.csv",
                "hashing/htodemux",
                "hashing/htodemux/test1",
                "hashing/htodemux/test1/test1_assignment_htodemux.csv",
                "hashing/htodemux/test1/test1_classification_htodemux.csv",
                "hashing/htodemux/test1/test1_htodemux.rds",
                "hashing/htodemux/test1/test1_params_htodemux.csv",
                "hashing/htodemux/test1/visualization",
                "hashing/htodemux/test1/visualization/test1_visual_params_htodemux.csv",
                "hashing/htodemux/test2",
                "hashing/htodemux/test2/test2_assignment_htodemux.csv",
                "hashing/htodemux/test2/test2_classification_htodemux.csv",
                "hashing/htodemux/test2/test2_htodemux.rds",
                "hashing/htodemux/test2/test2_params_htodemux.csv",
                "hashing/htodemux/test2/visualization",
                "hashing/htodemux/test2/visualization/test2_visual_params_htodemux.csv",
                "hashing/htodemux/test3",
                "hashing/htodemux/test3/test3_assignment_htodemux.csv",
                "hashing/htodemux/test3/test3_classification_htodemux.csv",
                "hashing/htodemux/test3/test3_htodemux.rds",
                "hashing/htodemux/test3/test3_params_htodemux.csv",
                "hashing/htodemux/test3/visualization",
                "hashing/htodemux/test3/visualization/test3_visual_params_htodemux.csv",
                "hashing/multiseqdemux",
                "hashing/multiseqdemux/test1",
                "hashing/multiseqdemux/test1/test1_multiseqdemux.rds",
                "hashing/multiseqdemux/test1/test1_params_multiseqdemux.csv",
                "hashing/multiseqdemux/test1/test1_res_multiseqdemux.csv",
                "hashing/multiseqdemux/test2",
                "hashing/multiseqdemux/test2/test2_multiseqdemux.rds",
                "hashing/multiseqdemux/test2/test2_params_multiseqdemux.csv",
                "hashing/multiseqdemux/test2/test2_res_multiseqdemux.csv",
                "hashing/multiseqdemux/test3",
                "hashing/multiseqdemux/test3/test3_multiseqdemux.rds",
                "hashing/multiseqdemux/test3/test3_params_multiseqdemux.csv",
                "hashing/multiseqdemux/test3/test3_res_multiseqdemux.csv",
                "hashing/summary",
                "hashing/summary/test1",
                "hashing/summary/test1/test1_hashing_overview_assignment.csv",
                "hashing/summary/test1/test1_hashing_overview_classification.csv",
                "hashing/summary/test1/test1_hashing_summary_assignment.csv",
                "hashing/summary/test1/test1_hashing_summary_classification.csv",
                "hashing/summary/test2",
                "hashing/summary/test2/test2_hashing_overview_assignment.csv",
                "hashing/summary/test2/test2_hashing_overview_classification.csv",
                "hashing/summary/test2/test2_hashing_summary_assignment.csv",
                "hashing/summary/test2/test2_hashing_summary_classification.csv",
                "hashing/summary/test3",
                "hashing/summary/test3/test3_hashing_overview_assignment.csv",
                "hashing/summary/test3/test3_hashing_overview_classification.csv",
                "hashing/summary/test3/test3_hashing_summary_assignment.csv",
                "hashing/summary/test3/test3_hashing_summary_classification.csv",
                "multiqc",
                "multiqc/multiqc_data",
                "multiqc/multiqc_data/llms-full.txt",
                "multiqc/multiqc_data/multiqc.log",
                "multiqc/multiqc_data/multiqc.parquet",
                "multiqc/multiqc_data/multiqc_citations.txt",
                "multiqc/multiqc_data/multiqc_data.json",
                "multiqc/multiqc_data/multiqc_software_versions.txt",
                "multiqc/multiqc_data/multiqc_sources.txt",
                "multiqc/multiqc_report.html",
                "pipeline_info",
                "pipeline_info/nf_core_hadge_software_mqc_versions.yml",
                "summary",
                "summary/test1",
                "summary/test1/test1_genetic.h5ad",
                "summary/test1/test1_genetic_and_hashing.h5mu",
                "summary/test1/test1_hashing.h5ad",
                "summary/test2",
                "summary/test2/test2_genetic.h5ad",
                "summary/test2/test2_genetic_and_hashing.h5mu",
                "summary/test2/test2_hashing.h5ad",
                "summary/test3",
                "summary/test3/test3_genetic.h5ad",
                "summary/test3/test3_genetic_and_hashing.h5mu",
                "summary/test3/test3_hashing.h5ad"
            ],
            [
                "test1_bff_raw_vs_bff_consensuscall_correlation_res.csv:md5,fd2c1ab13a371736d4ce2210fdbbb49a",
                "test1_bff_raw_vs_bff_consensuscall_donor_match.csv:md5,3dd18b42dded6bc972f54f877b62d744",
                "test1_demuxem_vs_bff_consensuscall_correlation_res.csv:md5,fd2c1ab13a371736d4ce2210fdbbb49a",
                "test1_demuxem_vs_bff_consensuscall_donor_match.csv:md5,3dd18b42dded6bc972f54f877b62d744",
                "test1_demuxem_vs_bff_raw_correlation_res.csv:md5,fd2c1ab13a371736d4ce2210fdbbb49a",
                "test1_demuxem_vs_bff_raw_donor_match.csv:md5,3dd18b42dded6bc972f54f877b62d744",
                "test1_demuxem_vs_gmmdemux_correlation_res.csv:md5,fd2c1ab13a371736d4ce2210fdbbb49a",
                "test1_demuxem_vs_gmmdemux_donor_match.csv:md5,3dd18b42dded6bc972f54f877b62d744",
                "test1_demuxem_vs_hasheddrops_correlation_res.csv:md5,fd2c1ab13a371736d4ce2210fdbbb49a",
                "test1_demuxem_vs_hasheddrops_donor_match.csv:md5,3dd18b42dded6bc972f54f877b62d744",
                "test1_demuxem_vs_hashsolo_correlation_res.csv:md5,fd2c1ab13a371736d4ce2210fdbbb49a",
                "test1_demuxem_vs_hashsolo_donor_match.csv:md5,3dd18b42dded6bc972f54f877b62d744",
                "test1_demuxem_vs_htodemux_correlation_res.csv:md5,fd2c1ab13a371736d4ce2210fdbbb49a",
                "test1_demuxem_vs_htodemux_donor_match.csv:md5,3dd18b42dded6bc972f54f877b62d744",
                "test1_demuxem_vs_multiseq_correlation_res.csv:md5,fd2c1ab13a371736d4ce2210fdbbb49a",
                "test1_demuxem_vs_multiseq_donor_match.csv:md5,3dd18b42dded6bc972f54f877b62d744",
                "test1_gmmdemux_vs_bff_consensuscall_correlation_res.csv:md5,fd2c1ab13a371736d4ce2210fdbbb49a",
                "test1_gmmdemux_vs_bff_consensuscall_donor_match.csv:md5,3dd18b42dded6bc972f54f877b62d744",
                "test1_gmmdemux_vs_bff_raw_correlation_res.csv:md5,fd2c1ab13a371736d4ce2210fdbbb49a",
                "test1_gmmdemux_vs_bff_raw_donor_match.csv:md5,3dd18b42dded6bc972f54f877b62d744",
                "test1_hasheddrops_vs_bff_consensuscall_correlation_res.csv:md5,fd2c1ab13a371736d4ce2210fdbbb49a",
                "test1_hasheddrops_vs_bff_consensuscall_donor_match.csv:md5,3dd18b42dded6bc972f54f877b62d744",
                "test1_hasheddrops_vs_bff_raw_correlation_res.csv:md5,fd2c1ab13a371736d4ce2210fdbbb49a",
                "test1_hasheddrops_vs_bff_raw_donor_match.csv:md5,3dd18b42dded6bc972f54f877b62d744",
                "test1_hasheddrops_vs_gmmdemux_correlation_res.csv:md5,fd2c1ab13a371736d4ce2210fdbbb49a",
                "test1_hasheddrops_vs_gmmdemux_donor_match.csv:md5,3dd18b42dded6bc972f54f877b62d744",
                "test1_hasheddrops_vs_htodemux_correlation_res.csv:md5,fd2c1ab13a371736d4ce2210fdbbb49a",
                "test1_hasheddrops_vs_htodemux_donor_match.csv:md5,3dd18b42dded6bc972f54f877b62d744",
                "test1_hasheddrops_vs_multiseq_correlation_res.csv:md5,fd2c1ab13a371736d4ce2210fdbbb49a",
                "test1_hasheddrops_vs_multiseq_donor_match.csv:md5,3dd18b42dded6bc972f54f877b62d744",
                "test1_hashsolo_vs_bff_consensuscall_correlation_res.csv:md5,fd2c1ab13a371736d4ce2210fdbbb49a",
                "test1_hashsolo_vs_bff_consensuscall_donor_match.csv:md5,3dd18b42dded6bc972f54f877b62d744",
                "test1_hashsolo_vs_bff_raw_correlation_res.csv:md5,fd2c1ab13a371736d4ce2210fdbbb49a",
                "test1_hashsolo_vs_bff_raw_donor_match.csv:md5,3dd18b42dded6bc972f54f877b62d744",
                "test1_hashsolo_vs_gmmdemux_correlation_res.csv:md5,fd2c1ab13a371736d4ce2210fdbbb49a",
                "test1_hashsolo_vs_gmmdemux_donor_match.csv:md5,3dd18b42dded6bc972f54f877b62d744",
                "test1_hashsolo_vs_hasheddrops_correlation_res.csv:md5,fd2c1ab13a371736d4ce2210fdbbb49a",
                "test1_hashsolo_vs_hasheddrops_donor_match.csv:md5,3dd18b42dded6bc972f54f877b62d744",
                "test1_hashsolo_vs_htodemux_correlation_res.csv:md5,fd2c1ab13a371736d4ce2210fdbbb49a",
                "test1_hashsolo_vs_htodemux_donor_match.csv:md5,3dd18b42dded6bc972f54f877b62d744",
                "test1_hashsolo_vs_multiseq_correlation_res.csv:md5,fd2c1ab13a371736d4ce2210fdbbb49a",
                "test1_hashsolo_vs_multiseq_donor_match.csv:md5,3dd18b42dded6bc972f54f877b62d744",
                "test1_htodemux_vs_bff_consensuscall_correlation_res.csv:md5,fd2c1ab13a371736d4ce2210fdbbb49a",
                "test1_htodemux_vs_bff_consensuscall_donor_match.csv:md5,3dd18b42dded6bc972f54f877b62d744",
                "test1_htodemux_vs_bff_raw_correlation_res.csv:md5,fd2c1ab13a371736d4ce2210fdbbb49a",
                "test1_htodemux_vs_bff_raw_donor_match.csv:md5,3dd18b42dded6bc972f54f877b62d744",
                "test1_htodemux_vs_gmmdemux_correlation_res.csv:md5,fd2c1ab13a371736d4ce2210fdbbb49a",
                "test1_htodemux_vs_gmmdemux_donor_match.csv:md5,3dd18b42dded6bc972f54f877b62d744",
                "test1_multiseq_vs_bff_consensuscall_correlation_res.csv:md5,fd2c1ab13a371736d4ce2210fdbbb49a",
                "test1_multiseq_vs_bff_consensuscall_donor_match.csv:md5,3dd18b42dded6bc972f54f877b62d744",
                "test1_multiseq_vs_bff_raw_correlation_res.csv:md5,fd2c1ab13a371736d4ce2210fdbbb49a",
                "test1_multiseq_vs_bff_raw_donor_match.csv:md5,3dd18b42dded6bc972f54f877b62d744",
                "test1_multiseq_vs_gmmdemux_correlation_res.csv:md5,fd2c1ab13a371736d4ce2210fdbbb49a",
                "test1_multiseq_vs_gmmdemux_donor_match.csv:md5,3dd18b42dded6bc972f54f877b62d744",
                "test1_multiseq_vs_htodemux_correlation_res.csv:md5,fd2c1ab13a371736d4ce2210fdbbb49a",
                "test1_multiseq_vs_htodemux_donor_match.csv:md5,3dd18b42dded6bc972f54f877b62d744",
                "test2_bff_raw_vs_bff_consensuscall_correlation_res.csv:md5,fd2c1ab13a371736d4ce2210fdbbb49a",
                "test2_bff_raw_vs_bff_consensuscall_donor_match.csv:md5,3dd18b42dded6bc972f54f877b62d744",
                "test2_demuxem_vs_bff_consensuscall_correlation_res.csv:md5,fd2c1ab13a371736d4ce2210fdbbb49a",
                "test2_demuxem_vs_bff_consensuscall_donor_match.csv:md5,3dd18b42dded6bc972f54f877b62d744",
                "test2_demuxem_vs_bff_raw_correlation_res.csv:md5,fd2c1ab13a371736d4ce2210fdbbb49a",
                "test2_demuxem_vs_bff_raw_donor_match.csv:md5,3dd18b42dded6bc972f54f877b62d744",
                "test2_demuxem_vs_gmmdemux_correlation_res.csv:md5,fd2c1ab13a371736d4ce2210fdbbb49a",
                "test2_demuxem_vs_gmmdemux_donor_match.csv:md5,3dd18b42dded6bc972f54f877b62d744",
                "test2_demuxem_vs_hasheddrops_correlation_res.csv:md5,fd2c1ab13a371736d4ce2210fdbbb49a",
                "test2_demuxem_vs_hasheddrops_donor_match.csv:md5,3dd18b42dded6bc972f54f877b62d744",
                "test2_demuxem_vs_hashsolo_correlation_res.csv:md5,fd2c1ab13a371736d4ce2210fdbbb49a",
                "test2_demuxem_vs_hashsolo_donor_match.csv:md5,3dd18b42dded6bc972f54f877b62d744",
                "test2_demuxem_vs_htodemux_correlation_res.csv:md5,fd2c1ab13a371736d4ce2210fdbbb49a",
                "test2_demuxem_vs_htodemux_donor_match.csv:md5,3dd18b42dded6bc972f54f877b62d744",
                "test2_demuxem_vs_multiseq_correlation_res.csv:md5,fd2c1ab13a371736d4ce2210fdbbb49a",
                "test2_demuxem_vs_multiseq_donor_match.csv:md5,3dd18b42dded6bc972f54f877b62d744",
                "test2_gmmdemux_vs_bff_consensuscall_correlation_res.csv:md5,fd2c1ab13a371736d4ce2210fdbbb49a",
                "test2_gmmdemux_vs_bff_consensuscall_donor_match.csv:md5,3dd18b42dded6bc972f54f877b62d744",
                "test2_gmmdemux_vs_bff_raw_correlation_res.csv:md5,fd2c1ab13a371736d4ce2210fdbbb49a",
                "test2_gmmdemux_vs_bff_raw_donor_match.csv:md5,3dd18b42dded6bc972f54f877b62d744",
                "test2_hasheddrops_vs_bff_consensuscall_correlation_res.csv:md5,fd2c1ab13a371736d4ce2210fdbbb49a",
                "test2_hasheddrops_vs_bff_consensuscall_donor_match.csv:md5,3dd18b42dded6bc972f54f877b62d744",
                "test2_hasheddrops_vs_bff_raw_correlation_res.csv:md5,fd2c1ab13a371736d4ce2210fdbbb49a",
                "test2_hasheddrops_vs_bff_raw_donor_match.csv:md5,3dd18b42dded6bc972f54f877b62d744",
                "test2_hasheddrops_vs_gmmdemux_correlation_res.csv:md5,fd2c1ab13a371736d4ce2210fdbbb49a",
                "test2_hasheddrops_vs_gmmdemux_donor_match.csv:md5,3dd18b42dded6bc972f54f877b62d744",
                "test2_hasheddrops_vs_htodemux_correlation_res.csv:md5,fd2c1ab13a371736d4ce2210fdbbb49a",
                "test2_hasheddrops_vs_htodemux_donor_match.csv:md5,3dd18b42dded6bc972f54f877b62d744",
                "test2_hasheddrops_vs_multiseq_correlation_res.csv:md5,fd2c1ab13a371736d4ce2210fdbbb49a",
                "test2_hasheddrops_vs_multiseq_donor_match.csv:md5,3dd18b42dded6bc972f54f877b62d744",
                "test2_hashsolo_vs_bff_consensuscall_correlation_res.csv:md5,fd2c1ab13a371736d4ce2210fdbbb49a",
                "test2_hashsolo_vs_bff_consensuscall_donor_match.csv:md5,3dd18b42dded6bc972f54f877b62d744",
                "test2_hashsolo_vs_bff_raw_correlation_res.csv:md5,fd2c1ab13a371736d4ce2210fdbbb49a",
                "test2_hashsolo_vs_bff_raw_donor_match.csv:md5,3dd18b42dded6bc972f54f877b62d744",
                "test2_hashsolo_vs_gmmdemux_correlation_res.csv:md5,fd2c1ab13a371736d4ce2210fdbbb49a",
                "test2_hashsolo_vs_gmmdemux_donor_match.csv:md5,3dd18b42dded6bc972f54f877b62d744",
                "test2_hashsolo_vs_hasheddrops_correlation_res.csv:md5,fd2c1ab13a371736d4ce2210fdbbb49a",
                "test2_hashsolo_vs_hasheddrops_donor_match.csv:md5,3dd18b42dded6bc972f54f877b62d744",
                "test2_hashsolo_vs_htodemux_correlation_res.csv:md5,fd2c1ab13a371736d4ce2210fdbbb49a",
                "test2_hashsolo_vs_htodemux_donor_match.csv:md5,3dd18b42dded6bc972f54f877b62d744",
                "test2_hashsolo_vs_multiseq_correlation_res.csv:md5,fd2c1ab13a371736d4ce2210fdbbb49a",
                "test2_hashsolo_vs_multiseq_donor_match.csv:md5,3dd18b42dded6bc972f54f877b62d744",
                "test2_htodemux_vs_bff_consensuscall_correlation_res.csv:md5,fd2c1ab13a371736d4ce2210fdbbb49a",
                "test2_htodemux_vs_bff_consensuscall_donor_match.csv:md5,3dd18b42dded6bc972f54f877b62d744",
                "test2_htodemux_vs_bff_raw_correlation_res.csv:md5,fd2c1ab13a371736d4ce2210fdbbb49a",
                "test2_htodemux_vs_bff_raw_donor_match.csv:md5,3dd18b42dded6bc972f54f877b62d744",
                "test2_htodemux_vs_gmmdemux_correlation_res.csv:md5,fd2c1ab13a371736d4ce2210fdbbb49a",
                "test2_htodemux_vs_gmmdemux_donor_match.csv:md5,3dd18b42dded6bc972f54f877b62d744",
                "test2_multiseq_vs_bff_consensuscall_correlation_res.csv:md5,fd2c1ab13a371736d4ce2210fdbbb49a",
                "test2_multiseq_vs_bff_consensuscall_donor_match.csv:md5,3dd18b42dded6bc972f54f877b62d744",
                "test2_multiseq_vs_bff_raw_correlation_res.csv:md5,fd2c1ab13a371736d4ce2210fdbbb49a",
                "test2_multiseq_vs_bff_raw_donor_match.csv:md5,3dd18b42dded6bc972f54f877b62d744",
                "test2_multiseq_vs_gmmdemux_correlation_res.csv:md5,fd2c1ab13a371736d4ce2210fdbbb49a",
                "test2_multiseq_vs_gmmdemux_donor_match.csv:md5,3dd18b42dded6bc972f54f877b62d744",
                "test2_multiseq_vs_htodemux_correlation_res.csv:md5,fd2c1ab13a371736d4ce2210fdbbb49a",
                "test2_multiseq_vs_htodemux_donor_match.csv:md5,3dd18b42dded6bc972f54f877b62d744",
                "test3_bff_raw_vs_bff_consensuscall_correlation_res.csv:md5,fd2c1ab13a371736d4ce2210fdbbb49a",
                "test3_bff_raw_vs_bff_consensuscall_donor_match.csv:md5,3dd18b42dded6bc972f54f877b62d744",
                "test3_demuxem_vs_bff_consensuscall_correlation_res.csv:md5,fd2c1ab13a371736d4ce2210fdbbb49a",
                "test3_demuxem_vs_bff_consensuscall_donor_match.csv:md5,3dd18b42dded6bc972f54f877b62d744",
                "test3_demuxem_vs_bff_raw_correlation_res.csv:md5,fd2c1ab13a371736d4ce2210fdbbb49a",
                "test3_demuxem_vs_bff_raw_donor_match.csv:md5,3dd18b42dded6bc972f54f877b62d744",
                "test3_demuxem_vs_gmmdemux_correlation_res.csv:md5,fd2c1ab13a371736d4ce2210fdbbb49a",
                "test3_demuxem_vs_gmmdemux_donor_match.csv:md5,3dd18b42dded6bc972f54f877b62d744",
                "test3_demuxem_vs_hasheddrops_correlation_res.csv:md5,fd2c1ab13a371736d4ce2210fdbbb49a",
                "test3_demuxem_vs_hasheddrops_donor_match.csv:md5,3dd18b42dded6bc972f54f877b62d744",
                "test3_demuxem_vs_hashsolo_correlation_res.csv:md5,fd2c1ab13a371736d4ce2210fdbbb49a",
                "test3_demuxem_vs_hashsolo_donor_match.csv:md5,3dd18b42dded6bc972f54f877b62d744",
                "test3_demuxem_vs_htodemux_correlation_res.csv:md5,fd2c1ab13a371736d4ce2210fdbbb49a",
                "test3_demuxem_vs_htodemux_donor_match.csv:md5,3dd18b42dded6bc972f54f877b62d744",
                "test3_demuxem_vs_multiseq_correlation_res.csv:md5,fd2c1ab13a371736d4ce2210fdbbb49a",
                "test3_demuxem_vs_multiseq_donor_match.csv:md5,3dd18b42dded6bc972f54f877b62d744",
                "test3_gmmdemux_vs_bff_consensuscall_correlation_res.csv:md5,fd2c1ab13a371736d4ce2210fdbbb49a",
                "test3_gmmdemux_vs_bff_consensuscall_donor_match.csv:md5,3dd18b42dded6bc972f54f877b62d744",
                "test3_gmmdemux_vs_bff_raw_correlation_res.csv:md5,fd2c1ab13a371736d4ce2210fdbbb49a",
                "test3_gmmdemux_vs_bff_raw_donor_match.csv:md5,3dd18b42dded6bc972f54f877b62d744",
                "test3_hasheddrops_vs_bff_consensuscall_correlation_res.csv:md5,fd2c1ab13a371736d4ce2210fdbbb49a",
                "test3_hasheddrops_vs_bff_consensuscall_donor_match.csv:md5,3dd18b42dded6bc972f54f877b62d744",
                "test3_hasheddrops_vs_bff_raw_correlation_res.csv:md5,fd2c1ab13a371736d4ce2210fdbbb49a",
                "test3_hasheddrops_vs_bff_raw_donor_match.csv:md5,3dd18b42dded6bc972f54f877b62d744",
                "test3_hasheddrops_vs_gmmdemux_correlation_res.csv:md5,fd2c1ab13a371736d4ce2210fdbbb49a",
                "test3_hasheddrops_vs_gmmdemux_donor_match.csv:md5,3dd18b42dded6bc972f54f877b62d744",
                "test3_hasheddrops_vs_htodemux_correlation_res.csv:md5,fd2c1ab13a371736d4ce2210fdbbb49a",
                "test3_hasheddrops_vs_htodemux_donor_match.csv:md5,3dd18b42dded6bc972f54f877b62d744",
                "test3_hasheddrops_vs_multiseq_correlation_res.csv:md5,fd2c1ab13a371736d4ce2210fdbbb49a",
                "test3_hasheddrops_vs_multiseq_donor_match.csv:md5,3dd18b42dded6bc972f54f877b62d744",
                "test3_hashsolo_vs_bff_consensuscall_correlation_res.csv:md5,fd2c1ab13a371736d4ce2210fdbbb49a",
                "test3_hashsolo_vs_bff_consensuscall_donor_match.csv:md5,3dd18b42dded6bc972f54f877b62d744",
                "test3_hashsolo_vs_bff_raw_correlation_res.csv:md5,fd2c1ab13a371736d4ce2210fdbbb49a",
                "test3_hashsolo_vs_bff_raw_donor_match.csv:md5,3dd18b42dded6bc972f54f877b62d744",
                "test3_hashsolo_vs_gmmdemux_correlation_res.csv:md5,fd2c1ab13a371736d4ce2210fdbbb49a",
                "test3_hashsolo_vs_gmmdemux_donor_match.csv:md5,3dd18b42dded6bc972f54f877b62d744",
                "test3_hashsolo_vs_hasheddrops_correlation_res.csv:md5,fd2c1ab13a371736d4ce2210fdbbb49a",
                "test3_hashsolo_vs_hasheddrops_donor_match.csv:md5,3dd18b42dded6bc972f54f877b62d744",
                "test3_hashsolo_vs_htodemux_correlation_res.csv:md5,fd2c1ab13a371736d4ce2210fdbbb49a",
                "test3_hashsolo_vs_htodemux_donor_match.csv:md5,3dd18b42dded6bc972f54f877b62d744",
                "test3_hashsolo_vs_multiseq_correlation_res.csv:md5,fd2c1ab13a371736d4ce2210fdbbb49a",
                "test3_hashsolo_vs_multiseq_donor_match.csv:md5,3dd18b42dded6bc972f54f877b62d744",
                "test3_htodemux_vs_bff_consensuscall_correlation_res.csv:md5,fd2c1ab13a371736d4ce2210fdbbb49a",
                "test3_htodemux_vs_bff_consensuscall_donor_match.csv:md5,3dd18b42dded6bc972f54f877b62d744",
                "test3_htodemux_vs_bff_raw_correlation_res.csv:md5,fd2c1ab13a371736d4ce2210fdbbb49a",
                "test3_htodemux_vs_bff_raw_donor_match.csv:md5,3dd18b42dded6bc972f54f877b62d744",
                "test3_htodemux_vs_gmmdemux_correlation_res.csv:md5,fd2c1ab13a371736d4ce2210fdbbb49a",
                "test3_htodemux_vs_gmmdemux_donor_match.csv:md5,3dd18b42dded6bc972f54f877b62d744",
                "test3_multiseq_vs_bff_consensuscall_correlation_res.csv:md5,fd2c1ab13a371736d4ce2210fdbbb49a",
                "test3_multiseq_vs_bff_consensuscall_donor_match.csv:md5,3dd18b42dded6bc972f54f877b62d744",
                "test3_multiseq_vs_bff_raw_correlation_res.csv:md5,fd2c1ab13a371736d4ce2210fdbbb49a",
                "test3_multiseq_vs_bff_raw_donor_match.csv:md5,3dd18b42dded6bc972f54f877b62d744",
                "test3_multiseq_vs_gmmdemux_correlation_res.csv:md5,fd2c1ab13a371736d4ce2210fdbbb49a",
                "test3_multiseq_vs_gmmdemux_donor_match.csv:md5,3dd18b42dded6bc972f54f877b62d744",
                "test3_multiseq_vs_htodemux_correlation_res.csv:md5,fd2c1ab13a371736d4ce2210fdbbb49a",
                "test3_multiseq_vs_htodemux_donor_match.csv:md5,3dd18b42dded6bc972f54f877b62d744",
                "test1_assignment_bff.csv:md5,a62d56a7a5b9b59765d2ae759773aca2",
                "test1_metrics_bff.csv:md5,1d7751cf035c9e736e4de5504ff87a6a",
                "test1_params_bff.csv:md5,dbb83e4e50779916ff4e368b2d05fe91",
                "test2_assignment_bff.csv:md5,a62d56a7a5b9b59765d2ae759773aca2",
                "test2_metrics_bff.csv:md5,1d7751cf035c9e736e4de5504ff87a6a",
                "test2_params_bff.csv:md5,08758e268b309e4f3288069e3eab358a",
                "test3_assignment_bff.csv:md5,a62d56a7a5b9b59765d2ae759773aca2",
                "test3_metrics_bff.csv:md5,1d7751cf035c9e736e4de5504ff87a6a",
                "test3_params_bff.csv:md5,882b80fd11a10a375e0abd5ae29f74b0",
                "GMM_full.config:md5,0a18f3d5729c4b6399ce4161609362b6",
                "barcodes.tsv.gz:md5,77a6cfcbb9cee3611b37d6309a8acaf7",
                "features.tsv.gz:md5,441a968b2c7ee68eae8388b04bee328d",
                "matrix.mtx.gz:md5,6f855b8bf68573d2e09139c29f9a2d41",
                "GMM_full.config:md5,0a18f3d5729c4b6399ce4161609362b6",
                "barcodes.tsv.gz:md5,77a6cfcbb9cee3611b37d6309a8acaf7",
                "features.tsv.gz:md5,441a968b2c7ee68eae8388b04bee328d",
                "matrix.mtx.gz:md5,6f855b8bf68573d2e09139c29f9a2d41",
                "GMM_full.config:md5,0a18f3d5729c4b6399ce4161609362b6",
                "barcodes.tsv.gz:md5,77a6cfcbb9cee3611b37d6309a8acaf7",
                "features.tsv.gz:md5,441a968b2c7ee68eae8388b04bee328d",
                "matrix.mtx.gz:md5,6f855b8bf68573d2e09139c29f9a2d41",
                "test1_emptyDrops.csv:md5,a227d42afbcc590b4e949075cde4a5b6",
                "test1_emptyDrops.rds:md5,bda2e88b1e3e8c8ea5a22e19e3ab243d",
                "test1_hasheddrops.rds:md5,53424c915d3926e46180be1408d28311",
                "test1_id_to_hash.csv:md5,e8f577103f3e0c17604f89c3bcda2ffb",
                "test1_params_hasheddrops.csv:md5,b253501914df23ef5901262e8a241a8d",
                "test1_results_hasheddrops.csv:md5,230bcd615d3ac3d7ae8eb37ebe67f016",
                "test2_emptyDrops.csv:md5,a227d42afbcc590b4e949075cde4a5b6",
                "test2_emptyDrops.rds:md5,bda2e88b1e3e8c8ea5a22e19e3ab243d",
                "test2_hasheddrops.rds:md5,53424c915d3926e46180be1408d28311",
                "test2_id_to_hash.csv:md5,e8f577103f3e0c17604f89c3bcda2ffb",
                "test2_params_hasheddrops.csv:md5,3612264937e5c5962fefddc43afb595f",
                "test2_results_hasheddrops.csv:md5,230bcd615d3ac3d7ae8eb37ebe67f016",
                "test3_emptyDrops.csv:md5,a227d42afbcc590b4e949075cde4a5b6",
                "test3_emptyDrops.rds:md5,bda2e88b1e3e8c8ea5a22e19e3ab243d",
                "test3_hasheddrops.rds:md5,53424c915d3926e46180be1408d28311",
                "test3_id_to_hash.csv:md5,e8f577103f3e0c17604f89c3bcda2ffb",
                "test3_params_hasheddrops.csv:md5,b15e94f887e3ada8f790ea18eb791d8b",
                "test3_results_hasheddrops.csv:md5,230bcd615d3ac3d7ae8eb37ebe67f016",
                "test1_assignment_hashsolo.csv:md5,7763ee9e2ef20c353ab386f55f805b33",
                "test1_hashsolo.h5ad:md5,41ba3e91669bb4d52a7eb214186d36ea",
                "test1_params_hashsolo.csv:md5,e39b2354a531ff7c65a0d3d0ad500a81",
                "test2_assignment_hashsolo.csv:md5,7763ee9e2ef20c353ab386f55f805b33",
                "test2_hashsolo.h5ad:md5,41ba3e91669bb4d52a7eb214186d36ea",
                "test2_params_hashsolo.csv:md5,581ecdaff2557e6402ae2acf90d4167f",
                "test3_assignment_hashsolo.csv:md5,7763ee9e2ef20c353ab386f55f805b33",
                "test3_hashsolo.h5ad:md5,41ba3e91669bb4d52a7eb214186d36ea",
                "test3_params_hashsolo.csv:md5,4eac179a88b560899622d0de4cd5b079",
                "test1_assignment_htodemux.csv:md5,7217cd9d30a3c6f7f69e8b4f8aaa679d",
                "test1_classification_htodemux.csv:md5,e5b0d2af4de9bdc6682c120a78e53aa0",
                "test1_params_htodemux.csv:md5,08b6c065b0c383e6be3c20787ec01d3e",
                "test1_visual_params_htodemux.csv:md5,0a175b9868be2b4447867ab38705c11d",
                "test2_assignment_htodemux.csv:md5,7217cd9d30a3c6f7f69e8b4f8aaa679d",
                "test2_classification_htodemux.csv:md5,e5b0d2af4de9bdc6682c120a78e53aa0",
                "test2_params_htodemux.csv:md5,484909d87cacd9c2b9cf60a3c853a5fd",
                "test2_visual_params_htodemux.csv:md5,062e94620e3207810ddf2c65bf0d2914",
                "test3_assignment_htodemux.csv:md5,7217cd9d30a3c6f7f69e8b4f8aaa679d",
                "test3_classification_htodemux.csv:md5,e5b0d2af4de9bdc6682c120a78e53aa0",
                "test3_params_htodemux.csv:md5,a0a3f900a632eea39057b038438a89b9",
                "test3_visual_params_htodemux.csv:md5,b6f8f5593aeb86d846292f2f23fc518d",
                "test1_params_multiseqdemux.csv:md5,60a096f79d78655870aef2af9130cf9d",
                "test1_res_multiseqdemux.csv:md5,1173b7b90f66f0eb41d516a119ba52ee",
                "test2_params_multiseqdemux.csv:md5,bb7b4009e6f709ebf35407b7849bfac3",
                "test2_res_multiseqdemux.csv:md5,1173b7b90f66f0eb41d516a119ba52ee",
                "test3_params_multiseqdemux.csv:md5,336308c45e52f92981173ecc7f295581",
                "test3_res_multiseqdemux.csv:md5,1173b7b90f66f0eb41d516a119ba52ee",
                "test1_hashing_overview_assignment.csv:md5,6fc8d4eed208650b52e9c5f426d995a1",
                "test1_hashing_overview_classification.csv:md5,85f544d3dbf9377ca25af4f0720d9e9f",
                "test1_hashing_summary_assignment.csv:md5,31a5bd36901a64e5908a38714b19f622",
                "test1_hashing_summary_classification.csv:md5,c929da1c41e0adc0f3e120f27db00fb6",
                "test2_hashing_overview_assignment.csv:md5,6fc8d4eed208650b52e9c5f426d995a1",
                "test2_hashing_overview_classification.csv:md5,85f544d3dbf9377ca25af4f0720d9e9f",
                "test2_hashing_summary_assignment.csv:md5,31a5bd36901a64e5908a38714b19f622",
                "test2_hashing_summary_classification.csv:md5,c929da1c41e0adc0f3e120f27db00fb6",
                "test3_hashing_overview_assignment.csv:md5,6fc8d4eed208650b52e9c5f426d995a1",
                "test3_hashing_overview_classification.csv:md5,85f544d3dbf9377ca25af4f0720d9e9f",
                "test3_hashing_summary_assignment.csv:md5,31a5bd36901a64e5908a38714b19f622",
                "test3_hashing_summary_classification.csv:md5,c929da1c41e0adc0f3e120f27db00fb6",
                "multiqc_citations.txt:md5,4c806e63a283ec1b7e78cdae3a923d4f",
                "test1_genetic.h5ad:md5,7f6429d2110a385c95ffe03d325ebcfd",
                "test1_genetic_and_hashing.h5mu:md5,7085e41a05542950f90658a65417f002",
                "test1_hashing.h5ad:md5,bca9eaccdeb92a5804a72889c67cddb3",
                "test2_genetic.h5ad:md5,7f6429d2110a385c95ffe03d325ebcfd",
                "test2_genetic_and_hashing.h5mu:md5,7085e41a05542950f90658a65417f002",
                "test2_hashing.h5ad:md5,bca9eaccdeb92a5804a72889c67cddb3",
                "test3_genetic.h5ad:md5,7f6429d2110a385c95ffe03d325ebcfd",
                "test3_genetic_and_hashing.h5mu:md5,7085e41a05542950f90658a65417f002",
                "test3_hashing.h5ad:md5,bca9eaccdeb92a5804a72889c67cddb3"
            ],
            "No VCF files"
        ],
        "timestamp": "2026-06-25T14:03:38.851764",
        "meta": {
            "nf-test": "0.9.5",
            "nextflow": "26.04.3"
        }
    }
}