{
    "-profile test_donor_match": {
        "content": [
            null,
            [
                "pipeline_info"
            ],
            [
                
            ],
            "No VCF files"
        ],
        "timestamp": "2026-04-23T10:17:11.275787198",
        "meta": {
            "nf-test": "0.9.4",
            "nextflow": "25.10.4"
        }
    }
}